Archive member included to satisfy reference by file (symbol)

../Middlewares/ST/AI/Lib/NetworkRuntime810_CM4_GCC.a(ai_platform.o)
                              ./X-CUBE-AI/App/network.o (ai_buffer_array_item_set_address)
../Middlewares/ST/AI/Lib/NetworkRuntime810_CM4_GCC.a(ai_platform_interface.o)
                              ./X-CUBE-AI/App/network.o (ai_platform_get_weights_map)
../Middlewares/ST/AI/Lib/NetworkRuntime810_CM4_GCC.a(core_common.o)
                              ../Middlewares/ST/AI/Lib/NetworkRuntime810_CM4_GCC.a(ai_platform_interface.o) (core_init)
../Middlewares/ST/AI/Lib/NetworkRuntime810_CM4_GCC.a(core_mem_manager.o)
                              ../Middlewares/ST/AI/Lib/NetworkRuntime810_CM4_GCC.a(ai_platform_interface.o) (core_mem_alloc)
../Middlewares/ST/AI/Lib/NetworkRuntime810_CM4_GCC.a(layers.o)
                              ../Middlewares/ST/AI/Lib/NetworkRuntime810_CM4_GCC.a(ai_platform_interface.o) (ai_check_custom_types)
../Middlewares/ST/AI/Lib/NetworkRuntime810_CM4_GCC.a(layers_conv2d_generic_float.o)
                              ./X-CUBE-AI/App/network.o (forward_dense)
../Middlewares/ST/AI/Lib/NetworkRuntime810_CM4_GCC.a(layers_conv2d_stm32_integer.o)
                              ../Middlewares/ST/AI/Lib/NetworkRuntime810_CM4_GCC.a(layers.o) (get_conv2d_scratch_size)
../Middlewares/ST/AI/Lib/NetworkRuntime810_CM4_GCC.a(layers_nl_generic_float.o)
                              ./X-CUBE-AI/App/network.o (nl_func_sigmoid_array_f32)
../Middlewares/ST/AI/Lib/NetworkRuntime810_CM4_GCC.a(layers_rnn_generic_float.o)
                              ./X-CUBE-AI/App/network.o (forward_lstm)
../Middlewares/ST/AI/Lib/NetworkRuntime810_CM4_GCC.a(forward_lite_conv2d_if32of32wf32.o)
                              ../Middlewares/ST/AI/Lib/NetworkRuntime810_CM4_GCC.a(layers_conv2d_generic_float.o) (forward_lite_conv2d_if32of32wf32)
../Middlewares/ST/AI/Lib/NetworkRuntime810_CM4_GCC.a(lite_dense_if32.o)
                              ../Middlewares/ST/AI/Lib/NetworkRuntime810_CM4_GCC.a(layers_conv2d_generic_float.o) (forward_lite_dense_if32of32wf32)
../Middlewares/ST/AI/Lib/NetworkRuntime810_CM4_GCC.a(st_convolve_reference.o)
                              ../Middlewares/ST/AI/Lib/NetworkRuntime810_CM4_GCC.a(layers_conv2d_stm32_integer.o) (align_factor)
../Middlewares/ST/AI/Lib/NetworkRuntime810_CM4_GCC.a(st_sssa8_ch_convolve.o)
                              ../Middlewares/ST/AI/Lib/NetworkRuntime810_CM4_GCC.a(layers_conv2d_stm32_integer.o) (st_sssa8_ch_convolve_rank1upd)
../Middlewares/ST/AI/Lib/NetworkRuntime810_CM4_GCC.a(st_sssa8_convolve.o)
                              ../Middlewares/ST/AI/Lib/NetworkRuntime810_CM4_GCC.a(layers_conv2d_stm32_integer.o) (st_sssa8_convolve_rank1upd)
../Middlewares/ST/AI/Lib/NetworkRuntime810_CM4_GCC.a(st_sssa8_convolve_1x1.o)
                              ../Middlewares/ST/AI/Lib/NetworkRuntime810_CM4_GCC.a(layers_conv2d_stm32_integer.o) (st_sssa8_convolve_1x1_WeightsPrefetch)
../Middlewares/ST/AI/Lib/NetworkRuntime810_CM4_GCC.a(st_sssa8_convolve_dw.o)
                              ../Middlewares/ST/AI/Lib/NetworkRuntime810_CM4_GCC.a(layers_conv2d_stm32_integer.o) (st_sssa8_conv_dw_Wadapt)
../Middlewares/ST/AI/Lib/NetworkRuntime810_CM4_GCC.a(st_sssa8_convolve_rgb.o)
                              ../Middlewares/ST/AI/Lib/NetworkRuntime810_CM4_GCC.a(layers_conv2d_stm32_integer.o) (st_sssa8_convolve_rgb)
../Middlewares/ST/AI/Lib/NetworkRuntime810_CM4_GCC.a(st_ssua8_ch_convolve.o)
                              ../Middlewares/ST/AI/Lib/NetworkRuntime810_CM4_GCC.a(layers_conv2d_stm32_integer.o) (st_ssua8_ch_convolve_rank1upd)
../Middlewares/ST/AI/Lib/NetworkRuntime810_CM4_GCC.a(st_ssua8_ch_convolve_1x1.o)
                              ../Middlewares/ST/AI/Lib/NetworkRuntime810_CM4_GCC.a(layers_conv2d_stm32_integer.o) (st_ssua8_ch_convolve_1x1)
../Middlewares/ST/AI/Lib/NetworkRuntime810_CM4_GCC.a(st_ssua8_ch_convolve_dw.o)
                              ../Middlewares/ST/AI/Lib/NetworkRuntime810_CM4_GCC.a(layers_conv2d_stm32_integer.o) (st_ssua8_ch_conv_dw_Wadapt)
../Middlewares/ST/AI/Lib/NetworkRuntime810_CM4_GCC.a(st_ssua8_ch_convolve_rgb.o)
                              ../Middlewares/ST/AI/Lib/NetworkRuntime810_CM4_GCC.a(layers_conv2d_stm32_integer.o) (st_ssua8_ch_convolve_rgb)
../Middlewares/ST/AI/Lib/NetworkRuntime810_CM4_GCC.a(st_ssua8_convolve.o)
                              ../Middlewares/ST/AI/Lib/NetworkRuntime810_CM4_GCC.a(layers_conv2d_stm32_integer.o) (st_ssua8_convolve_rank1upd)
../Middlewares/ST/AI/Lib/NetworkRuntime810_CM4_GCC.a(st_ssua8_convolve_1x1.o)
                              ../Middlewares/ST/AI/Lib/NetworkRuntime810_CM4_GCC.a(layers_conv2d_stm32_integer.o) (st_ssua8_convolve_1x1)
../Middlewares/ST/AI/Lib/NetworkRuntime810_CM4_GCC.a(st_ssua8_convolve_dw.o)
                              ../Middlewares/ST/AI/Lib/NetworkRuntime810_CM4_GCC.a(layers_conv2d_stm32_integer.o) (st_ssua8_conv_dw_Wadapt)
[...]
Memory Configuration

Name             Origin             Length             Attributes
CCMRAM           0x0000000010000000 0x0000000000001000 xrw
RAM              0x0000000020000000 0x0000000000003000 xrw
FLASH            0x0000000008000000 0x0000000000010000 xr
*default*        0x0000000000000000 0xffffffffffffffff

Linker script and memory map

LOAD /home/bernhard/st/stm32cubeide_1.14.0/plugins/com.st.stm32cube.ide.mcu.externaltools.gnu-tools-for-stm32.11.3.rel1.linux64_1.1.100.202309141235/tools/bin/../lib/gcc/arm-none-eabi/11.3.1/thumb/v7e-m+fp/hard/crti.o
LOAD /home/bernhard/st/stm32cubeide_1.14.0/plugins/com.st.stm32cube.ide.mcu.externaltools.gnu-tools-for-stm32.11.3.rel1.linux64_1.1.100.202309141235/tools/bin/../lib/gcc/arm-none-eabi/11.3.1/thumb/v7e-m+fp/hard/crtbegin.o
LOAD /home/bernhard/st/stm32cubeide_1.14.0/plugins/com.st.stm32cube.ide.mcu.externaltools.gnu-tools-for-stm32.11.3.rel1.linux64_1.1.100.202309141235/tools/bin/../lib/gcc/arm-none-eabi/11.3.1/../../../../arm-none-eabi/lib/thumb/v7e-m+fp/hard/crt0.o
LOAD ./Core/Src/main.o
LOAD ./Core/Src/stm32f3xx_hal_msp.o
LOAD ./Core/Src/stm32f3xx_it.o
LOAD ./Core/Src/syscalls.o
LOAD ./Core/Src/sysmem.o
LOAD ./Core/Src/system_stm32f3xx.o
LOAD ./Core/Startup/startup_stm32f334r8tx.o
LOAD ./Drivers/STM32F3xx_HAL_Driver/Src/stm32f3xx_hal.o
LOAD ./Drivers/STM32F3xx_HAL_Driver/Src/stm32f3xx_hal_cortex.o
LOAD ./Drivers/STM32F3xx_HAL_Driver/Src/stm32f3xx_hal_crc.o
LOAD ./Drivers/STM32F3xx_HAL_Driver/Src/stm32f3xx_hal_crc_ex.o
LOAD ./Drivers/STM32F3xx_HAL_Driver/Src/stm32f3xx_hal_dma.o
LOAD ./Drivers/STM32F3xx_HAL_Driver/Src/stm32f3xx_hal_exti.o
LOAD ./Drivers/STM32F3xx_HAL_Driver/Src/stm32f3xx_hal_flash.o
LOAD ./Drivers/STM32F3xx_HAL_Driver/Src/stm32f3xx_hal_flash_ex.o
LOAD ./Drivers/STM32F3xx_HAL_Driver/Src/stm32f3xx_hal_gpio.o
LOAD ./Drivers/STM32F3xx_HAL_Driver/Src/stm32f3xx_hal_i2c.o
LOAD ./Drivers/STM32F3xx_HAL_Driver/Src/stm32f3xx_hal_i2c_ex.o
LOAD ./Drivers/STM32F3xx_HAL_Driver/Src/stm32f3xx_hal_pwr.o
LOAD ./Drivers/STM32F3xx_HAL_Driver/Src/stm32f3xx_hal_pwr_ex.o
LOAD ./Drivers/STM32F3xx_HAL_Driver/Src/stm32f3xx_hal_rcc.o
LOAD ./Drivers/STM32F3xx_HAL_Driver/Src/stm32f3xx_hal_rcc_ex.o
LOAD ./Drivers/STM32F3xx_HAL_Driver/Src/stm32f3xx_hal_tim.o
LOAD ./Drivers/STM32F3xx_HAL_Driver/Src/stm32f3xx_hal_tim_ex.o
LOAD ./Drivers/STM32F3xx_HAL_Driver/Src/stm32f3xx_hal_uart.o
LOAD ./Drivers/STM32F3xx_HAL_Driver/Src/stm32f3xx_hal_uart_ex.o
LOAD ./X-CUBE-AI/App/network.o
LOAD ./X-CUBE-AI/App/network_data.o
LOAD ./X-CUBE-AI/App/network_data_params.o
LOAD ../Middlewares/ST/AI/Lib/NetworkRuntime810_CM4_GCC.a
START GROUP
LOAD /home/bernhard/st/stm32cubeide_1.14.0/plugins/com.st.stm32cube.ide.mcu.externaltools.gnu-tools-for-stm32.11.3.rel1.linux64_1.1.100.202309141235/tools/bin/../lib/gcc/arm-none-eabi/11.3.1/../../../../arm-none-eabi/lib/thumb/v7e-m+fp/hard/libc_nano.a
LOAD /home/bernhard/st/stm32cubeide_1.14.0/plugins/com.st.stm32cube.ide.mcu.externaltools.gnu-tools-for-stm32.11.3.rel1.linux64_1.1.100.202309141235/tools/bin/../lib/gcc/arm-none-eabi/11.3.1/../../../../arm-none-eabi/lib/thumb/v7e-m+fp/hard/libm.a
END GROUP
START GROUP
LOAD /home/bernhard/st/stm32cubeide_1.14.0/plugins/com.st.stm32cube.ide.mcu.externaltools.gnu-tools-for-stm32.11.3.rel1.linux64_1.1.100.202309141235/tools/bin/../lib/gcc/arm-none-eabi/11.3.1/thumb/v7e-m+fp/hard/libgcc.a
LOAD /home/bernhard/st/stm32cubeide_1.14.0/plugins/com.st.stm32cube.ide.mcu.externaltools.gnu-tools-for-stm32.11.3.rel1.linux64_1.1.100.202309141235/tools/bin/../lib/gcc/arm-none-eabi/11.3.1/../../../../arm-none-eabi/lib/thumb/v7e-m+fp/hard/libc_nano.a
END GROUP
START GROUP
LOAD /home/bernhard/st/stm32cubeide_1.14.0/plugins/com.st.stm32cube.ide.mcu.externaltools.gnu-tools-for-stm32.11.3.rel1.linux64_1.1.100.202309141235/tools/bin/../lib/gcc/arm-none-eabi/11.3.1/thumb/v7e-m+fp/hard/libgcc.a
LOAD /home/bernhard/st/stm32cubeide_1.14.0/plugins/com.st.stm32cube.ide.mcu.externaltools.gnu-tools-for-stm32.11.3.rel1.linux64_1.1.100.202309141235/tools/bin/../lib/gcc/arm-none-eabi/11.3.1/../../../../arm-none-eabi/lib/thumb/v7e-m+fp/hard/libc_nano.a
LOAD /home/bernhard/st/stm32cubeide_1.14.0/plugins/com.st.stm32cube.ide.mcu.externaltools.gnu-tools-for-stm32.11.3.rel1.linux64_1.1.100.202309141235/tools/bin/../lib/gcc/arm-none-eabi/11.3.1/../../../../arm-none-eabi/lib/thumb/v7e-m+fp/hard/libnosys.a
END GROUP
START GROUP
LOAD /home/bernhard/st/stm32cubeide_1.14.0/plugins/com.st.stm32cube.ide.mcu.externaltools.gnu-tools-for-stm32.11.3.rel1.linux64_1.1.100.202309141235/tools/bin/../lib/gcc/arm-none-eabi/11.3.1/thumb/v7e-m+fp/hard/libgcc.a
LOAD /home/bernhard/st/stm32cubeide_1.14.0/plugins/com.st.stm32cube.ide.mcu.externaltools.gnu-tools-for-stm32.11.3.rel1.linux64_1.1.100.202309141235/tools/bin/../lib/gcc/arm-none-eabi/11.3.1/../../../../arm-none-eabi/lib/thumb/v7e-m+fp/hard/libc_nano.a
LOAD /home/bernhard/st/stm32cubeide_1.14.0/plugins/com.st.stm32cube.ide.mcu.externaltools.gnu-tools-for-stm32.11.3.rel1.linux64_1.1.100.202309141235/tools/bin/../lib/gcc/arm-none-eabi/11.3.1/../../../../arm-none-eabi/lib/thumb/v7e-m+fp/hard/libnosys.a
END GROUP
LOAD /home/bernhard/st/stm32cubeide_1.14.0/plugins/com.st.stm32cube.ide.mcu.externaltools.gnu-tools-for-stm32.11.3.rel1.linux64_1.1.100.202309141235/tools/bin/../lib/gcc/arm-none-eabi/11.3.1/thumb/v7e-m+fp/hard/crtend.o
LOAD /home/bernhard/st/stm32cubeide_1.14.0/plugins/com.st.stm32cube.ide.mcu.externaltools.gnu-tools-for-stm32.11.3.rel1.linux64_1.1.100.202309141235/tools/bin/../lib/gcc/arm-none-eabi/11.3.1/thumb/v7e-m+fp/hard/crtn.o
                0x0000000020003000                _estack = (ORIGIN (RAM) + LENGTH (RAM))
                0x0000000000000800                _Min_Heap_Size = 0x800
                0x0000000000000800                _Min_Stack_Size = 0x800

.isr_vector     0x0000000008000000      0x188
                0x0000000008000000                . = ALIGN (0x4)
 *(.isr_vector)
 .isr_vector    0x0000000008000000      0x188 ./Core/Startup/startup_stm32f334r8tx.o
                0x0000000008000000                g_pfnVectors
                0x0000000008000188                . = ALIGN (0x4)

.text           0x0000000008000190     0x79ac
                0x0000000008000190                . = ALIGN (0x4)
 *(.text)
 .text          0x0000000008000190       0x40 /home/bernhard/st/stm32cubeide_1.14.0/plugins/com.st.stm32cube.ide.mcu.externaltools.gnu-tools-for-stm32.11.3.rel1.linux64_1.1.100.202309141235/tools/bin/../lib/gcc/arm-none-eabi/11.3.1/thumb/v7e-m+fp/hard/crtbegin.o
 .text          0x00000000080001d0       0xa0 /home/bernhard/st/stm32cubeide_1.14.0/plugins/com.st.stm32cube.ide.mcu.externaltools.gnu-tools-for-stm32.11.3.rel1.linux64_1.1.100.202309141235/tools/bin/../lib/gcc/arm-none-eabi/11.3.1/../../../../arm-none-eabi/lib/thumb/v7e-m+fp/hard/libc_nano.a(libc_a-memchr.o)
                0x00000000080001d0                memchr
 *(.text*)
 .text.get_input
                0x0000000008000270       0x3c ./Core/Src/main.o
                0x0000000008000270                get_input
 .text.ai_log_error
                0x00000000080002ac       0x28 ./Core/Src/main.o
                0x00000000080002ac                ai_log_error
 .text.ai_init  0x00000000080002d4       0x6c ./Core/Src/main.o
                0x00000000080002d4                ai_init
 .text.ai_run   0x0000000008000340       0x64 ./Core/Src/main.o
                0x0000000008000340                ai_run
 .text.main     0x00000000080003a4       0x34 ./Core/Src/main.o
                0x00000000080003a4                main
 .text.SystemClock_Config
                0x00000000080003d8       0x82 ./Core/Src/main.o
                0x00000000080003d8                SystemClock_Config
 *fill*         0x000000000800045a        0x2 
 .text.MX_CRC_Init
                0x000000000800045c       0x44 ./Core/Src/main.o
 .text.MX_USART2_UART_Init
                0x00000000080004a0       0x60 ./Core/Src/main.o
 .text.MX_GPIO_Init
                0x0000000008000500       0xcc ./Core/Src/main.o
 .text.Error_Handler
                0x00000000080005cc        0xa ./Core/Src/main.o
                0x00000000080005cc                Error_Handler
 *fill*         0x00000000080005d6        0x2 
 .text.HAL_MspInit
                0x00000000080005d8       0x48 ./Core/Src/stm32f3xx_hal_msp.o
                0x00000000080005d8                HAL_MspInit
 .text.HAL_CRC_MspInit
                0x0000000008000620       0x40 ./Core/Src/stm32f3xx_hal_msp.o
                0x0000000008000620                HAL_CRC_MspInit
 .text.HAL_UART_MspInit
                0x0000000008000660       0x84 ./Core/Src/stm32f3xx_hal_msp.o
                0x0000000008000660                HAL_UART_MspInit
 .text.NMI_Handler
                0x00000000080006e4        0x6 ./Core/Src/stm32f3xx_it.o
                0x00000000080006e4                NMI_Handler
 .text.HardFault_Handler
                0x00000000080006ea        0x6 ./Core/Src/stm32f3xx_it.o
                0x00000000080006ea                HardFault_Handler
 .text.MemManage_Handler
                0x00000000080006f0        0x6 ./Core/Src/stm32f3xx_it.o
                0x00000000080006f0                MemManage_Handler
 .text.BusFault_Handler
                0x00000000080006f6        0x6 ./Core/Src/stm32f3xx_it.o
                0x00000000080006f6                BusFault_Handler
 .text.UsageFault_Handler
                0x00000000080006fc        0x6 ./Core/Src/stm32f3xx_it.o
                0x00000000080006fc                UsageFault_Handler
 .text.SVC_Handler
                0x0000000008000702        0xe ./Core/Src/stm32f3xx_it.o
                0x0000000008000702                SVC_Handler
 .text.DebugMon_Handler
                0x0000000008000710        0xe ./Core/Src/stm32f3xx_it.o
                0x0000000008000710                DebugMon_Handler
 .text.PendSV_Handler
                0x000000000800071e        0xe ./Core/Src/stm32f3xx_it.o
                0x000000000800071e                PendSV_Handler
 .text.SysTick_Handler
                0x000000000800072c        0xc ./Core/Src/stm32f3xx_it.o
                0x000000000800072c                SysTick_Handler
 .text._read    0x0000000008000738       0x3a ./Core/Src/syscalls.o
                0x0000000008000738                _read
 .text._write   0x0000000008000772       0x38 ./Core/Src/syscalls.o
                0x0000000008000772                _write
 .text._close   0x00000000080007aa       0x18 ./Core/Src/syscalls.o
                0x00000000080007aa                _close
 .text._fstat   0x00000000080007c2       0x20 ./Core/Src/syscalls.o
                0x00000000080007c2                _fstat
 .text._isatty  0x00000000080007e2       0x16 ./Core/Src/syscalls.o
                0x00000000080007e2                _isatty
 .text._lseek   0x00000000080007f8       0x1a ./Core/Src/syscalls.o
                0x00000000080007f8                _lseek
 *fill*         0x0000000008000812        0x2 
 .text._sbrk    0x0000000008000814       0x6c ./Core/Src/sysmem.o
                0x0000000008000814                _sbrk
 .text.SystemInit
                0x0000000008000880       0x24 ./Core/Src/system_stm32f3xx.o
                0x0000000008000880                SystemInit
 .text.Reset_Handler
                0x00000000080008a4       0x50 ./Core/Startup/startup_stm32f334r8tx.o
                0x00000000080008a4                Reset_Handler
 .text.Default_Handler
                0x00000000080008f4        0x2 ./Core/Startup/startup_stm32f334r8tx.o
                0x00000000080008f4                RTC_Alarm_IRQHandler
                0x00000000080008f4                HRTIM1_Master_IRQHandler
                0x00000000080008f4                TIM1_CC_IRQHandler
                0x00000000080008f4                HRTIM1_FLT_IRQHandler
                0x00000000080008f4                PVD_IRQHandler
                0x00000000080008f4                HRTIM1_TIMD_IRQHandler
                0x00000000080008f4                TAMP_STAMP_IRQHandler
                0x00000000080008f4                EXTI3_IRQHandler
                0x00000000080008f4                EXTI0_IRQHandler
                0x00000000080008f4                FPU_IRQHandler
                0x00000000080008f4                CAN_TX_IRQHandler
                0x00000000080008f4                TIM1_UP_TIM16_IRQHandler
                0x00000000080008f4                ADC1_2_IRQHandler
                0x00000000080008f4                HRTIM1_TIME_IRQHandler
                0x00000000080008f4                SPI1_IRQHandler
                0x00000000080008f4                CAN_SCE_IRQHandler
                0x00000000080008f4                HRTIM1_TIMC_IRQHandler
                0x00000000080008f4                DMA1_Channel4_IRQHandler
                0x00000000080008f4                USART3_IRQHandler
                0x00000000080008f4                DMA1_Channel7_IRQHandler
                0x00000000080008f4                TIM7_DAC2_IRQHandler
                0x00000000080008f4                CAN_RX1_IRQHandler
                0x00000000080008f4                I2C1_EV_IRQHandler
                0x00000000080008f4                DMA1_Channel6_IRQHandler
                0x00000000080008f4                TIM3_IRQHandler
                0x00000000080008f4                RCC_IRQHandler
                0x00000000080008f4                DMA1_Channel1_IRQHandler
                0x00000000080008f4                Default_Handler
                0x00000000080008f4                EXTI15_10_IRQHandler
                0x00000000080008f4                COMP2_IRQHandler
                0x00000000080008f4                HRTIM1_TIMA_IRQHandler
                0x00000000080008f4                TIM6_DAC1_IRQHandler
                0x00000000080008f4                EXTI9_5_IRQHandler
                0x00000000080008f4                RTC_WKUP_IRQHandler
                0x00000000080008f4                DMA1_Channel5_IRQHandler
                0x00000000080008f4                EXTI4_IRQHandler
                0x00000000080008f4                HRTIM1_TIMB_IRQHandler
                0x00000000080008f4                TIM1_TRG_COM_TIM17_IRQHandler
                0x00000000080008f4                DMA1_Channel3_IRQHandler
                0x00000000080008f4                WWDG_IRQHandler
                0x00000000080008f4                TIM2_IRQHandler
                0x00000000080008f4                EXTI1_IRQHandler
                0x00000000080008f4                COMP4_6_IRQHandler
                0x00000000080008f4                USART2_IRQHandler
                0x00000000080008f4                DMA1_Channel2_IRQHandler
                0x00000000080008f4                FLASH_IRQHandler
                0x00000000080008f4                USART1_IRQHandler
                0x00000000080008f4                CAN_RX0_IRQHandler
                0x00000000080008f4                I2C1_ER_IRQHandler
                0x00000000080008f4                EXTI2_TSC_IRQHandler
                0x00000000080008f4                TIM1_BRK_TIM15_IRQHandler
 *fill*         0x00000000080008f6        0x2 
 .text.HAL_Init
                0x00000000080008f8       0x2c ./Drivers/STM32F3xx_HAL_Driver/Src/stm32f3xx_hal.o
                0x00000000080008f8                HAL_Init
 .text.HAL_InitTick
                0x0000000008000924       0x60 ./Drivers/STM32F3xx_HAL_Driver/Src/stm32f3xx_hal.o
                0x0000000008000924                HAL_InitTick
 .text.HAL_IncTick
                0x0000000008000984       0x28 ./Drivers/STM32F3xx_HAL_Driver/Src/stm32f3xx_hal.o
                0x0000000008000984                HAL_IncTick
 .text.HAL_GetTick
                0x00000000080009ac       0x18 ./Drivers/STM32F3xx_HAL_Driver/Src/stm32f3xx_hal.o
                0x00000000080009ac                HAL_GetTick
 .text.__NVIC_SetPriorityGrouping
                0x00000000080009c4       0x48 ./Drivers/STM32F3xx_HAL_Driver/Src/stm32f3xx_hal_cortex.o
 .text.__NVIC_GetPriorityGrouping
                0x0000000008000a0c       0x1c ./Drivers/STM32F3xx_HAL_Driver/Src/stm32f3xx_hal_cortex.o
 .text.__NVIC_SetPriority
                0x0000000008000a28       0x54 ./Drivers/STM32F3xx_HAL_Driver/Src/stm32f3xx_hal_cortex.o
 .text.NVIC_EncodePriority
                0x0000000008000a7c       0x66 ./Drivers/STM32F3xx_HAL_Driver/Src/stm32f3xx_hal_cortex.o
 *fill*         0x0000000008000ae2        0x2 
 .text.SysTick_Config
                0x0000000008000ae4       0x44 ./Drivers/STM32F3xx_HAL_Driver/Src/stm32f3xx_hal_cortex.o
 .text.HAL_NVIC_SetPriorityGrouping
                0x0000000008000b28       0x16 ./Drivers/STM32F3xx_HAL_Driver/Src/stm32f3xx_hal_cortex.o
                0x0000000008000b28                HAL_NVIC_SetPriorityGrouping
 .text.HAL_NVIC_SetPriority
                0x0000000008000b3e       0x38 ./Drivers/STM32F3xx_HAL_Driver/Src/stm32f3xx_hal_cortex.o
                0x0000000008000b3e                HAL_NVIC_SetPriority
 .text.HAL_SYSTICK_Config
                0x0000000008000b76       0x18 ./Drivers/STM32F3xx_HAL_Driver/Src/stm32f3xx_hal_cortex.o
                0x0000000008000b76                HAL_SYSTICK_Config
 *fill*         0x0000000008000b8e        0x2 
 .text.HAL_CRC_Init
                0x0000000008000b90       0xc8 ./Drivers/STM32F3xx_HAL_Driver/Src/stm32f3xx_hal_crc.o
                0x0000000008000b90                HAL_CRC_Init
 .text.HAL_CRCEx_Polynomial_Set
                0x0000000008000c58      0x11c ./Drivers/STM32F3xx_HAL_Driver/Src/stm32f3xx_hal_crc_ex.o
                0x0000000008000c58                HAL_CRCEx_Polynomial_Set
 .text.HAL_GPIO_Init
                0x0000000008000d74      0x2e4 ./Drivers/STM32F3xx_HAL_Driver/Src/stm32f3xx_hal_gpio.o
                0x0000000008000d74                HAL_GPIO_Init
 .text.HAL_GPIO_WritePin
                0x0000000008001058       0x30 ./Drivers/STM32F3xx_HAL_Driver/Src/stm32f3xx_hal_gpio.o
                0x0000000008001058                HAL_GPIO_WritePin
 .text.HAL_RCC_OscConfig
                0x0000000008001088     0x107c ./Drivers/STM32F3xx_HAL_Driver/Src/stm32f3xx_hal_rcc.o
                0x0000000008001088                HAL_RCC_OscConfig
 .text.HAL_RCC_ClockConfig
                0x0000000008002104      0x2f8 ./Drivers/STM32F3xx_HAL_Driver/Src/stm32f3xx_hal_rcc.o
                0x0000000008002104                HAL_RCC_ClockConfig
 .text.HAL_RCC_GetSysClockFreq
                0x00000000080023fc       0xd4 ./Drivers/STM32F3xx_HAL_Driver/Src/stm32f3xx_hal_rcc.o
                0x00000000080023fc                HAL_RCC_GetSysClockFreq
 .text.HAL_RCC_GetHCLKFreq
                0x00000000080024d0       0x18 ./Drivers/STM32F3xx_HAL_Driver/Src/stm32f3xx_hal_rcc.o
                0x00000000080024d0                HAL_RCC_GetHCLKFreq
 .text.HAL_RCC_GetPCLK1Freq
                0x00000000080024e8       0x44 ./Drivers/STM32F3xx_HAL_Driver/Src/stm32f3xx_hal_rcc.o
                0x00000000080024e8                HAL_RCC_GetPCLK1Freq
 .text.HAL_RCC_GetPCLK2Freq
                0x000000000800252c       0x44 ./Drivers/STM32F3xx_HAL_Driver/Src/stm32f3xx_hal_rcc.o
                0x000000000800252c                HAL_RCC_GetPCLK2Freq
 .text.HAL_UART_Init
                0x0000000008002570       0x9c ./Drivers/STM32F3xx_HAL_Driver/Src/stm32f3xx_hal_uart.o
                0x0000000008002570                HAL_UART_Init
 .text.UART_SetConfig
                0x000000000800260c      0x26c ./Drivers/STM32F3xx_HAL_Driver/Src/stm32f3xx_hal_uart.o
                0x000000000800260c                UART_SetConfig
 .text.UART_AdvFeatureConfig
                0x0000000008002878      0x144 ./Drivers/STM32F3xx_HAL_Driver/Src/stm32f3xx_hal_uart.o
                0x0000000008002878                UART_AdvFeatureConfig
 .text.UART_CheckIdleState
                0x00000000080029bc      0x150 ./Drivers/STM32F3xx_HAL_Driver/Src/stm32f3xx_hal_uart.o
                0x00000000080029bc                UART_CheckIdleState
 .text.UART_WaitOnFlagUntilTimeout
                0x0000000008002b0c       0xce ./Drivers/STM32F3xx_HAL_Driver/Src/stm32f3xx_hal_uart.o
                0x0000000008002b0c                UART_WaitOnFlagUntilTimeout
 .text.UART_EndRxTransfer
                0x0000000008002bda       0xc8 ./Drivers/STM32F3xx_HAL_Driver/Src/stm32f3xx_hal_uart.o
 *fill*         0x0000000008002ca2        0x2 
 .text.network_configure_activations
                0x0000000008002ca4       0x7c ./X-CUBE-AI/App/network.o
 .text.network_configure_weights
                0x0000000008002d20      0x128 ./X-CUBE-AI/App/network.o
 .text.ai_network_get_error
                0x0000000008002e48       0x18 ./X-CUBE-AI/App/network.o
                0x0000000008002e48                ai_network_get_error
 .text.ai_network_create
                0x0000000008002e60       0x2c ./X-CUBE-AI/App/network.o
                0x0000000008002e60                ai_network_create
 .text.ai_network_create_and_init
                0x0000000008002e8c       0xe8 ./X-CUBE-AI/App/network.o
                0x0000000008002e8c                ai_network_create_and_init
 .text.ai_network_inputs_get
                0x0000000008002f74       0x34 ./X-CUBE-AI/App/network.o
                0x0000000008002f74                ai_network_inputs_get
 .text.ai_network_outputs_get
                0x0000000008002fa8       0x34 ./X-CUBE-AI/App/network.o
                0x0000000008002fa8                ai_network_outputs_get
 .text.ai_network_init
                0x0000000008002fdc       0x78 ./X-CUBE-AI/App/network.o
                0x0000000008002fdc                ai_network_init
 .text.ai_network_run
                0x0000000008003054       0x20 ./X-CUBE-AI/App/network.o
                0x0000000008003054                ai_network_run
 .text.ai_network_data_params_get
                0x0000000008003074       0x50 ./X-CUBE-AI/App/network_data.o
                0x0000000008003074                ai_network_data_params_get
 .text.ai_buffer_get_size
                0x00000000080030c4       0x68 ../Middlewares/ST/AI/Lib/NetworkRuntime810_CM4_GCC.a(ai_platform.o)
                0x00000000080030c4                ai_buffer_get_size
 .text.ai_buffer_array_sane
                0x000000000800312c       0x14 ../Middlewares/ST/AI/Lib/NetworkRuntime810_CM4_GCC.a(ai_platform.o)
                0x000000000800312c                ai_buffer_array_sane
 .text.ai_buffer_array_item_set_address
                0x0000000008003140       0x20 ../Middlewares/ST/AI/Lib/NetworkRuntime810_CM4_GCC.a(ai_platform.o)
                0x0000000008003140                ai_buffer_array_item_set_address
 .text._ai_platform_acquire_crc
                0x0000000008003160        0x4 ../Middlewares/ST/AI/Lib/NetworkRuntime810_CM4_GCC.a(ai_platform_interface.o)
                0x0000000008003160                _ai_platform_acquire_crc
 .text._ai_platform_release_crc
                0x0000000008003164        0x4 ../Middlewares/ST/AI/Lib/NetworkRuntime810_CM4_GCC.a(ai_platform_interface.o)
                0x0000000008003164                _ai_platform_release_crc
 .text.ai_platform_get_weights_map
                0x0000000008003168       0xa8 ../Middlewares/ST/AI/Lib/NetworkRuntime810_CM4_GCC.a(ai_platform_interface.o)
                0x0000000008003168                ai_platform_get_weights_map
 .text.ai_platform_get_activations_map
                0x0000000008003210       0xa8 ../Middlewares/ST/AI/Lib/NetworkRuntime810_CM4_GCC.a(ai_platform_interface.o)
                0x0000000008003210                ai_platform_get_activations_map
 .text.ai_platform_bind_network_params
                0x00000000080032b8       0x44 ../Middlewares/ST/AI/Lib/NetworkRuntime810_CM4_GCC.a(ai_platform_interface.o)
                0x00000000080032b8                ai_platform_bind_network_params
 .text.ai_platform_network_get_error
                0x00000000080032fc       0xdc ../Middlewares/ST/AI/Lib/NetworkRuntime810_CM4_GCC.a(ai_platform_interface.o)
                0x00000000080032fc                ai_platform_network_get_error
 .text.ai_platform_network_set_error
                0x00000000080033d8        0xc ../Middlewares/ST/AI/Lib/NetworkRuntime810_CM4_GCC.a(ai_platform_interface.o)
                0x00000000080033d8                ai_platform_network_set_error
 .text.ai_platform_inputs_get
                0x00000000080033e4      0x1ac ../Middlewares/ST/AI/Lib/NetworkRuntime810_CM4_GCC.a(ai_platform_interface.o)
                0x00000000080033e4                ai_platform_inputs_get
 .text.ai_platform_outputs_get
                0x0000000008003590      0x1a0 ../Middlewares/ST/AI/Lib/NetworkRuntime810_CM4_GCC.a(ai_platform_interface.o)
                0x0000000008003590                ai_platform_outputs_get
 .text.ai_platform_network_create
                0x0000000008003730      0x1ac ../Middlewares/ST/AI/Lib/NetworkRuntime810_CM4_GCC.a(ai_platform_interface.o)
                0x0000000008003730                ai_platform_network_create
 .text.ai_platform_network_init
                0x00000000080038dc      0x1dc ../Middlewares/ST/AI/Lib/NetworkRuntime810_CM4_GCC.a(ai_platform_interface.o)
                0x00000000080038dc                ai_platform_network_init
 .text.ai_platform_network_post_init
                0x0000000008003ab8      0x110 ../Middlewares/ST/AI/Lib/NetworkRuntime810_CM4_GCC.a(ai_platform_interface.o)
                0x0000000008003ab8                ai_platform_network_post_init
 .text.ai_platform_network_process
                0x0000000008003bc8      0x508 ../Middlewares/ST/AI/Lib/NetworkRuntime810_CM4_GCC.a(ai_platform_interface.o)
                0x0000000008003bc8                ai_platform_network_process
 .text.core_init
                0x00000000080040d0        0x4 ../Middlewares/ST/AI/Lib/NetworkRuntime810_CM4_GCC.a(core_common.o)
                0x00000000080040d0                core_init
 .text.core_get_error
                0x00000000080040d4        0xc ../Middlewares/ST/AI/Lib/NetworkRuntime810_CM4_GCC.a(core_common.o)
                0x00000000080040d4                core_get_error
 .text.core_set_error
                0x00000000080040e0       0x18 ../Middlewares/ST/AI/Lib/NetworkRuntime810_CM4_GCC.a(core_common.o)
                0x00000000080040e0                core_set_error
 .text.ai_check_custom_types
                0x00000000080040f8       0x54 ../Middlewares/ST/AI/Lib/NetworkRuntime810_CM4_GCC.a(layers.o)
                0x00000000080040f8                ai_check_custom_types
 .text.ai_layers_init_all
                0x000000000800414c       0x1c ../Middlewares/ST/AI/Lib/NetworkRuntime810_CM4_GCC.a(layers.o)
                0x000000000800414c                ai_layers_init_all
 .text.ai_layers_post_init_all
                0x0000000008004168       0x28 ../Middlewares/ST/AI/Lib/NetworkRuntime810_CM4_GCC.a(layers.o)
                0x0000000008004168                ai_layers_post_init_all
 .text.ai_layers_forward_all
                0x0000000008004190       0x94 ../Middlewares/ST/AI/Lib/NetworkRuntime810_CM4_GCC.a(layers.o)
                0x0000000008004190                ai_layers_forward_all
 .text.forward_dense
                0x0000000008004224      0x54c ../Middlewares/ST/AI/Lib/NetworkRuntime810_CM4_GCC.a(layers_conv2d_generic_float.o)
                0x0000000008004224                forward_dense
 .text.nl_func_sigmoid_array_f32
                0x0000000008004770       0x50 ../Middlewares/ST/AI/Lib/NetworkRuntime810_CM4_GCC.a(layers_nl_generic_float.o)
                0x0000000008004770                nl_func_sigmoid_array_f32
 .text.nl_func_tanh_array_f32
                0x00000000080047c0       0x38 ../Middlewares/ST/AI/Lib/NetworkRuntime810_CM4_GCC.a(layers_nl_generic_float.o)
                0x00000000080047c0                nl_func_tanh_array_f32
 .text.forward_sm
                0x00000000080047f8      0x11c ../Middlewares/ST/AI/Lib/NetworkRuntime810_CM4_GCC.a(layers_nl_generic_float.o)
                0x00000000080047f8                forward_sm
 .text.array_f32_identity
                0x0000000008004914       0x14 ../Middlewares/ST/AI/Lib/NetworkRuntime810_CM4_GCC.a(layers_rnn_generic_float.o)
 .text.forward_lstm
                0x0000000008004928     0x1874 ../Middlewares/ST/AI/Lib/NetworkRuntime810_CM4_GCC.a(layers_rnn_generic_float.o)
                0x0000000008004928                forward_lstm
 .text.forward_lite_dense_if32of32wf32
                0x000000000800619c      0x248 ../Middlewares/ST/AI/Lib/NetworkRuntime810_CM4_GCC.a(lite_dense_if32.o)
                0x000000000800619c                forward_lite_dense_if32of32wf32
 .text.st_int8_fill
                0x00000000080063e4       0xb8 ../Middlewares/ST/AI/Lib/NetworkRuntime810_CM4_GCC.a(st_int8_fill.o)
                0x00000000080063e4                st_int8_fill
 .text.st_int8_copy
                0x000000000800649c      0x10c ../Middlewares/ST/AI/Lib/NetworkRuntime810_CM4_GCC.a(st_int8_fill.o)
                0x000000000800649c                st_int8_copy
 .text.ai_array_to_buffer_fmt
                0x00000000080065a8       0xd8 ../Middlewares/ST/AI/Lib/NetworkRuntime810_CM4_GCC.a(ai_datatypes_format.o)
                0x00000000080065a8                ai_array_to_buffer_fmt
 .text.ai_array_get_byte_size
                0x0000000008006680       0x50 ../Middlewares/ST/AI/Lib/NetworkRuntime810_CM4_GCC.a(ai_datatypes_format.o)
                0x0000000008006680                ai_array_get_byte_size
 .text.ai_array_get_data_byte_size
                0x00000000080066d0       0x24 ../Middlewares/ST/AI/Lib/NetworkRuntime810_CM4_GCC.a(ai_datatypes_format.o)
                0x00000000080066d0                ai_array_get_data_byte_size
 .text.ai_version_get
                0x00000000080066f4        0xc ../Middlewares/ST/AI/Lib/NetworkRuntime810_CM4_GCC.a(ai_datatypes_internal.o)
                0x00000000080066f4                ai_version_get
 .text.get_tensor_byte_size
                0x0000000008006700       0x30 ../Middlewares/ST/AI/Lib/NetworkRuntime810_CM4_GCC.a(ai_datatypes_internal.o)
                0x0000000008006700                get_tensor_byte_size
 .text.sbrk_aligned
                0x0000000008006730       0x40 /home/bernhard/st/stm32cubeide_1.14.0/plugins/com.st.stm32cube.ide.mcu.externaltools.gnu-tools-for-stm32.11.3.rel1.linux64_1.1.100.202309141235/tools/bin/../lib/gcc/arm-none-eabi/11.3.1/../../../../arm-none-eabi/lib/thumb/v7e-m+fp/hard/libc_nano.a(libc_a-mallocr.o)
 .text._malloc_r
                0x0000000008006770      0x100 /home/bernhard/st/stm32cubeide_1.14.0/plugins/com.st.stm32cube.ide.mcu.externaltools.gnu-tools-for-stm32.11.3.rel1.linux64_1.1.100.202309141235/tools/bin/../lib/gcc/arm-none-eabi/11.3.1/../../../../arm-none-eabi/lib/thumb/v7e-m+fp/hard/libc_nano.a(libc_a-mallocr.o)
                0x0000000008006770                _malloc_r
 .text.__malloc_lock
                0x0000000008006870        0xc /home/bernhard/st/stm32cubeide_1.14.0/plugins/com.st.stm32cube.ide.mcu.externaltools.gnu-tools-for-stm32.11.3.rel1.linux64_1.1.100.202309141235/tools/bin/../lib/gcc/arm-none-eabi/11.3.1/../../../../arm-none-eabi/lib/thumb/v7e-m+fp/hard/libc_nano.a(libc_a-mlock.o)
                0x0000000008006870                __malloc_lock
 .text.__malloc_unlock
                0x000000000800687c        0xc /home/bernhard/st/stm32cubeide_1.14.0/plugins/com.st.stm32cube.ide.mcu.externaltools.gnu-tools-for-stm32.11.3.rel1.linux64_1.1.100.202309141235/tools/bin/../lib/gcc/arm-none-eabi/11.3.1/../../../../arm-none-eabi/lib/thumb/v7e-m+fp/hard/libc_nano.a(libc_a-mlock.o)
                0x000000000800687c                __malloc_unlock
 .text.std      0x0000000008006888       0x6c /home/bernhard/st/stm32cubeide_1.14.0/plugins/com.st.stm32cube.ide.mcu.externaltools.gnu-tools-for-stm32.11.3.rel1.linux64_1.1.100.202309141235/tools/bin/../lib/gcc/arm-none-eabi/11.3.1/../../../../arm-none-eabi/lib/thumb/v7e-m+fp/hard/libc_nano.a(libc_a-findfp.o)
 .text.stdio_exit_handler
                0x00000000080068f4       0x18 /home/bernhard/st/stm32cubeide_1.14.0/plugins/com.st.stm32cube.ide.mcu.externaltools.gnu-tools-for-stm32.11.3.rel1.linux64_1.1.100.202309141235/tools/bin/../lib/gcc/arm-none-eabi/11.3.1/../../../../arm-none-eabi/lib/thumb/v7e-m+fp/hard/libc_nano.a(libc_a-findfp.o)
 .text.cleanup_stdio
                0x000000000800690c       0x40 /home/bernhard/st/stm32cubeide_1.14.0/plugins/com.st.stm32cube.ide.mcu.externaltools.gnu-tools-for-stm32.11.3.rel1.linux64_1.1.100.202309141235/tools/bin/../lib/gcc/arm-none-eabi/11.3.1/../../../../arm-none-eabi/lib/thumb/v7e-m+fp/hard/libc_nano.a(libc_a-findfp.o)
 .text.global_stdio_init.part.0
                0x000000000800694c       0x3c /home/bernhard/st/stm32cubeide_1.14.0/plugins/com.st.stm32cube.ide.mcu.externaltools.gnu-tools-for-stm32.11.3.rel1.linux64_1.1.100.202309141235/tools/bin/../lib/gcc/arm-none-eabi/11.3.1/../../../../arm-none-eabi/lib/thumb/v7e-m+fp/hard/libc_nano.a(libc_a-findfp.o)
 .text.__sfp_lock_acquire
                0x0000000008006988        0xc /home/bernhard/st/stm32cubeide_1.14.0/plugins/com.st.stm32cube.ide.mcu.externaltools.gnu-tools-for-stm32.11.3.rel1.linux64_1.1.100.202309141235/tools/bin/../lib/gcc/arm-none-eabi/11.3.1/../../../../arm-none-eabi/lib/thumb/v7e-m+fp/hard/libc_nano.a(libc_a-findfp.o)
                0x0000000008006988                __sfp_lock_acquire
 .text.__sfp_lock_release
                0x0000000008006994        0xc /home/bernhard/st/stm32cubeide_1.14.0/plugins/com.st.stm32cube.ide.mcu.externaltools.gnu-tools-for-stm32.11.3.rel1.linux64_1.1.100.202309141235/tools/bin/../lib/gcc/arm-none-eabi/11.3.1/../../../../arm-none-eabi/lib/thumb/v7e-m+fp/hard/libc_nano.a(libc_a-findfp.o)
                0x0000000008006994                __sfp_lock_release
 .text.__sinit  0x00000000080069a0       0x30 /home/bernhard/st/stm32cubeide_1.14.0/plugins/com.st.stm32cube.ide.mcu.externaltools.gnu-tools-for-stm32.11.3.rel1.linux64_1.1.100.202309141235/tools/bin/../lib/gcc/arm-none-eabi/11.3.1/../../../../arm-none-eabi/lib/thumb/v7e-m+fp/hard/libc_nano.a(libc_a-findfp.o)
                0x00000000080069a0                __sinit
 .text._fwalk_sglue
                0x00000000080069d0       0x3c /home/bernhard/st/stm32cubeide_1.14.0/plugins/com.st.stm32cube.ide.mcu.externaltools.gnu-tools-for-stm32.11.3.rel1.linux64_1.1.100.202309141235/tools/bin/../lib/gcc/arm-none-eabi/11.3.1/../../../../arm-none-eabi/lib/thumb/v7e-m+fp/hard/libc_nano.a(libc_a-fwalk.o)
                0x00000000080069d0                _fwalk_sglue
 .text.printf   0x0000000008006a0c       0x24 /home/bernhard/st/stm32cubeide_1.14.0/plugins/com.st.stm32cube.ide.mcu.externaltools.gnu-tools-for-stm32.11.3.rel1.linux64_1.1.100.202309141235/tools/bin/../lib/gcc/arm-none-eabi/11.3.1/../../../../arm-none-eabi/lib/thumb/v7e-m+fp/hard/libc_nano.a(libc_a-printf.o)
                0x0000000008006a0c                printf
                0x0000000008006a0c                iprintf
 .text.__sread  0x0000000008006a30       0x22 /home/bernhard/st/stm32cubeide_1.14.0/plugins/com.st.stm32cube.ide.mcu.externaltools.gnu-tools-for-stm32.11.3.rel1.linux64_1.1.100.202309141235/tools/bin/../lib/gcc/arm-none-eabi/11.3.1/../../../../arm-none-eabi/lib/thumb/v7e-m+fp/hard/libc_nano.a(libc_a-stdio.o)
                0x0000000008006a30                __sread
 .text.__swrite
                0x0000000008006a52       0x38 /home/bernhard/st/stm32cubeide_1.14.0/plugins/com.st.stm32cube.ide.mcu.externaltools.gnu-tools-for-stm32.11.3.rel1.linux64_1.1.100.202309141235/tools/bin/../lib/gcc/arm-none-eabi/11.3.1/../../../../arm-none-eabi/lib/thumb/v7e-m+fp/hard/libc_nano.a(libc_a-stdio.o)
                0x0000000008006a52                __swrite
 .text.__sseek  0x0000000008006a8a       0x24 /home/bernhard/st/stm32cubeide_1.14.0/plugins/com.st.stm32cube.ide.mcu.externaltools.gnu-tools-for-stm32.11.3.rel1.linux64_1.1.100.202309141235/tools/bin/../lib/gcc/arm-none-eabi/11.3.1/../../../../arm-none-eabi/lib/thumb/v7e-m+fp/hard/libc_nano.a(libc_a-stdio.o)
                0x0000000008006a8a                __sseek
 .text.__sclose
                0x0000000008006aae        0x8 /home/bernhard/st/stm32cubeide_1.14.0/plugins/com.st.stm32cube.ide.mcu.externaltools.gnu-tools-for-stm32.11.3.rel1.linux64_1.1.100.202309141235/tools/bin/../lib/gcc/arm-none-eabi/11.3.1/../../../../arm-none-eabi/lib/thumb/v7e-m+fp/hard/libc_nano.a(libc_a-stdio.o)
                0x0000000008006aae                __sclose
 .text.memset   0x0000000008006ab6       0x10 /home/bernhard/st/stm32cubeide_1.14.0/plugins/com.st.stm32cube.ide.mcu.externaltools.gnu-tools-for-stm32.11.3.rel1.linux64_1.1.100.202309141235/tools/bin/../lib/gcc/arm-none-eabi/11.3.1/../../../../arm-none-eabi/lib/thumb/v7e-m+fp/hard/libc_nano.a(libc_a-memset.o)
                0x0000000008006ab6                memset
 *fill*         0x0000000008006ac6        0x2 
 .text._close_r
                0x0000000008006ac8       0x20 /home/bernhard/st/stm32cubeide_1.14.0/plugins/com.st.stm32cube.ide.mcu.externaltools.gnu-tools-for-stm32.11.3.rel1.linux64_1.1.100.202309141235/tools/bin/../lib/gcc/arm-none-eabi/11.3.1/../../../../arm-none-eabi/lib/thumb/v7e-m+fp/hard/libc_nano.a(libc_a-closer.o)
                0x0000000008006ac8                _close_r
 .text._lseek_r
                0x0000000008006ae8       0x24 /home/bernhard/st/stm32cubeide_1.14.0/plugins/com.st.stm32cube.ide.mcu.externaltools.gnu-tools-for-stm32.11.3.rel1.linux64_1.1.100.202309141235/tools/bin/../lib/gcc/arm-none-eabi/11.3.1/../../../../arm-none-eabi/lib/thumb/v7e-m+fp/hard/libc_nano.a(libc_a-lseekr.o)
                0x0000000008006ae8                _lseek_r
 .text._read_r  0x0000000008006b0c       0x24 /home/bernhard/st/stm32cubeide_1.14.0/plugins/com.st.stm32cube.ide.mcu.externaltools.gnu-tools-for-stm32.11.3.rel1.linux64_1.1.100.202309141235/tools/bin/../lib/gcc/arm-none-eabi/11.3.1/../../../../arm-none-eabi/lib/thumb/v7e-m+fp/hard/libc_nano.a(libc_a-readr.o)
                0x0000000008006b0c                _read_r
 .text._sbrk_r  0x0000000008006b30       0x20 /home/bernhard/st/stm32cubeide_1.14.0/plugins/com.st.stm32cube.ide.mcu.externaltools.gnu-tools-for-stm32.11.3.rel1.linux64_1.1.100.202309141235/tools/bin/../lib/gcc/arm-none-eabi/11.3.1/../../../../arm-none-eabi/lib/thumb/v7e-m+fp/hard/libc_nano.a(libc_a-sbrkr.o)
                0x0000000008006b30                _sbrk_r
 .text._write_r
                0x0000000008006b50       0x24 /home/bernhard/st/stm32cubeide_1.14.0/plugins/com.st.stm32cube.ide.mcu.externaltools.gnu-tools-for-stm32.11.3.rel1.linux64_1.1.100.202309141235/tools/bin/../lib/gcc/arm-none-eabi/11.3.1/../../../../arm-none-eabi/lib/thumb/v7e-m+fp/hard/libc_nano.a(libc_a-writer.o)
                0x0000000008006b50                _write_r
 .text.__errno  0x0000000008006b74        0xc /home/bernhard/st/stm32cubeide_1.14.0/plugins/com.st.stm32cube.ide.mcu.externaltools.gnu-tools-for-stm32.11.3.rel1.linux64_1.1.100.202309141235/tools/bin/../lib/gcc/arm-none-eabi/11.3.1/../../../../arm-none-eabi/lib/thumb/v7e-m+fp/hard/libc_nano.a(libc_a-errno.o)
                0x0000000008006b74                __errno
 .text.__libc_init_array
                0x0000000008006b80       0x48 /home/bernhard/st/stm32cubeide_1.14.0/plugins/com.st.stm32cube.ide.mcu.externaltools.gnu-tools-for-stm32.11.3.rel1.linux64_1.1.100.202309141235/tools/bin/../lib/gcc/arm-none-eabi/11.3.1/../../../../arm-none-eabi/lib/thumb/v7e-m+fp/hard/libc_nano.a(libc_a-init.o)
                0x0000000008006b80                __libc_init_array
 .text.__retarget_lock_init_recursive
                0x0000000008006bc8        0x2 /home/bernhard/st/stm32cubeide_1.14.0/plugins/com.st.stm32cube.ide.mcu.externaltools.gnu-tools-for-stm32.11.3.rel1.linux64_1.1.100.202309141235/tools/bin/../lib/gcc/arm-none-eabi/11.3.1/../../../../arm-none-eabi/lib/thumb/v7e-m+fp/hard/libc_nano.a(libc_a-lock.o)
                0x0000000008006bc8                __retarget_lock_init_recursive
 .text.__retarget_lock_acquire_recursive
                0x0000000008006bca        0x2 /home/bernhard/st/stm32cubeide_1.14.0/plugins/com.st.stm32cube.ide.mcu.externaltools.gnu-tools-for-stm32.11.3.rel1.linux64_1.1.100.202309141235/tools/bin/../lib/gcc/arm-none-eabi/11.3.1/../../../../arm-none-eabi/lib/thumb/v7e-m+fp/hard/libc_nano.a(libc_a-lock.o)
                0x0000000008006bca                __retarget_lock_acquire_recursive
 .text.__retarget_lock_release_recursive
                0x0000000008006bcc        0x2 /home/bernhard/st/stm32cubeide_1.14.0/plugins/com.st.stm32cube.ide.mcu.externaltools.gnu-tools-for-stm32.11.3.rel1.linux64_1.1.100.202309141235/tools/bin/../lib/gcc/arm-none-eabi/11.3.1/../../../../arm-none-eabi/lib/thumb/v7e-m+fp/hard/libc_nano.a(libc_a-lock.o)
                0x0000000008006bcc                __retarget_lock_release_recursive
 *fill*         0x0000000008006bce        0x2 
 .text._free_r  0x0000000008006bd0       0x98 /home/bernhard/st/stm32cubeide_1.14.0/plugins/com.st.stm32cube.ide.mcu.externaltools.gnu-tools-for-stm32.11.3.rel1.linux64_1.1.100.202309141235/tools/bin/../lib/gcc/arm-none-eabi/11.3.1/../../../../arm-none-eabi/lib/thumb/v7e-m+fp/hard/libc_nano.a(libc_a-freer.o)
                0x0000000008006bd0                _free_r
 .text.__sfputc_r
                0x0000000008006c68       0x2e /home/bernhard/st/stm32cubeide_1.14.0/plugins/com.st.stm32cube.ide.mcu.externaltools.gnu-tools-for-stm32.11.3.rel1.linux64_1.1.100.202309141235/tools/bin/../lib/gcc/arm-none-eabi/11.3.1/../../../../arm-none-eabi/lib/thumb/v7e-m+fp/hard/libc_nano.a(libc_a-nano-vfprintf.o)
 .text.__sfputs_r
                0x0000000008006c96       0x24 /home/bernhard/st/stm32cubeide_1.14.0/plugins/com.st.stm32cube.ide.mcu.externaltools.gnu-tools-for-stm32.11.3.rel1.linux64_1.1.100.202309141235/tools/bin/../lib/gcc/arm-none-eabi/11.3.1/../../../../arm-none-eabi/lib/thumb/v7e-m+fp/hard/libc_nano.a(libc_a-nano-vfprintf.o)
                0x0000000008006c96                __sfputs_r
 *fill*         0x0000000008006cba        0x2 
 .text._vfprintf_r
                0x0000000008006cbc      0x234 /home/bernhard/st/stm32cubeide_1.14.0/plugins/com.st.stm32cube.ide.mcu.externaltools.gnu-tools-for-stm32.11.3.rel1.linux64_1.1.100.202309141235/tools/bin/../lib/gcc/arm-none-eabi/11.3.1/../../../../arm-none-eabi/lib/thumb/v7e-m+fp/hard/libc_nano.a(libc_a-nano-vfprintf.o)
                0x0000000008006cbc                _vfiprintf_r
                0x0000000008006cbc                _vfprintf_r
 .text._printf_common
                0x0000000008006ef0       0xda /home/bernhard/st/stm32cubeide_1.14.0/plugins/com.st.stm32cube.ide.mcu.externaltools.gnu-tools-for-stm32.11.3.rel1.linux64_1.1.100.202309141235/tools/bin/../lib/gcc/arm-none-eabi/11.3.1/../../../../arm-none-eabi/lib/thumb/v7e-m+fp/hard/libc_nano.a(libc_a-nano-vfprintf_i.o)
                0x0000000008006ef0                _printf_common
 *fill*         0x0000000008006fca        0x2 
 .text._printf_i
                0x0000000008006fcc      0x244 /home/bernhard/st/stm32cubeide_1.14.0/plugins/com.st.stm32cube.ide.mcu.externaltools.gnu-tools-for-stm32.11.3.rel1.linux64_1.1.100.202309141235/tools/bin/../lib/gcc/arm-none-eabi/11.3.1/../../../../arm-none-eabi/lib/thumb/v7e-m+fp/hard/libc_nano.a(libc_a-nano-vfprintf_i.o)
                0x0000000008006fcc                _printf_i
 .text.__sflush_r
                0x0000000008007210      0x10c /home/bernhard/st/stm32cubeide_1.14.0/plugins/com.st.stm32cube.ide.mcu.externaltools.gnu-tools-for-stm32.11.3.rel1.linux64_1.1.100.202309141235/tools/bin/../lib/gcc/arm-none-eabi/11.3.1/../../../../arm-none-eabi/lib/thumb/v7e-m+fp/hard/libc_nano.a(libc_a-fflush.o)
                0x0000000008007210                __sflush_r
 .text._fflush_r
                0x000000000800731c       0x50 /home/bernhard/st/stm32cubeide_1.14.0/plugins/com.st.stm32cube.ide.mcu.externaltools.gnu-tools-for-stm32.11.3.rel1.linux64_1.1.100.202309141235/tools/bin/../lib/gcc/arm-none-eabi/11.3.1/../../../../arm-none-eabi/lib/thumb/v7e-m+fp/hard/libc_nano.a(libc_a-fflush.o)
                0x000000000800731c                _fflush_r
 .text.__swbuf_r
                0x000000000800736c       0x7a /home/bernhard/st/stm32cubeide_1.14.0/plugins/com.st.stm32cube.ide.mcu.externaltools.gnu-tools-for-stm32.11.3.rel1.linux64_1.1.100.202309141235/tools/bin/../lib/gcc/arm-none-eabi/11.3.1/../../../../arm-none-eabi/lib/thumb/v7e-m+fp/hard/libc_nano.a(libc_a-wbuf.o)
                0x000000000800736c                __swbuf_r
 *fill*         0x00000000080073e6        0x2 
 .text.__swsetup_r
                0x00000000080073e8       0xb0 /home/bernhard/st/stm32cubeide_1.14.0/plugins/com.st.stm32cube.ide.mcu.externaltools.gnu-tools-for-stm32.11.3.rel1.linux64_1.1.100.202309141235/tools/bin/../lib/gcc/arm-none-eabi/11.3.1/../../../../arm-none-eabi/lib/thumb/v7e-m+fp/hard/libc_nano.a(libc_a-wsetup.o)
                0x00000000080073e8                __swsetup_r
 .text.__swhatbuf_r
                0x0000000008007498       0x4c /home/bernhard/st/stm32cubeide_1.14.0/plugins/com.st.stm32cube.ide.mcu.externaltools.gnu-tools-for-stm32.11.3.rel1.linux64_1.1.100.202309141235/tools/bin/../lib/gcc/arm-none-eabi/11.3.1/../../../../arm-none-eabi/lib/thumb/v7e-m+fp/hard/libc_nano.a(libc_a-makebuf.o)
                0x0000000008007498                __swhatbuf_r
 .text.__smakebuf_r
                0x00000000080074e4       0x78 /home/bernhard/st/stm32cubeide_1.14.0/plugins/com.st.stm32cube.ide.mcu.externaltools.gnu-tools-for-stm32.11.3.rel1.linux64_1.1.100.202309141235/tools/bin/../lib/gcc/arm-none-eabi/11.3.1/../../../../arm-none-eabi/lib/thumb/v7e-m+fp/hard/libc_nano.a(libc_a-makebuf.o)
                0x00000000080074e4                __smakebuf_r
 .text._fstat_r
                0x000000000800755c       0x24 /home/bernhard/st/stm32cubeide_1.14.0/plugins/com.st.stm32cube.ide.mcu.externaltools.gnu-tools-for-stm32.11.3.rel1.linux64_1.1.100.202309141235/tools/bin/../lib/gcc/arm-none-eabi/11.3.1/../../../../arm-none-eabi/lib/thumb/v7e-m+fp/hard/libc_nano.a(libc_a-fstatr.o)
                0x000000000800755c                _fstat_r
 .text._isatty_r
                0x0000000008007580       0x20 /home/bernhard/st/stm32cubeide_1.14.0/plugins/com.st.stm32cube.ide.mcu.externaltools.gnu-tools-for-stm32.11.3.rel1.linux64_1.1.100.202309141235/tools/bin/../lib/gcc/arm-none-eabi/11.3.1/../../../../arm-none-eabi/lib/thumb/v7e-m+fp/hard/libc_nano.a(libc_a-isattyr.o)
                0x0000000008007580                _isatty_r
 .text.expf     0x00000000080075a0       0x6c /home/bernhard/st/stm32cubeide_1.14.0/plugins/com.st.stm32cube.ide.mcu.externaltools.gnu-tools-for-stm32.11.3.rel1.linux64_1.1.100.202309141235/tools/bin/../lib/gcc/arm-none-eabi/11.3.1/../../../../arm-none-eabi/lib/thumb/v7e-m+fp/hard/libm.a(libm_a-wf_exp.o)
                0x00000000080075a0                expf
 .text.fabsf    0x000000000800760c        0xe /home/bernhard/st/stm32cubeide_1.14.0/plugins/com.st.stm32cube.ide.mcu.externaltools.gnu-tools-for-stm32.11.3.rel1.linux64_1.1.100.202309141235/tools/bin/../lib/gcc/arm-none-eabi/11.3.1/../../../../arm-none-eabi/lib/thumb/v7e-m+fp/hard/libm.a(libm_a-sf_fabs.o)
                0x000000000800760c                fabsf
 *fill*         0x000000000800761a        0x2 
 .text.tanhf    0x000000000800761c       0xd0 /home/bernhard/st/stm32cubeide_1.14.0/plugins/com.st.stm32cube.ide.mcu.externaltools.gnu-tools-for-stm32.11.3.rel1.linux64_1.1.100.202309141235/tools/bin/../lib/gcc/arm-none-eabi/11.3.1/../../../../arm-none-eabi/lib/thumb/v7e-m+fp/hard/libm.a(libm_a-sf_tanh.o)
                0x000000000800761c                tanhf
 .text.finitef  0x00000000080076ec       0x1a /home/bernhard/st/stm32cubeide_1.14.0/plugins/com.st.stm32cube.ide.mcu.externaltools.gnu-tools-for-stm32.11.3.rel1.linux64_1.1.100.202309141235/tools/bin/../lib/gcc/arm-none-eabi/11.3.1/../../../../arm-none-eabi/lib/thumb/v7e-m+fp/hard/libm.a(libm_a-sf_finite.o)
                0x00000000080076ec                finitef
 *fill*         0x0000000008007706        0x2 
 .text.expm1f   0x0000000008007708      0x23c /home/bernhard/st/stm32cubeide_1.14.0/plugins/com.st.stm32cube.ide.mcu.externaltools.gnu-tools-for-stm32.11.3.rel1.linux64_1.1.100.202309141235/tools/bin/../lib/gcc/arm-none-eabi/11.3.1/../../../../arm-none-eabi/lib/thumb/v7e-m+fp/hard/libm.a(libm_a-sf_expm1.o)
                0x0000000008007708                expm1f
 .text.with_errnof
                0x0000000008007944       0x16 /home/bernhard/st/stm32cubeide_1.14.0/plugins/com.st.stm32cube.ide.mcu.externaltools.gnu-tools-for-stm32.11.3.rel1.linux64_1.1.100.202309141235/tools/bin/../lib/gcc/arm-none-eabi/11.3.1/../../../../arm-none-eabi/lib/thumb/v7e-m+fp/hard/libm.a(libm_a-math_errf.o)
 .text.xflowf   0x000000000800795a       0x16 /home/bernhard/st/stm32cubeide_1.14.0/plugins/com.st.stm32cube.ide.mcu.externaltools.gnu-tools-for-stm32.11.3.rel1.linux64_1.1.100.202309141235/tools/bin/../lib/gcc/arm-none-eabi/11.3.1/../../../../arm-none-eabi/lib/thumb/v7e-m+fp/hard/libm.a(libm_a-math_errf.o)
 .text.__math_uflowf
                0x0000000008007970        0xc /home/bernhard/st/stm32cubeide_1.14.0/plugins/com.st.stm32cube.ide.mcu.externaltools.gnu-tools-for-stm32.11.3.rel1.linux64_1.1.100.202309141235/tools/bin/../lib/gcc/arm-none-eabi/11.3.1/../../../../arm-none-eabi/lib/thumb/v7e-m+fp/hard/libm.a(libm_a-math_errf.o)
                0x0000000008007970                __math_uflowf
 .text.__math_oflowf
                0x000000000800797c        0xc /home/bernhard/st/stm32cubeide_1.14.0/plugins/com.st.stm32cube.ide.mcu.externaltools.gnu-tools-for-stm32.11.3.rel1.linux64_1.1.100.202309141235/tools/bin/../lib/gcc/arm-none-eabi/11.3.1/../../../../arm-none-eabi/lib/thumb/v7e-m+fp/hard/libm.a(libm_a-math_errf.o)
                0x000000000800797c                __math_oflowf
 .text.__ieee754_expf
                0x0000000008007988      0x19c /home/bernhard/st/stm32cubeide_1.14.0/plugins/com.st.stm32cube.ide.mcu.externaltools.gnu-tools-for-stm32.11.3.rel1.linux64_1.1.100.202309141235/tools/bin/../lib/gcc/arm-none-eabi/11.3.1/../../../../arm-none-eabi/lib/thumb/v7e-m+fp/hard/libm.a(libm_a-ef_exp.o)
                0x0000000008007988                __ieee754_expf
 *(.glue_7)
 .glue_7        0x0000000008007b24        0x0 linker stubs
 *(.glue_7t)
 .glue_7t       0x0000000008007b24        0x0 linker stubs
 *(.eh_frame)
 .eh_frame      0x0000000008007b24        0x0 /home/bernhard/st/stm32cubeide_1.14.0/plugins/com.st.stm32cube.ide.mcu.externaltools.gnu-tools-for-stm32.11.3.rel1.linux64_1.1.100.202309141235/tools/bin/../lib/gcc/arm-none-eabi/11.3.1/thumb/v7e-m+fp/hard/crtbegin.o
 *(.init)
 .init          0x0000000008007b24        0x4 /home/bernhard/st/stm32cubeide_1.14.0/plugins/com.st.stm32cube.ide.mcu.externaltools.gnu-tools-for-stm32.11.3.rel1.linux64_1.1.100.202309141235/tools/bin/../lib/gcc/arm-none-eabi/11.3.1/thumb/v7e-m+fp/hard/crti.o
                0x0000000008007b24                _init
 .init          0x0000000008007b28        0x8 /home/bernhard/st/stm32cubeide_1.14.0/plugins/com.st.stm32cube.ide.mcu.externaltools.gnu-tools-for-stm32.11.3.rel1.linux64_1.1.100.202309141235/tools/bin/../lib/gcc/arm-none-eabi/11.3.1/thumb/v7e-m+fp/hard/crtn.o
 *(.fini)
 .fini          0x0000000008007b30        0x4 /home/bernhard/st/stm32cubeide_1.14.0/plugins/com.st.stm32cube.ide.mcu.externaltools.gnu-tools-for-stm32.11.3.rel1.linux64_1.1.100.202309141235/tools/bin/../lib/gcc/arm-none-eabi/11.3.1/thumb/v7e-m+fp/hard/crti.o
                0x0000000008007b30                _fini
 .fini          0x0000000008007b34        0x8 /home/bernhard/st/stm32cubeide_1.14.0/plugins/com.st.stm32cube.ide.mcu.externaltools.gnu-tools-for-stm32.11.3.rel1.linux64_1.1.100.202309141235/tools/bin/../lib/gcc/arm-none-eabi/11.3.1/thumb/v7e-m+fp/hard/crtn.o
                0x0000000008007b3c                . = ALIGN (0x4)
                0x0000000008007b3c                _etext = .

.vfp11_veneer   0x0000000008007b3c        0x0
 .vfp11_veneer  0x0000000008007b3c        0x0 linker stubs

.v4_bx          0x0000000008007b3c        0x0
 .v4_bx         0x0000000008007b3c        0x0 linker stubs

.iplt           0x0000000008007b3c        0x0
 .iplt          0x0000000008007b3c        0x0 /home/bernhard/st/stm32cubeide_1.14.0/plugins/com.st.stm32cube.ide.mcu.externaltools.gnu-tools-for-stm32.11.3.rel1.linux64_1.1.100.202309141235/tools/bin/../lib/gcc/arm-none-eabi/11.3.1/thumb/v7e-m+fp/hard/crtbegin.o

.rodata         0x0000000008007b40     0x4774
                0x0000000008007b40                . = ALIGN (0x4)
 *(.rodata)
 .rodata        0x0000000008007b40       0x20 ./Core/Src/main.o
 .rodata        0x0000000008007b60       0x30 ./X-CUBE-AI/App/network_data.o
 *(.rodata*)
 .rodata.AHBPrescTable
                0x0000000008007b90       0x10 ./Core/Src/system_stm32f3xx.o
                0x0000000008007b90                AHBPrescTable
 .rodata.APBPrescTable
                0x0000000008007ba0        0x8 ./Core/Src/system_stm32f3xx.o
                0x0000000008007ba0                APBPrescTable
 .rodata.aPLLMULFactorTable
                0x0000000008007ba8       0x10 ./Drivers/STM32F3xx_HAL_Driver/Src/stm32f3xx_hal_rcc.o
 .rodata.aPredivFactorTable
                0x0000000008007bb8       0x10 ./Drivers/STM32F3xx_HAL_Driver/Src/stm32f3xx_hal_rcc.o
 .rodata.dense_1_chain
                0x0000000008007bc8        0x8 ./X-CUBE-AI/App/network.o
 .rodata.dense_1_dense_chain
                0x0000000008007bd0        0x8 ./X-CUBE-AI/App/network.o
 .rodata.lstm_1_chain
                0x0000000008007bd8        0x8 ./X-CUBE-AI/App/network.o
 .rodata.s_network_weights_array_u64
                0x0000000008007be0     0x4688 ./X-CUBE-AI/App/network_data_params.o
                0x0000000008007be0                s_network_weights_array_u64
 .rodata._vfprintf_r.str1.1
                0x000000000800c268       0x11 /home/bernhard/st/stm32cubeide_1.14.0/plugins/com.st.stm32cube.ide.mcu.externaltools.gnu-tools-for-stm32.11.3.rel1.linux64_1.1.100.202309141235/tools/bin/../lib/gcc/arm-none-eabi/11.3.1/../../../../arm-none-eabi/lib/thumb/v7e-m+fp/hard/libc_nano.a(libc_a-nano-vfprintf.o)
 .rodata._printf_i.str1.1
                0x000000000800c279       0x22 /home/bernhard/st/stm32cubeide_1.14.0/plugins/com.st.stm32cube.ide.mcu.externaltools.gnu-tools-for-stm32.11.3.rel1.linux64_1.1.100.202309141235/tools/bin/../lib/gcc/arm-none-eabi/11.3.1/../../../../arm-none-eabi/lib/thumb/v7e-m+fp/hard/libc_nano.a(libc_a-nano-vfprintf_i.o)
 *fill*         0x000000000800c29b        0x1 
 .rodata.halF   0x000000000800c29c        0x8 /home/bernhard/st/stm32cubeide_1.14.0/plugins/com.st.stm32cube.ide.mcu.externaltools.gnu-tools-for-stm32.11.3.rel1.linux64_1.1.100.202309141235/tools/bin/../lib/gcc/arm-none-eabi/11.3.1/../../../../arm-none-eabi/lib/thumb/v7e-m+fp/hard/libm.a(libm_a-ef_exp.o)
 .rodata.ln2HI  0x000000000800c2a4        0x8 /home/bernhard/st/stm32cubeide_1.14.0/plugins/com.st.stm32cube.ide.mcu.externaltools.gnu-tools-for-stm32.11.3.rel1.linux64_1.1.100.202309141235/tools/bin/../lib/gcc/arm-none-eabi/11.3.1/../../../../arm-none-eabi/lib/thumb/v7e-m+fp/hard/libm.a(libm_a-ef_exp.o)
 .rodata.ln2LO  0x000000000800c2ac        0x8 /home/bernhard/st/stm32cubeide_1.14.0/plugins/com.st.stm32cube.ide.mcu.externaltools.gnu-tools-for-stm32.11.3.rel1.linux64_1.1.100.202309141235/tools/bin/../lib/gcc/arm-none-eabi/11.3.1/../../../../arm-none-eabi/lib/thumb/v7e-m+fp/hard/libm.a(libm_a-ef_exp.o)
                0x000000000800c2b4                . = ALIGN (0x4)

.rel.dyn        0x000000000800c2b4        0x0
 .rel.iplt      0x000000000800c2b4        0x0 /home/bernhard/st/stm32cubeide_1.14.0/plugins/com.st.stm32cube.ide.mcu.externaltools.gnu-tools-for-stm32.11.3.rel1.linux64_1.1.100.202309141235/tools/bin/../lib/gcc/arm-none-eabi/11.3.1/thumb/v7e-m+fp/hard/crtbegin.o

.ARM.extab      0x000000000800c2b4        0x0
                0x000000000800c2b4                . = ALIGN (0x4)
 *(.ARM.extab* .gnu.linkonce.armextab.*)
                0x000000000800c2b4                . = ALIGN (0x4)

.ARM            0x000000000800c2b4        0x0
                0x000000000800c2b4                . = ALIGN (0x4)
                0x000000000800c2b4                __exidx_start = .
 *(.ARM.exidx*)
                0x000000000800c2b4                __exidx_end = .
                0x000000000800c2b4                . = ALIGN (0x4)

.preinit_array  0x000000000800c2b4        0x0
                0x000000000800c2b4                . = ALIGN (0x4)
                0x000000000800c2b4                PROVIDE (__preinit_array_start = .)
 *(.preinit_array*)
                0x000000000800c2b4                PROVIDE (__preinit_array_end = .)
                0x000000000800c2b4                . = ALIGN (0x4)

.init_array     0x000000000800c2b4        0x4
                0x000000000800c2b4                . = ALIGN (0x4)
                0x000000000800c2b4                PROVIDE (__init_array_start = .)
 *(SORT_BY_NAME(.init_array.*))
 *(.init_array*)
 .init_array    0x000000000800c2b4        0x4 /home/bernhard/st/stm32cubeide_1.14.0/plugins/com.st.stm32cube.ide.mcu.externaltools.gnu-tools-for-stm32.11.3.rel1.linux64_1.1.100.202309141235/tools/bin/../lib/gcc/arm-none-eabi/11.3.1/thumb/v7e-m+fp/hard/crtbegin.o
                0x000000000800c2b8                PROVIDE (__init_array_end = .)
                0x000000000800c2b8                . = ALIGN (0x4)

.fini_array     0x000000000800c2b8        0x4
                0x000000000800c2b8                . = ALIGN (0x4)
                [!provide]                        PROVIDE (__fini_array_start = .)
 *(SORT_BY_NAME(.fini_array.*))
 *(.fini_array*)
 .fini_array    0x000000000800c2b8        0x4 /home/bernhard/st/stm32cubeide_1.14.0/plugins/com.st.stm32cube.ide.mcu.externaltools.gnu-tools-for-stm32.11.3.rel1.linux64_1.1.100.202309141235/tools/bin/../lib/gcc/arm-none-eabi/11.3.1/thumb/v7e-m+fp/hard/crtbegin.o
                [!provide]                        PROVIDE (__fini_array_end = .)
                0x000000000800c2bc                . = ALIGN (0x4)
                0x000000000800c2bc                _sidata = LOADADDR (.data)

.data           0x0000000020000000      0x644 load address 0x000000000800c2bc
                0x0000000020000000                . = ALIGN (0x4)
                0x0000000020000000                _sdata = .
 *(.data)
 *(.data*)
 .data.SystemCoreClock
                0x0000000020000000        0x4 ./Core/Src/system_stm32f3xx.o
                0x0000000020000000                SystemCoreClock
 .data.uwTickPrio
                0x0000000020000004        0x4 ./Drivers/STM32F3xx_HAL_Driver/Src/stm32f3xx_hal.o
                0x0000000020000004                uwTickPrio
 .data.uwTickFreq
                0x0000000020000008        0x1 ./Drivers/STM32F3xx_HAL_Driver/Src/stm32f3xx_hal.o
                0x0000000020000008                uwTickFreq
 *fill*         0x0000000020000009        0x3 
 .data.dense_1_dense_bias_array
                0x000000002000000c       0x10 ./X-CUBE-AI/App/network.o
 .data.lstm_1_scratch0_array
                0x000000002000001c       0x10 ./X-CUBE-AI/App/network.o
 .data.input_0_output_array
                0x000000002000002c       0x10 ./X-CUBE-AI/App/network.o
 .data.lstm_1_output0_array
                0x000000002000003c       0x10 ./X-CUBE-AI/App/network.o
 .data.dense_1_dense_output_array
                0x000000002000004c       0x10 ./X-CUBE-AI/App/network.o
 .data.dense_1_output_array
                0x000000002000005c       0x10 ./X-CUBE-AI/App/network.o
 .data.lstm_1_kernel_array
                0x000000002000006c       0x10 ./X-CUBE-AI/App/network.o
 .data.lstm_1_recurrent_array
                0x000000002000007c       0x10 ./X-CUBE-AI/App/network.o
 .data.lstm_1_peephole_array
                0x000000002000008c       0x10 ./X-CUBE-AI/App/network.o
 .data.lstm_1_bias_array
                0x000000002000009c       0x10 ./X-CUBE-AI/App/network.o
 .data.dense_1_dense_weights_array
                0x00000000200000ac       0x10 ./X-CUBE-AI/App/network.o
 .data.__compound_literal.0
                0x00000000200000bc       0x10 ./X-CUBE-AI/App/network.o
 .data.__compound_literal.1
                0x00000000200000cc       0x10 ./X-CUBE-AI/App/network.o
 .data.dense_1_dense_bias
                0x00000000200000dc       0x1c ./X-CUBE-AI/App/network.o
 .data.__compound_literal.2
                0x00000000200000f8       0x10 ./X-CUBE-AI/App/network.o
 .data.__compound_literal.3
                0x0000000020000108       0x10 ./X-CUBE-AI/App/network.o
 .data.lstm_1_scratch0
                0x0000000020000118       0x1c ./X-CUBE-AI/App/network.o
 .data.__compound_literal.4
                0x0000000020000134       0x10 ./X-CUBE-AI/App/network.o
 .data.__compound_literal.5
                0x0000000020000144       0x10 ./X-CUBE-AI/App/network.o
 .data.input_0_output
                0x0000000020000154       0x1c ./X-CUBE-AI/App/network.o
 .data.__compound_literal.6
                0x0000000020000170       0x10 ./X-CUBE-AI/App/network.o
 .data.__compound_literal.7
                0x0000000020000180       0x10 ./X-CUBE-AI/App/network.o
 .data.lstm_1_output0
                0x0000000020000190       0x1c ./X-CUBE-AI/App/network.o
 .data.__compound_literal.8
                0x00000000200001ac       0x10 ./X-CUBE-AI/App/network.o
 .data.__compound_literal.9
                0x00000000200001bc       0x10 ./X-CUBE-AI/App/network.o
 .data.dense_1_dense_output
                0x00000000200001cc       0x1c ./X-CUBE-AI/App/network.o
 .data.__compound_literal.10
                0x00000000200001e8       0x10 ./X-CUBE-AI/App/network.o
 .data.__compound_literal.11
                0x00000000200001f8       0x10 ./X-CUBE-AI/App/network.o
 .data.dense_1_output
                0x0000000020000208       0x1c ./X-CUBE-AI/App/network.o
 .data.__compound_literal.12
                0x0000000020000224       0x10 ./X-CUBE-AI/App/network.o
 .data.__compound_literal.13
                0x0000000020000234       0x10 ./X-CUBE-AI/App/network.o
 .data.lstm_1_kernel
                0x0000000020000244       0x1c ./X-CUBE-AI/App/network.o
 .data.__compound_literal.14
                0x0000000020000260       0x10 ./X-CUBE-AI/App/network.o
 .data.__compound_literal.15
                0x0000000020000270       0x10 ./X-CUBE-AI/App/network.o
 .data.lstm_1_recurrent
                0x0000000020000280       0x1c ./X-CUBE-AI/App/network.o
 .data.__compound_literal.16
                0x000000002000029c       0x10 ./X-CUBE-AI/App/network.o
 .data.__compound_literal.17
                0x00000000200002ac       0x10 ./X-CUBE-AI/App/network.o
 .data.lstm_1_peephole
                0x00000000200002bc       0x1c ./X-CUBE-AI/App/network.o
 .data.__compound_literal.18
                0x00000000200002d8       0x10 ./X-CUBE-AI/App/network.o
 .data.__compound_literal.19
                0x00000000200002e8       0x10 ./X-CUBE-AI/App/network.o
 .data.lstm_1_bias
                0x00000000200002f8       0x1c ./X-CUBE-AI/App/network.o
 .data.__compound_literal.20
                0x0000000020000314       0x10 ./X-CUBE-AI/App/network.o
 .data.__compound_literal.21
                0x0000000020000324       0x10 ./X-CUBE-AI/App/network.o
 .data.dense_1_dense_weights
                0x0000000020000334       0x1c ./X-CUBE-AI/App/network.o
 .data.__compound_literal.22
                0x0000000020000350        0x4 ./X-CUBE-AI/App/network.o
 .data.__compound_literal.23
                0x0000000020000354        0x4 ./X-CUBE-AI/App/network.o
 .data.__compound_literal.26
                0x0000000020000358       0x30 ./X-CUBE-AI/App/network.o
 .data.dense_1_layer
                0x0000000020000388       0x20 ./X-CUBE-AI/App/network.o
 .data.__compound_literal.27
                0x00000000200003a8        0x4 ./X-CUBE-AI/App/network.o
 .data.__compound_literal.28
                0x00000000200003ac        0x4 ./X-CUBE-AI/App/network.o
 .data.__compound_literal.29
                0x00000000200003b0        0x8 ./X-CUBE-AI/App/network.o
 .data.__compound_literal.31
                0x00000000200003b8       0x30 ./X-CUBE-AI/App/network.o
 .data.dense_1_dense_layer
                0x00000000200003e8       0x1c ./X-CUBE-AI/App/network.o
 .data.__compound_literal.32
                0x0000000020000404        0x4 ./X-CUBE-AI/App/network.o
 .data.__compound_literal.33
                0x0000000020000408        0x4 ./X-CUBE-AI/App/network.o
 .data.__compound_literal.34
                0x000000002000040c       0x24 ./X-CUBE-AI/App/network.o
 .data.__compound_literal.35
                0x0000000020000430        0x4 ./X-CUBE-AI/App/network.o
 .data.__compound_literal.36
                0x0000000020000434       0x30 ./X-CUBE-AI/App/network.o
 .data.lstm_1_layer
                0x0000000020000464       0x44 ./X-CUBE-AI/App/network.o
 .data.__compound_literal.37
                0x00000000200004a8       0x10 ./X-CUBE-AI/App/network.o
 .data.__compound_literal.38
                0x00000000200004b8       0x1c ./X-CUBE-AI/App/network.o
 .data.__compound_literal.39
                0x00000000200004d4       0x10 ./X-CUBE-AI/App/network.o
 .data.__compound_literal.40
                0x00000000200004e4       0x1c ./X-CUBE-AI/App/network.o
 .data.__compound_literal.41
                0x0000000020000500        0x4 ./X-CUBE-AI/App/network.o
 .data.__compound_literal.45
                0x0000000020000504        0xc ./X-CUBE-AI/App/network.o
 .data.__compound_literal.46
                0x0000000020000510        0x4 ./X-CUBE-AI/App/network.o
 .data.__compound_literal.50
                0x0000000020000514        0xc ./X-CUBE-AI/App/network.o
 .data.__compound_literal.51
                0x0000000020000520       0x18 ./X-CUBE-AI/App/network.o
 .data.g_network
                0x0000000020000538       0x4c ./X-CUBE-AI/App/network.o
 .data.__compound_literal.0
                0x0000000020000584       0x10 ./X-CUBE-AI/App/network_data.o
 .data.g_network_data_map_activations
                0x0000000020000594       0x1c ./X-CUBE-AI/App/network_data.o
                0x0000000020000594                g_network_data_map_activations
 .data.__compound_literal.1
                0x00000000200005b0       0x10 ./X-CUBE-AI/App/network_data.o
 .data.g_network_data_map_weights
                0x00000000200005c0       0x1c ./X-CUBE-AI/App/network_data.o
                0x00000000200005c0                g_network_data_map_weights
 .data.__sglue  0x00000000200005dc        0xc /home/bernhard/st/stm32cubeide_1.14.0/plugins/com.st.stm32cube.ide.mcu.externaltools.gnu-tools-for-stm32.11.3.rel1.linux64_1.1.100.202309141235/tools/bin/../lib/gcc/arm-none-eabi/11.3.1/../../../../arm-none-eabi/lib/thumb/v7e-m+fp/hard/libc_nano.a(libc_a-findfp.o)
                0x00000000200005dc                __sglue
 .data._impure_data
                0x00000000200005e8       0x4c /home/bernhard/st/stm32cubeide_1.14.0/plugins/com.st.stm32cube.ide.mcu.externaltools.gnu-tools-for-stm32.11.3.rel1.linux64_1.1.100.202309141235/tools/bin/../lib/gcc/arm-none-eabi/11.3.1/../../../../arm-none-eabi/lib/thumb/v7e-m+fp/hard/libc_nano.a(libc_a-impure.o)
                0x00000000200005e8                _impure_data
 .data._impure_ptr
                0x0000000020000634        0x4 /home/bernhard/st/stm32cubeide_1.14.0/plugins/com.st.stm32cube.ide.mcu.externaltools.gnu-tools-for-stm32.11.3.rel1.linux64_1.1.100.202309141235/tools/bin/../lib/gcc/arm-none-eabi/11.3.1/../../../../arm-none-eabi/lib/thumb/v7e-m+fp/hard/libc_nano.a(libc_a-impure.o)
                0x0000000020000634                _impure_ptr
 .data.one      0x0000000020000638        0x4 /home/bernhard/st/stm32cubeide_1.14.0/plugins/com.st.stm32cube.ide.mcu.externaltools.gnu-tools-for-stm32.11.3.rel1.linux64_1.1.100.202309141235/tools/bin/../lib/gcc/arm-none-eabi/11.3.1/../../../../arm-none-eabi/lib/thumb/v7e-m+fp/hard/libm.a(libm_a-sf_tanh.o)
 .data.tiny     0x000000002000063c        0x4 /home/bernhard/st/stm32cubeide_1.14.0/plugins/com.st.stm32cube.ide.mcu.externaltools.gnu-tools-for-stm32.11.3.rel1.linux64_1.1.100.202309141235/tools/bin/../lib/gcc/arm-none-eabi/11.3.1/../../../../arm-none-eabi/lib/thumb/v7e-m+fp/hard/libm.a(libm_a-sf_tanh.o)
 .data.two      0x0000000020000640        0x4 /home/bernhard/st/stm32cubeide_1.14.0/plugins/com.st.stm32cube.ide.mcu.externaltools.gnu-tools-for-stm32.11.3.rel1.linux64_1.1.100.202309141235/tools/bin/../lib/gcc/arm-none-eabi/11.3.1/../../../../arm-none-eabi/lib/thumb/v7e-m+fp/hard/libm.a(libm_a-sf_tanh.o)
 *(.RamFunc)
 *(.RamFunc*)
                0x0000000020000644                . = ALIGN (0x4)
                0x0000000020000644                _edata = .
                0x000000000800c900                _siccmram = LOADADDR (.ccmram)

.igot.plt       0x0000000020000644        0x0 load address 0x000000000800c900
 .igot.plt      0x0000000020000644        0x0 /home/bernhard/st/stm32cubeide_1.14.0/plugins/com.st.stm32cube.ide.mcu.externaltools.gnu-tools-for-stm32.11.3.rel1.linux64_1.1.100.202309141235/tools/bin/../lib/gcc/arm-none-eabi/11.3.1/thumb/v7e-m+fp/hard/crtbegin.o

.ccmram         0x0000000010000000        0x0 load address 0x000000000800c900
                0x0000000010000000                . = ALIGN (0x4)
                0x0000000010000000                _sccmram = .
 *(.ccmram)
 *(.ccmram*)
                0x0000000010000000                . = ALIGN (0x4)
                0x0000000010000000                _eccmram = .
                0x0000000010000000                . = ALIGN (0x4)

.bss            0x0000000020000644      0xb24
                0x0000000020000644                _sbss = .
                0x0000000020000644                __bss_start__ = _sbss
 *(.bss)
 .bss           0x0000000020000644       0x1c /home/bernhard/st/stm32cubeide_1.14.0/plugins/com.st.stm32cube.ide.mcu.externaltools.gnu-tools-for-stm32.11.3.rel1.linux64_1.1.100.202309141235/tools/bin/../lib/gcc/arm-none-eabi/11.3.1/thumb/v7e-m+fp/hard/crtbegin.o
 *(.bss*)
 .bss.hcrc      0x0000000020000660       0x24 ./Core/Src/main.o
                0x0000000020000660                hcrc
 .bss.huart2    0x0000000020000684       0x88 ./Core/Src/main.o
                0x0000000020000684                huart2
 .bss.network   0x000000002000070c        0x4 ./Core/Src/main.o
 .bss.activations
                0x0000000020000710      0x400 ./Core/Src/main.o
 .bss.in_data   0x0000000020000b10      0x478 ./Core/Src/main.o
 .bss.out_data  0x0000000020000f88        0x8 ./Core/Src/main.o
 .bss.ai_input  0x0000000020000f90        0x4 ./Core/Src/main.o
 .bss.ai_output
                0x0000000020000f94        0x4 ./Core/Src/main.o
 .bss.__sbrk_heap_end
                0x0000000020000f98        0x4 ./Core/Src/sysmem.o
 .bss.uwTick    0x0000000020000f9c        0x4 ./Drivers/STM32F3xx_HAL_Driver/Src/stm32f3xx_hal.o
                0x0000000020000f9c                uwTick
 .bss.g_network_activations_map
                0x0000000020000fa0        0x4 ./X-CUBE-AI/App/network.o
 .bss.g_network_weights_map
                0x0000000020000fa4        0x4 ./X-CUBE-AI/App/network.o
 .bss.__compound_literal.24
                0x0000000020000fa8        0x4 ./X-CUBE-AI/App/network.o
 .bss.__compound_literal.25
                0x0000000020000fac        0x4 ./X-CUBE-AI/App/network.o
 .bss.__compound_literal.30
                0x0000000020000fb0        0x4 ./X-CUBE-AI/App/network.o
 .bss.__compound_literal.42
                0x0000000020000fb4       0x1c ./X-CUBE-AI/App/network.o
 .bss.__compound_literal.43
                0x0000000020000fd0       0x10 ./X-CUBE-AI/App/network.o
 .bss.__compound_literal.44
                0x0000000020000fe0        0x8 ./X-CUBE-AI/App/network.o
 .bss.__compound_literal.47
                0x0000000020000fe8       0x1c ./X-CUBE-AI/App/network.o
 .bss.__compound_literal.48
                0x0000000020001004       0x10 ./X-CUBE-AI/App/network.o
 .bss.__compound_literal.49
                0x0000000020001014        0x8 ./X-CUBE-AI/App/network.o
 .bss.__malloc_free_list
                0x000000002000101c        0x4 /home/bernhard/st/stm32cubeide_1.14.0/plugins/com.st.stm32cube.ide.mcu.externaltools.gnu-tools-for-stm32.11.3.rel1.linux64_1.1.100.202309141235/tools/bin/../lib/gcc/arm-none-eabi/11.3.1/../../../../arm-none-eabi/lib/thumb/v7e-m+fp/hard/libc_nano.a(libc_a-mallocr.o)
                0x000000002000101c                __malloc_free_list
 .bss.__malloc_sbrk_start
                0x0000000020001020        0x4 /home/bernhard/st/stm32cubeide_1.14.0/plugins/com.st.stm32cube.ide.mcu.externaltools.gnu-tools-for-stm32.11.3.rel1.linux64_1.1.100.202309141235/tools/bin/../lib/gcc/arm-none-eabi/11.3.1/../../../../arm-none-eabi/lib/thumb/v7e-m+fp/hard/libc_nano.a(libc_a-mallocr.o)
                0x0000000020001020                __malloc_sbrk_start
 .bss.__sf      0x0000000020001024      0x138 /home/bernhard/st/stm32cubeide_1.14.0/plugins/com.st.stm32cube.ide.mcu.externaltools.gnu-tools-for-stm32.11.3.rel1.linux64_1.1.100.202309141235/tools/bin/../lib/gcc/arm-none-eabi/11.3.1/../../../../arm-none-eabi/lib/thumb/v7e-m+fp/hard/libc_nano.a(libc_a-findfp.o)
                0x0000000020001024                __sf
 .bss.__stdio_exit_handler
                0x000000002000115c        0x4 /home/bernhard/st/stm32cubeide_1.14.0/plugins/com.st.stm32cube.ide.mcu.externaltools.gnu-tools-for-stm32.11.3.rel1.linux64_1.1.100.202309141235/tools/bin/../lib/gcc/arm-none-eabi/11.3.1/../../../../arm-none-eabi/lib/thumb/v7e-m+fp/hard/libc_nano.a(libc_a-findfp.o)
                0x000000002000115c                __stdio_exit_handler
 .bss.errno     0x0000000020001160        0x4 /home/bernhard/st/stm32cubeide_1.14.0/plugins/com.st.stm32cube.ide.mcu.externaltools.gnu-tools-for-stm32.11.3.rel1.linux64_1.1.100.202309141235/tools/bin/../lib/gcc/arm-none-eabi/11.3.1/../../../../arm-none-eabi/lib/thumb/v7e-m+fp/hard/libc_nano.a(libc_a-reent.o)
                0x0000000020001160                errno
 .bss.__lock___malloc_recursive_mutex
                0x0000000020001164        0x1 /home/bernhard/st/stm32cubeide_1.14.0/plugins/com.st.stm32cube.ide.mcu.externaltools.gnu-tools-for-stm32.11.3.rel1.linux64_1.1.100.202309141235/tools/bin/../lib/gcc/arm-none-eabi/11.3.1/../../../../arm-none-eabi/lib/thumb/v7e-m+fp/hard/libc_nano.a(libc_a-lock.o)
                0x0000000020001164                __lock___malloc_recursive_mutex
 .bss.__lock___sfp_recursive_mutex
                0x0000000020001165        0x1 /home/bernhard/st/stm32cubeide_1.14.0/plugins/com.st.stm32cube.ide.mcu.externaltools.gnu-tools-for-stm32.11.3.rel1.linux64_1.1.100.202309141235/tools/bin/../lib/gcc/arm-none-eabi/11.3.1/../../../../arm-none-eabi/lib/thumb/v7e-m+fp/hard/libc_nano.a(libc_a-lock.o)
                0x0000000020001165                __lock___sfp_recursive_mutex
 *(COMMON)
                0x0000000020001168                . = ALIGN (0x4)
 *fill*         0x0000000020001166        0x2 
                0x0000000020001168                _ebss = .
                0x0000000020001168                __bss_end__ = _ebss

._user_heap_stack
                0x0000000020001168     0x1000
                0x0000000020001168                . = ALIGN (0x8)
                [!provide]                        PROVIDE (end = .)
                0x0000000020001168                PROVIDE (_end = .)
                0x0000000020001968                . = (. + _Min_Heap_Size)
 *fill*         0x0000000020001168      0x800 
                0x0000000020002168                . = (. + _Min_Stack_Size)
 *fill*         0x0000000020001968      0x800 
                0x0000000020002168                . = ALIGN (0x8)

/DISCARD/
 libc.a(*)
 libm.a(*)
 libgcc.a(*)

.ARM.attributes
                0x0000000000000000       0x30
 *(.ARM.attributes)
 .ARM.attributes
                0x0000000000000000       0x1e /home/bernhard/st/stm32cubeide_1.14.0/plugins/com.st.stm32cube.ide.mcu.externaltools.gnu-tools-for-stm32.11.3.rel1.linux64_1.1.100.202309141235/tools/bin/../lib/gcc/arm-none-eabi/11.3.1/thumb/v7e-m+fp/hard/crti.o
 .ARM.attributes
                0x000000000000001e       0x34 /home/bernhard/st/stm32cubeide_1.14.0/plugins/com.st.stm32cube.ide.mcu.externaltools.gnu-tools-for-stm32.11.3.rel1.linux64_1.1.100.202309141235/tools/bin/../lib/gcc/arm-none-eabi/11.3.1/thumb/v7e-m+fp/hard/crtbegin.o
 .ARM.attributes
                0x0000000000000052       0x34 ./Core/Src/main.o
 .ARM.attributes
                0x0000000000000086       0x34 ./Core/Src/stm32f3xx_hal_msp.o
 .ARM.attributes
                0x00000000000000ba       0x34 ./Core/Src/stm32f3xx_it.o
 .ARM.attributes
                0x00000000000000ee       0x34 ./Core/Src/syscalls.o
 .ARM.attributes
                0x0000000000000122       0x34 ./Core/Src/sysmem.o
 .ARM.attributes
                0x0000000000000156       0x34 ./Core/Src/system_stm32f3xx.o
 .ARM.attributes
                0x000000000000018a       0x21 ./Core/Startup/startup_stm32f334r8tx.o
 .ARM.attributes
                0x00000000000001ab       0x34 ./Drivers/STM32F3xx_HAL_Driver/Src/stm32f3xx_hal.o
 .ARM.attributes
                0x00000000000001df       0x34 ./Drivers/STM32F3xx_HAL_Driver/Src/stm32f3xx_hal_cortex.o
 .ARM.attributes
                0x0000000000000213       0x34 ./Drivers/STM32F3xx_HAL_Driver/Src/stm32f3xx_hal_crc.o
 .ARM.attributes
                0x0000000000000247       0x34 ./Drivers/STM32F3xx_HAL_Driver/Src/stm32f3xx_hal_crc_ex.o
 .ARM.attributes
                0x000000000000027b       0x34 ./Drivers/STM32F3xx_HAL_Driver/Src/stm32f3xx_hal_gpio.o
 .ARM.attributes
                0x00000000000002af       0x34 ./Drivers/STM32F3xx_HAL_Driver/Src/stm32f3xx_hal_rcc.o
 .ARM.attributes
                0x00000000000002e3       0x34 ./Drivers/STM32F3xx_HAL_Driver/Src/stm32f3xx_hal_uart.o
 .ARM.attributes
                0x0000000000000317       0x34 ./X-CUBE-AI/App/network.o
 .ARM.attributes
                0x000000000000034b       0x34 ./X-CUBE-AI/App/network_data.o
 .ARM.attributes
                0x000000000000037f       0x34 ./X-CUBE-AI/App/network_data_params.o
 .ARM.attributes
                0x00000000000003b3       0x30 ../Middlewares/ST/AI/Lib/NetworkRuntime810_CM4_GCC.a(ai_platform.o)
 .ARM.attributes
                0x00000000000003e3       0x30 ../Middlewares/ST/AI/Lib/NetworkRuntime810_CM4_GCC.a(ai_platform_interface.o)
 .ARM.attributes
                0x0000000000000413       0x30 ../Middlewares/ST/AI/Lib/NetworkRuntime810_CM4_GCC.a(core_common.o)
 .ARM.attributes
                0x0000000000000443       0x30 ../Middlewares/ST/AI/Lib/NetworkRuntime810_CM4_GCC.a(layers.o)
 .ARM.attributes
                0x0000000000000473       0x30 ../Middlewares/ST/AI/Lib/NetworkRuntime810_CM4_GCC.a(layers_conv2d_generic_float.o)
 .ARM.attributes
                0x00000000000004a3       0x30 ../Middlewares/ST/AI/Lib/NetworkRuntime810_CM4_GCC.a(layers_nl_generic_float.o)
 .ARM.attributes
                0x00000000000004d3       0x30 ../Middlewares/ST/AI/Lib/NetworkRuntime810_CM4_GCC.a(layers_rnn_generic_float.o)
 .ARM.attributes
                0x0000000000000503       0x30 ../Middlewares/ST/AI/Lib/NetworkRuntime810_CM4_GCC.a(lite_dense_if32.o)
 .ARM.attributes
                0x0000000000000533       0x30 ../Middlewares/ST/AI/Lib/NetworkRuntime810_CM4_GCC.a(st_int8_fill.o)
 .ARM.attributes
                0x0000000000000563       0x30 ../Middlewares/ST/AI/Lib/NetworkRuntime810_CM4_GCC.a(ai_datatypes_format.o)
 .ARM.attributes
                0x0000000000000593       0x30 ../Middlewares/ST/AI/Lib/NetworkRuntime810_CM4_GCC.a(ai_datatypes_internal.o)
 .ARM.attributes
                0x00000000000005c3       0x34 /home/bernhard/st/stm32cubeide_1.14.0/plugins/com.st.stm32cube.ide.mcu.externaltools.gnu-tools-for-stm32.11.3.rel1.linux64_1.1.100.202309141235/tools/bin/../lib/gcc/arm-none-eabi/11.3.1/../../../../arm-none-eabi/lib/thumb/v7e-m+fp/hard/libc_nano.a(libc_a-mallocr.o)
 .ARM.attributes
                0x00000000000005f7       0x34 /home/bernhard/st/stm32cubeide_1.14.0/plugins/com.st.stm32cube.ide.mcu.externaltools.gnu-tools-for-stm32.11.3.rel1.linux64_1.1.100.202309141235/tools/bin/../lib/gcc/arm-none-eabi/11.3.1/../../../../arm-none-eabi/lib/thumb/v7e-m+fp/hard/libc_nano.a(libc_a-mlock.o)
 .ARM.attributes
                0x000000000000062b       0x34 /home/bernhard/st/stm32cubeide_1.14.0/plugins/com.st.stm32cube.ide.mcu.externaltools.gnu-tools-for-stm32.11.3.rel1.linux64_1.1.100.202309141235/tools/bin/../lib/gcc/arm-none-eabi/11.3.1/../../../../arm-none-eabi/lib/thumb/v7e-m+fp/hard/libc_nano.a(libc_a-findfp.o)
 .ARM.attributes
                0x000000000000065f       0x34 /home/bernhard/st/stm32cubeide_1.14.0/plugins/com.st.stm32cube.ide.mcu.externaltools.gnu-tools-for-stm32.11.3.rel1.linux64_1.1.100.202309141235/tools/bin/../lib/gcc/arm-none-eabi/11.3.1/../../../../arm-none-eabi/lib/thumb/v7e-m+fp/hard/libc_nano.a(libc_a-fwalk.o)
 .ARM.attributes
                0x0000000000000693       0x34 /home/bernhard/st/stm32cubeide_1.14.0/plugins/com.st.stm32cube.ide.mcu.externaltools.gnu-tools-for-stm32.11.3.rel1.linux64_1.1.100.202309141235/tools/bin/../lib/gcc/arm-none-eabi/11.3.1/../../../../arm-none-eabi/lib/thumb/v7e-m+fp/hard/libc_nano.a(libc_a-printf.o)
 .ARM.attributes
                0x00000000000006c7       0x34 /home/bernhard/st/stm32cubeide_1.14.0/plugins/com.st.stm32cube.ide.mcu.externaltools.gnu-tools-for-stm32.11.3.rel1.linux64_1.1.100.202309141235/tools/bin/../lib/gcc/arm-none-eabi/11.3.1/../../../../arm-none-eabi/lib/thumb/v7e-m+fp/hard/libc_nano.a(libc_a-stdio.o)
 .ARM.attributes
                0x00000000000006fb       0x34 /home/bernhard/st/stm32cubeide_1.14.0/plugins/com.st.stm32cube.ide.mcu.externaltools.gnu-tools-for-stm32.11.3.rel1.linux64_1.1.100.202309141235/tools/bin/../lib/gcc/arm-none-eabi/11.3.1/../../../../arm-none-eabi/lib/thumb/v7e-m+fp/hard/libc_nano.a(libc_a-memset.o)
 .ARM.attributes
                0x000000000000072f       0x34 /home/bernhard/st/stm32cubeide_1.14.0/plugins/com.st.stm32cube.ide.mcu.externaltools.gnu-tools-for-stm32.11.3.rel1.linux64_1.1.100.202309141235/tools/bin/../lib/gcc/arm-none-eabi/11.3.1/../../../../arm-none-eabi/lib/thumb/v7e-m+fp/hard/libc_nano.a(libc_a-closer.o)
 .ARM.attributes
                0x0000000000000763       0x34 /home/bernhard/st/stm32cubeide_1.14.0/plugins/com.st.stm32cube.ide.mcu.externaltools.gnu-tools-for-stm32.11.3.rel1.linux64_1.1.100.202309141235/tools/bin/../lib/gcc/arm-none-eabi/11.3.1/../../../../arm-none-eabi/lib/thumb/v7e-m+fp/hard/libc_nano.a(libc_a-reent.o)
 .ARM.attributes
                0x0000000000000797       0x34 /home/bernhard/st/stm32cubeide_1.14.0/plugins/com.st.stm32cube.ide.mcu.externaltools.gnu-tools-for-stm32.11.3.rel1.linux64_1.1.100.202309141235/tools/bin/../lib/gcc/arm-none-eabi/11.3.1/../../../../arm-none-eabi/lib/thumb/v7e-m+fp/hard/libc_nano.a(libc_a-impure.o)
 .ARM.attributes
                0x00000000000007cb       0x34 /home/bernhard/st/stm32cubeide_1.14.0/plugins/com.st.stm32cube.ide.mcu.externaltools.gnu-tools-for-stm32.11.3.rel1.linux64_1.1.100.202309141235/tools/bin/../lib/gcc/arm-none-eabi/11.3.1/../../../../arm-none-eabi/lib/thumb/v7e-m+fp/hard/libc_nano.a(libc_a-lseekr.o)
 .ARM.attributes
                0x00000000000007ff       0x34 /home/bernhard/st/stm32cubeide_1.14.0/plugins/com.st.stm32cube.ide.mcu.externaltools.gnu-tools-for-stm32.11.3.rel1.linux64_1.1.100.202309141235/tools/bin/../lib/gcc/arm-none-eabi/11.3.1/../../../../arm-none-eabi/lib/thumb/v7e-m+fp/hard/libc_nano.a(libc_a-readr.o)
 .ARM.attributes
                0x0000000000000833       0x34 /home/bernhard/st/stm32cubeide_1.14.0/plugins/com.st.stm32cube.ide.mcu.externaltools.gnu-tools-for-stm32.11.3.rel1.linux64_1.1.100.202309141235/tools/bin/../lib/gcc/arm-none-eabi/11.3.1/../../../../arm-none-eabi/lib/thumb/v7e-m+fp/hard/libc_nano.a(libc_a-sbrkr.o)
 .ARM.attributes
                0x0000000000000867       0x34 /home/bernhard/st/stm32cubeide_1.14.0/plugins/com.st.stm32cube.ide.mcu.externaltools.gnu-tools-for-stm32.11.3.rel1.linux64_1.1.100.202309141235/tools/bin/../lib/gcc/arm-none-eabi/11.3.1/../../../../arm-none-eabi/lib/thumb/v7e-m+fp/hard/libc_nano.a(libc_a-writer.o)
 .ARM.attributes
                0x000000000000089b       0x34 /home/bernhard/st/stm32cubeide_1.14.0/plugins/com.st.stm32cube.ide.mcu.externaltools.gnu-tools-for-stm32.11.3.rel1.linux64_1.1.100.202309141235/tools/bin/../lib/gcc/arm-none-eabi/11.3.1/../../../../arm-none-eabi/lib/thumb/v7e-m+fp/hard/libc_nano.a(libc_a-errno.o)
 .ARM.attributes
                0x00000000000008cf       0x34 /home/bernhard/st/stm32cubeide_1.14.0/plugins/com.st.stm32cube.ide.mcu.externaltools.gnu-tools-for-stm32.11.3.rel1.linux64_1.1.100.202309141235/tools/bin/../lib/gcc/arm-none-eabi/11.3.1/../../../../arm-none-eabi/lib/thumb/v7e-m+fp/hard/libc_nano.a(libc_a-init.o)
 .ARM.attributes
                0x0000000000000903       0x34 /home/bernhard/st/stm32cubeide_1.14.0/plugins/com.st.stm32cube.ide.mcu.externaltools.gnu-tools-for-stm32.11.3.rel1.linux64_1.1.100.202309141235/tools/bin/../lib/gcc/arm-none-eabi/11.3.1/../../../../arm-none-eabi/lib/thumb/v7e-m+fp/hard/libc_nano.a(libc_a-lock.o)
 .ARM.attributes
                0x0000000000000937       0x34 /home/bernhard/st/stm32cubeide_1.14.0/plugins/com.st.stm32cube.ide.mcu.externaltools.gnu-tools-for-stm32.11.3.rel1.linux64_1.1.100.202309141235/tools/bin/../lib/gcc/arm-none-eabi/11.3.1/../../../../arm-none-eabi/lib/thumb/v7e-m+fp/hard/libc_nano.a(libc_a-freer.o)
 .ARM.attributes
                0x000000000000096b       0x34 /home/bernhard/st/stm32cubeide_1.14.0/plugins/com.st.stm32cube.ide.mcu.externaltools.gnu-tools-for-stm32.11.3.rel1.linux64_1.1.100.202309141235/tools/bin/../lib/gcc/arm-none-eabi/11.3.1/../../../../arm-none-eabi/lib/thumb/v7e-m+fp/hard/libc_nano.a(libc_a-nano-vfprintf.o)
 .ARM.attributes
                0x000000000000099f       0x34 /home/bernhard/st/stm32cubeide_1.14.0/plugins/com.st.stm32cube.ide.mcu.externaltools.gnu-tools-for-stm32.11.3.rel1.linux64_1.1.100.202309141235/tools/bin/../lib/gcc/arm-none-eabi/11.3.1/../../../../arm-none-eabi/lib/thumb/v7e-m+fp/hard/libc_nano.a(libc_a-nano-vfprintf_i.o)
 .ARM.attributes
                0x00000000000009d3       0x34 /home/bernhard/st/stm32cubeide_1.14.0/plugins/com.st.stm32cube.ide.mcu.externaltools.gnu-tools-for-stm32.11.3.rel1.linux64_1.1.100.202309141235/tools/bin/../lib/gcc/arm-none-eabi/11.3.1/../../../../arm-none-eabi/lib/thumb/v7e-m+fp/hard/libc_nano.a(libc_a-fflush.o)
 .ARM.attributes
                0x0000000000000a07       0x34 /home/bernhard/st/stm32cubeide_1.14.0/plugins/com.st.stm32cube.ide.mcu.externaltools.gnu-tools-for-stm32.11.3.rel1.linux64_1.1.100.202309141235/tools/bin/../lib/gcc/arm-none-eabi/11.3.1/../../../../arm-none-eabi/lib/thumb/v7e-m+fp/hard/libc_nano.a(libc_a-wbuf.o)
 .ARM.attributes
                0x0000000000000a3b       0x34 /home/bernhard/st/stm32cubeide_1.14.0/plugins/com.st.stm32cube.ide.mcu.externaltools.gnu-tools-for-stm32.11.3.rel1.linux64_1.1.100.202309141235/tools/bin/../lib/gcc/arm-none-eabi/11.3.1/../../../../arm-none-eabi/lib/thumb/v7e-m+fp/hard/libc_nano.a(libc_a-wsetup.o)
 .ARM.attributes
                0x0000000000000a6f       0x1c /home/bernhard/st/stm32cubeide_1.14.0/plugins/com.st.stm32cube.ide.mcu.externaltools.gnu-tools-for-stm32.11.3.rel1.linux64_1.1.100.202309141235/tools/bin/../lib/gcc/arm-none-eabi/11.3.1/../../../../arm-none-eabi/lib/thumb/v7e-m+fp/hard/libc_nano.a(libc_a-memchr.o)
 .ARM.attributes
                0x0000000000000a8b       0x34 /home/bernhard/st/stm32cubeide_1.14.0/plugins/com.st.stm32cube.ide.mcu.externaltools.gnu-tools-for-stm32.11.3.rel1.linux64_1.1.100.202309141235/tools/bin/../lib/gcc/arm-none-eabi/11.3.1/../../../../arm-none-eabi/lib/thumb/v7e-m+fp/hard/libc_nano.a(libc_a-makebuf.o)
 .ARM.attributes
                0x0000000000000abf       0x34 /home/bernhard/st/stm32cubeide_1.14.0/plugins/com.st.stm32cube.ide.mcu.externaltools.gnu-tools-for-stm32.11.3.rel1.linux64_1.1.100.202309141235/tools/bin/../lib/gcc/arm-none-eabi/11.3.1/../../../../arm-none-eabi/lib/thumb/v7e-m+fp/hard/libc_nano.a(libc_a-fstatr.o)
 .ARM.attributes
                0x0000000000000af3       0x34 /home/bernhard/st/stm32cubeide_1.14.0/plugins/com.st.stm32cube.ide.mcu.externaltools.gnu-tools-for-stm32.11.3.rel1.linux64_1.1.100.202309141235/tools/bin/../lib/gcc/arm-none-eabi/11.3.1/../../../../arm-none-eabi/lib/thumb/v7e-m+fp/hard/libc_nano.a(libc_a-isattyr.o)
 .ARM.attributes
                0x0000000000000b27       0x34 /home/bernhard/st/stm32cubeide_1.14.0/plugins/com.st.stm32cube.ide.mcu.externaltools.gnu-tools-for-stm32.11.3.rel1.linux64_1.1.100.202309141235/tools/bin/../lib/gcc/arm-none-eabi/11.3.1/../../../../arm-none-eabi/lib/thumb/v7e-m+fp/hard/libm.a(libm_a-wf_exp.o)
 .ARM.attributes
                0x0000000000000b5b       0x34 /home/bernhard/st/stm32cubeide_1.14.0/plugins/com.st.stm32cube.ide.mcu.externaltools.gnu-tools-for-stm32.11.3.rel1.linux64_1.1.100.202309141235/tools/bin/../lib/gcc/arm-none-eabi/11.3.1/../../../../arm-none-eabi/lib/thumb/v7e-m+fp/hard/libm.a(libm_a-sf_fabs.o)
 .ARM.attributes
                0x0000000000000b8f       0x34 /home/bernhard/st/stm32cubeide_1.14.0/plugins/com.st.stm32cube.ide.mcu.externaltools.gnu-tools-for-stm32.11.3.rel1.linux64_1.1.100.202309141235/tools/bin/../lib/gcc/arm-none-eabi/11.3.1/../../../../arm-none-eabi/lib/thumb/v7e-m+fp/hard/libm.a(libm_a-sf_tanh.o)
 .ARM.attributes
                0x0000000000000bc3       0x34 /home/bernhard/st/stm32cubeide_1.14.0/plugins/com.st.stm32cube.ide.mcu.externaltools.gnu-tools-for-stm32.11.3.rel1.linux64_1.1.100.202309141235/tools/bin/../lib/gcc/arm-none-eabi/11.3.1/../../../../arm-none-eabi/lib/thumb/v7e-m+fp/hard/libm.a(libm_a-sf_finite.o)
 .ARM.attributes
                0x0000000000000bf7       0x34 /home/bernhard/st/stm32cubeide_1.14.0/plugins/com.st.stm32cube.ide.mcu.externaltools.gnu-tools-for-stm32.11.3.rel1.linux64_1.1.100.202309141235/tools/bin/../lib/gcc/arm-none-eabi/11.3.1/../../../../arm-none-eabi/lib/thumb/v7e-m+fp/hard/libm.a(libm_a-sf_expm1.o)
 .ARM.attributes
                0x0000000000000c2b       0x34 /home/bernhard/st/stm32cubeide_1.14.0/plugins/com.st.stm32cube.ide.mcu.externaltools.gnu-tools-for-stm32.11.3.rel1.linux64_1.1.100.202309141235/tools/bin/../lib/gcc/arm-none-eabi/11.3.1/../../../../arm-none-eabi/lib/thumb/v7e-m+fp/hard/libm.a(libm_a-math_errf.o)
 .ARM.attributes
                0x0000000000000c5f       0x34 /home/bernhard/st/stm32cubeide_1.14.0/plugins/com.st.stm32cube.ide.mcu.externaltools.gnu-tools-for-stm32.11.3.rel1.linux64_1.1.100.202309141235/tools/bin/../lib/gcc/arm-none-eabi/11.3.1/../../../../arm-none-eabi/lib/thumb/v7e-m+fp/hard/libm.a(libm_a-ef_exp.o)
 .ARM.attributes
                0x0000000000000c93       0x1e /home/bernhard/st/stm32cubeide_1.14.0/plugins/com.st.stm32cube.ide.mcu.externaltools.gnu-tools-for-stm32.11.3.rel1.linux64_1.1.100.202309141235/tools/bin/../lib/gcc/arm-none-eabi/11.3.1/thumb/v7e-m+fp/hard/crtn.o
OUTPUT(KerasLSTM.elf elf32-littlearm)
LOAD linker stubs
LOAD /home/bernhard/st/stm32cubeide_1.14.0/plugins/com.st.stm32cube.ide.mcu.externaltools.gnu-tools-for-stm32.11.3.rel1.linux64_1.1.100.202309141235/tools/bin/../lib/gcc/arm-none-eabi/11.3.1/../../../../arm-none-eabi/lib/thumb/v7e-m+fp/hard/libc.a
LOAD /home/bernhard/st/stm32cubeide_1.14.0/plugins/com.st.stm32cube.ide.mcu.externaltools.gnu-tools-for-stm32.11.3.rel1.linux64_1.1.100.202309141235/tools/bin/../lib/gcc/arm-none-eabi/11.3.1/../../../../arm-none-eabi/lib/thumb/v7e-m+fp/hard/libm.a
LOAD /home/bernhard/st/stm32cubeide_1.14.0/plugins/com.st.stm32cube.ide.mcu.externaltools.gnu-tools-for-stm32.11.3.rel1.linux64_1.1.100.202309141235/tools/bin/../lib/gcc/arm-none-eabi/11.3.1/thumb/v7e-m+fp/hard/libgcc.a

.comment        0x0000000000000000       0x93
 .comment       0x0000000000000000       0x43 /home/bernhard/st/stm32cubeide_1.14.0/plugins/com.st.stm32cube.ide.mcu.externaltools.gnu-tools-for-stm32.11.3.rel1.linux64_1.1.100.202309141235/tools/bin/../lib/gcc/arm-none-eabi/11.3.1/thumb/v7e-m+fp/hard/crtbegin.o
                                         0x44 (size before relaxing)
 .comment       0x0000000000000043       0x44 ./Core/Src/main.o
 .comment       0x0000000000000043       0x44 ./Core/Src/stm32f3xx_hal_msp.o
 .comment       0x0000000000000043       0x44 ./Core/Src/stm32f3xx_it.o
 .comment       0x0000000000000043       0x44 ./Core/Src/syscalls.o
 .comment       0x0000000000000043       0x44 ./Core/Src/sysmem.o
 .comment       0x0000000000000043       0x44 ./Core/Src/system_stm32f3xx.o
 .comment       0x0000000000000043       0x44 ./Drivers/STM32F3xx_HAL_Driver/Src/stm32f3xx_hal.o
 .comment       0x0000000000000043       0x44 ./Drivers/STM32F3xx_HAL_Driver/Src/stm32f3xx_hal_cortex.o
 .comment       0x0000000000000043       0x44 ./Drivers/STM32F3xx_HAL_Driver/Src/stm32f3xx_hal_crc.o
 .comment       0x0000000000000043       0x44 ./Drivers/STM32F3xx_HAL_Driver/Src/stm32f3xx_hal_crc_ex.o
 .comment       0x0000000000000043       0x44 ./Drivers/STM32F3xx_HAL_Driver/Src/stm32f3xx_hal_gpio.o
 .comment       0x0000000000000043       0x44 ./Drivers/STM32F3xx_HAL_Driver/Src/stm32f3xx_hal_rcc.o
 .comment       0x0000000000000043       0x44 ./Drivers/STM32F3xx_HAL_Driver/Src/stm32f3xx_hal_uart.o
 .comment       0x0000000000000043       0x44 ./X-CUBE-AI/App/network.o
 .comment       0x0000000000000043       0x44 ./X-CUBE-AI/App/network_data.o
 .comment       0x0000000000000043       0x44 ./X-CUBE-AI/App/network_data_params.o
 .comment       0x0000000000000043       0x50 ../Middlewares/ST/AI/Lib/NetworkRuntime810_CM4_GCC.a(ai_platform.o)
                                         0x51 (size before relaxing)
 .comment       0x0000000000000093       0x51 ../Middlewares/ST/AI/Lib/NetworkRuntime810_CM4_GCC.a(ai_platform_interface.o)
 .comment       0x0000000000000093       0x51 ../Middlewares/ST/AI/Lib/NetworkRuntime810_CM4_GCC.a(core_common.o)
 .comment       0x0000000000000093       0x51 ../Middlewares/ST/AI/Lib/NetworkRuntime810_CM4_GCC.a(layers.o)
 .comment       0x0000000000000093       0x51 ../Middlewares/ST/AI/Lib/NetworkRuntime810_CM4_GCC.a(layers_conv2d_generic_float.o)
 .comment       0x0000000000000093       0x51 ../Middlewares/ST/AI/Lib/NetworkRuntime810_CM4_GCC.a(layers_nl_generic_float.o)
 .comment       0x0000000000000093       0x51 ../Middlewares/ST/AI/Lib/NetworkRuntime810_CM4_GCC.a(layers_rnn_generic_float.o)
 .comment       0x0000000000000093       0x51 ../Middlewares/ST/AI/Lib/NetworkRuntime810_CM4_GCC.a(lite_dense_if32.o)
 .comment       0x0000000000000093       0x51 ../Middlewares/ST/AI/Lib/NetworkRuntime810_CM4_GCC.a(st_int8_fill.o)
 .comment       0x0000000000000093       0x51 ../Middlewares/ST/AI/Lib/NetworkRuntime810_CM4_GCC.a(ai_datatypes_format.o)
 .comment       0x0000000000000093       0x51 ../Middlewares/ST/AI/Lib/NetworkRuntime810_CM4_GCC.a(ai_datatypes_internal.o)

.debug_info     0x0000000000000000     0xbc92
 .debug_info    0x0000000000000000     0x126f ./Core/Src/main.o