Archive member included to satisfy reference by file (symbol)

../Middlewares/ST/AI/Lib/NetworkRuntime810_CM4_GCC.a(ai_platform.o)
                              ./X-CUBE-AI/App/network.o (ai_buffer_array_item_set_address)
../Middlewares/ST/AI/Lib/NetworkRuntime810_CM4_GCC.a(ai_platform_interface.o)
                              ./X-CUBE-AI/App/network.o (ai_platform_get_weights_map)
../Middlewares/ST/AI/Lib/NetworkRuntime810_CM4_GCC.a(core_common.o)
                              ../Middlewares/ST/AI/Lib/NetworkRuntime810_CM4_GCC.a(ai_platform_interface.o) (core_init)
../Middlewares/ST/AI/Lib/NetworkRuntime810_CM4_GCC.a(core_mem_manager.o)
                              ../Middlewares/ST/AI/Lib/NetworkRuntime810_CM4_GCC.a(ai_platform_interface.o) (core_mem_alloc)
../Middlewares/ST/AI/Lib/NetworkRuntime810_CM4_GCC.a(layers.o)
                              ../Middlewares/ST/AI/Lib/NetworkRuntime810_CM4_GCC.a(ai_platform_interface.o) (ai_check_custom_types)
../Middlewares/ST/AI/Lib/NetworkRuntime810_CM4_GCC.a(layers_conv2d_generic_float.o)
                              ./X-CUBE-AI/App/network.o (forward_dense)
../Middlewares/ST/AI/Lib/NetworkRuntime810_CM4_GCC.a(layers_conv2d_stm32_integer.o)
                              ../Middlewares/ST/AI/Lib/NetworkRuntime810_CM4_GCC.a(layers.o) (get_conv2d_scratch_size)
../Middlewares/ST/AI/Lib/NetworkRuntime810_CM4_GCC.a(layers_generic_float.o)
                              ./X-CUBE-AI/App/network.o (forward_gather)
../Middlewares/ST/AI/Lib/NetworkRuntime810_CM4_GCC.a(layers_nl_generic_float.o)
                              ./X-CUBE-AI/App/network.o (nl_func_sigmoid_array_f32)
../Middlewares/ST/AI/Lib/NetworkRuntime810_CM4_GCC.a(layers_pad_generic.o)
                              ../Middlewares/ST/AI/Lib/NetworkRuntime810_CM4_GCC.a(layers_generic_float.o) (forward_pad_8bit_ch1st_3x3_constant)
../Middlewares/ST/AI/Lib/NetworkRuntime810_CM4_GCC.a(layers_rnn_generic_float.o)
                              ./X-CUBE-AI/App/network.o (forward_lstm)
../Middlewares/ST/AI/Lib/NetworkRuntime810_CM4_GCC.a(forward_lite_conv2d_if32of32wf32.o)
                              ../Middlewares/ST/AI/Lib/NetworkRuntime810_CM4_GCC.a(layers_conv2d_generic_float.o) (forward_lite_conv2d_if32of32wf32)
../Middlewares/ST/AI/Lib/NetworkRuntime810_CM4_GCC.a(lite_dense_if32.o)
                              ../Middlewares/ST/AI/Lib/NetworkRuntime810_CM4_GCC.a(layers_conv2d_generic_float.o) (forward_lite_dense_if32of32wf32)
../Middlewares/ST/AI/Lib/NetworkRuntime810_CM4_GCC.a(lite_generic_float.o)
                              ../Middlewares/ST/AI/Lib/NetworkRuntime810_CM4_GCC.a(layers_generic_float.o) (forward_lite_topK_axis_0_if32of32)
../Middlewares/ST/AI/Lib/NetworkRuntime810_CM4_GCC.a(forward_lite_pad_generic.o)
                              ../Middlewares/ST/AI/Lib/NetworkRuntime810_CM4_GCC.a(layers_pad_generic.o) (forward_lite_pad_8bit_ch1st_3x3_constant)
../Middlewares/ST/AI/Lib/NetworkRuntime810_CM4_GCC.a(st_convolve_reference.o)
                              ../Middlewares/ST/AI/Lib/NetworkRuntime810_CM4_GCC.a(layers_conv2d_stm32_integer.o) (align_factor)
../Middlewares/ST/AI/Lib/NetworkRuntime810_CM4_GCC.a(st_sssa8_ch_convolve.o)
                              ../Middlewares/ST/AI/Lib/NetworkRuntime810_CM4_GCC.a(layers_conv2d_stm32_integer.o) (st_sssa8_ch_convolve_rank1upd)
../Middlewares/ST/AI/Lib/NetworkRuntime810_CM4_GCC.a(st_sssa8_convolve.o)
                              ../Middlewares/ST/AI/Lib/NetworkRuntime810_CM4_GCC.a(layers_conv2d_stm32_integer.o) (st_sssa8_convolve_rank1upd)
../Middlewares/ST/AI/Lib/NetworkRuntime810_CM4_GCC.a(st_sssa8_convolve_1x1.o)
                              ../Middlewares/ST/AI/Lib/NetworkRuntime810_CM4_GCC.a(layers_conv2d_stm32_integer.o) (st_sssa8_convolve_1x1_WeightsPrefetch)
../Middlewares/ST/AI/Lib/NetworkRuntime810_CM4_GCC.a(st_sssa8_convolve_dw.o)
                              ../Middlewares/ST/AI/Lib/NetworkRuntime810_CM4_GCC.a(layers_conv2d_stm32_integer.o) (st_sssa8_conv_dw_Wadapt)
../Middlewares/ST/AI/Lib/NetworkRuntime810_CM4_GCC.a(st_sssa8_convolve_rgb.o)
                              ../Middlewares/ST/AI/Lib/NetworkRuntime810_CM4_GCC.a(layers_conv2d_stm32_integer.o) (st_sssa8_convolve_rgb)
../Middlewares/ST/AI/Lib/NetworkRuntime810_CM4_GCC.a(st_ssua8_ch_convolve.o)
                              ../Middlewares/ST/AI/Lib/NetworkRuntime810_CM4_GCC.a(layers_conv2d_stm32_integer.o) (st_ssua8_ch_convolve_rank1upd)
../Middlewares/ST/AI/Lib/NetworkRuntime810_CM4_GCC.a(st_ssua8_ch_convolve_1x1.o)
                              ../Middlewares/ST/AI/Lib/NetworkRuntime810_CM4_GCC.a(layers_conv2d_stm32_integer.o) (st_ssua8_ch_convolve_1x1)
../Middlewares/ST/AI/Lib/NetworkRuntime810_CM4_GCC.a(st_ssua8_ch_convolve_dw.o)
                              ../Middlewares/ST/AI/Lib/NetworkRuntime810_CM4_GCC.a(layers_conv2d_stm32_integer.o) (st_ssua8_ch_conv_dw_Wadapt)
../Middlewares/ST/AI/Lib/NetworkRuntime810_CM4_GCC.a(st_ssua8_ch_convolve_rgb.o)
[...]
Memory Configuration

Name             Origin             Length             Attributes
CCMRAM           0x0000000010000000 0x0000000000001000 xrw
RAM              0x0000000020000000 0x0000000000003000 xrw
FLASH            0x0000000008000000 0x0000000000010000 xr
*default*        0x0000000000000000 0xffffffffffffffff

Linker script and memory map

LOAD /home/bernhard/st/stm32cubeide_1.14.0/plugins/com.st.stm32cube.ide.mcu.externaltools.gnu-tools-for-stm32.11.3.rel1.linux64_1.1.100.202309141235/tools/bin/../lib/gcc/arm-none-eabi/11.3.1/thumb/v7e-m+fp/hard/crti.o
LOAD /home/bernhard/st/stm32cubeide_1.14.0/plugins/com.st.stm32cube.ide.mcu.externaltools.gnu-tools-for-stm32.11.3.rel1.linux64_1.1.100.202309141235/tools/bin/../lib/gcc/arm-none-eabi/11.3.1/thumb/v7e-m+fp/hard/crtbegin.o
LOAD /home/bernhard/st/stm32cubeide_1.14.0/plugins/com.st.stm32cube.ide.mcu.externaltools.gnu-tools-for-stm32.11.3.rel1.linux64_1.1.100.202309141235/tools/bin/../lib/gcc/arm-none-eabi/11.3.1/../../../../arm-none-eabi/lib/thumb/v7e-m+fp/hard/crt0.o
LOAD ./Core/Src/main.o
LOAD ./Core/Src/stm32f3xx_hal_msp.o
LOAD ./Core/Src/stm32f3xx_it.o
LOAD ./Core/Src/sysmem.o
LOAD ./Core/Src/system_stm32f3xx.o
LOAD ./Core/Startup/startup_stm32f334r8tx.o
LOAD ./Drivers/STM32F3xx_HAL_Driver/Src/stm32f3xx_hal.o
LOAD ./Drivers/STM32F3xx_HAL_Driver/Src/stm32f3xx_hal_cortex.o
LOAD ./Drivers/STM32F3xx_HAL_Driver/Src/stm32f3xx_hal_crc.o
LOAD ./Drivers/STM32F3xx_HAL_Driver/Src/stm32f3xx_hal_crc_ex.o
LOAD ./Drivers/STM32F3xx_HAL_Driver/Src/stm32f3xx_hal_dma.o
LOAD ./Drivers/STM32F3xx_HAL_Driver/Src/stm32f3xx_hal_exti.o
LOAD ./Drivers/STM32F3xx_HAL_Driver/Src/stm32f3xx_hal_flash.o
LOAD ./Drivers/STM32F3xx_HAL_Driver/Src/stm32f3xx_hal_flash_ex.o
LOAD ./Drivers/STM32F3xx_HAL_Driver/Src/stm32f3xx_hal_gpio.o
LOAD ./Drivers/STM32F3xx_HAL_Driver/Src/stm32f3xx_hal_i2c.o
LOAD ./Drivers/STM32F3xx_HAL_Driver/Src/stm32f3xx_hal_i2c_ex.o
LOAD ./Drivers/STM32F3xx_HAL_Driver/Src/stm32f3xx_hal_pwr.o
LOAD ./Drivers/STM32F3xx_HAL_Driver/Src/stm32f3xx_hal_pwr_ex.o
LOAD ./Drivers/STM32F3xx_HAL_Driver/Src/stm32f3xx_hal_rcc.o
LOAD ./Drivers/STM32F3xx_HAL_Driver/Src/stm32f3xx_hal_rcc_ex.o
LOAD ./Drivers/STM32F3xx_HAL_Driver/Src/stm32f3xx_hal_tim.o
LOAD ./Drivers/STM32F3xx_HAL_Driver/Src/stm32f3xx_hal_tim_ex.o
LOAD ./Drivers/STM32F3xx_HAL_Driver/Src/stm32f3xx_hal_uart.o
LOAD ./Drivers/STM32F3xx_HAL_Driver/Src/stm32f3xx_hal_uart_ex.o
LOAD ./X-CUBE-AI/App/network.o
LOAD ./X-CUBE-AI/App/network_data.o
LOAD ./X-CUBE-AI/App/network_data_params.o
LOAD ../Middlewares/ST/AI/Lib/NetworkRuntime810_CM4_GCC.a
START GROUP
LOAD /home/bernhard/st/stm32cubeide_1.14.0/plugins/com.st.stm32cube.ide.mcu.externaltools.gnu-tools-for-stm32.11.3.rel1.linux64_1.1.100.202309141235/tools/bin/../lib/gcc/arm-none-eabi/11.3.1/../../../../arm-none-eabi/lib/thumb/v7e-m+fp/hard/libc_nano.a
LOAD /home/bernhard/st/stm32cubeide_1.14.0/plugins/com.st.stm32cube.ide.mcu.externaltools.gnu-tools-for-stm32.11.3.rel1.linux64_1.1.100.202309141235/tools/bin/../lib/gcc/arm-none-eabi/11.3.1/../../../../arm-none-eabi/lib/thumb/v7e-m+fp/hard/libm.a
END GROUP
START GROUP
LOAD /home/bernhard/st/stm32cubeide_1.14.0/plugins/com.st.stm32cube.ide.mcu.externaltools.gnu-tools-for-stm32.11.3.rel1.linux64_1.1.100.202309141235/tools/bin/../lib/gcc/arm-none-eabi/11.3.1/thumb/v7e-m+fp/hard/libgcc.a
LOAD /home/bernhard/st/stm32cubeide_1.14.0/plugins/com.st.stm32cube.ide.mcu.externaltools.gnu-tools-for-stm32.11.3.rel1.linux64_1.1.100.202309141235/tools/bin/../lib/gcc/arm-none-eabi/11.3.1/../../../../arm-none-eabi/lib/thumb/v7e-m+fp/hard/libc_nano.a
END GROUP
START GROUP
LOAD /home/bernhard/st/stm32cubeide_1.14.0/plugins/com.st.stm32cube.ide.mcu.externaltools.gnu-tools-for-stm32.11.3.rel1.linux64_1.1.100.202309141235/tools/bin/../lib/gcc/arm-none-eabi/11.3.1/thumb/v7e-m+fp/hard/libgcc.a
LOAD /home/bernhard/st/stm32cubeide_1.14.0/plugins/com.st.stm32cube.ide.mcu.externaltools.gnu-tools-for-stm32.11.3.rel1.linux64_1.1.100.202309141235/tools/bin/../lib/gcc/arm-none-eabi/11.3.1/../../../../arm-none-eabi/lib/thumb/v7e-m+fp/hard/libc_nano.a
LOAD /home/bernhard/st/stm32cubeide_1.14.0/plugins/com.st.stm32cube.ide.mcu.externaltools.gnu-tools-for-stm32.11.3.rel1.linux64_1.1.100.202309141235/tools/bin/../lib/gcc/arm-none-eabi/11.3.1/../../../../arm-none-eabi/lib/thumb/v7e-m+fp/hard/libnosys.a
END GROUP
START GROUP
LOAD /home/bernhard/st/stm32cubeide_1.14.0/plugins/com.st.stm32cube.ide.mcu.externaltools.gnu-tools-for-stm32.11.3.rel1.linux64_1.1.100.202309141235/tools/bin/../lib/gcc/arm-none-eabi/11.3.1/thumb/v7e-m+fp/hard/libgcc.a
LOAD /home/bernhard/st/stm32cubeide_1.14.0/plugins/com.st.stm32cube.ide.mcu.externaltools.gnu-tools-for-stm32.11.3.rel1.linux64_1.1.100.202309141235/tools/bin/../lib/gcc/arm-none-eabi/11.3.1/../../../../arm-none-eabi/lib/thumb/v7e-m+fp/hard/libc_nano.a
LOAD /home/bernhard/st/stm32cubeide_1.14.0/plugins/com.st.stm32cube.ide.mcu.externaltools.gnu-tools-for-stm32.11.3.rel1.linux64_1.1.100.202309141235/tools/bin/../lib/gcc/arm-none-eabi/11.3.1/../../../../arm-none-eabi/lib/thumb/v7e-m+fp/hard/libnosys.a
END GROUP
LOAD /home/bernhard/st/stm32cubeide_1.14.0/plugins/com.st.stm32cube.ide.mcu.externaltools.gnu-tools-for-stm32.11.3.rel1.linux64_1.1.100.202309141235/tools/bin/../lib/gcc/arm-none-eabi/11.3.1/thumb/v7e-m+fp/hard/crtend.o
LOAD /home/bernhard/st/stm32cubeide_1.14.0/plugins/com.st.stm32cube.ide.mcu.externaltools.gnu-tools-for-stm32.11.3.rel1.linux64_1.1.100.202309141235/tools/bin/../lib/gcc/arm-none-eabi/11.3.1/thumb/v7e-m+fp/hard/crtn.o
                0x0000000020003000                _estack = (ORIGIN (RAM) + LENGTH (RAM))
                0x0000000000000800                _Min_Heap_Size = 0x800
                0x0000000000000800                _Min_Stack_Size = 0x800

.isr_vector     0x0000000008000000      0x188
                0x0000000008000000                . = ALIGN (0x4)
 *(.isr_vector)
 .isr_vector    0x0000000008000000      0x188 ./Core/Startup/startup_stm32f334r8tx.o
                0x0000000008000000                g_pfnVectors
                0x0000000008000188                . = ALIGN (0x4)

.text           0x0000000008000190     0x7bcc
                0x0000000008000190                . = ALIGN (0x4)
 *(.text)
 .text          0x0000000008000190       0x40 /home/bernhard/st/stm32cubeide_1.14.0/plugins/com.st.stm32cube.ide.mcu.externaltools.gnu-tools-for-stm32.11.3.rel1.linux64_1.1.100.202309141235/tools/bin/../lib/gcc/arm-none-eabi/11.3.1/thumb/v7e-m+fp/hard/crtbegin.o
 .text          0x00000000080001d0       0xa0 /home/bernhard/st/stm32cubeide_1.14.0/plugins/com.st.stm32cube.ide.mcu.externaltools.gnu-tools-for-stm32.11.3.rel1.linux64_1.1.100.202309141235/tools/bin/../lib/gcc/arm-none-eabi/11.3.1/../../../../arm-none-eabi/lib/thumb/v7e-m+fp/hard/libc_nano.a(libc_a-memchr.o)
                0x00000000080001d0                memchr
 *(.text*)
 .text.get_input
                0x0000000008000270       0x3c ./Core/Src/main.o
                0x0000000008000270                get_input
 .text.ai_log_error
                0x00000000080002ac       0x28 ./Core/Src/main.o
                0x00000000080002ac                ai_log_error
 .text.ai_init  0x00000000080002d4       0x6c ./Core/Src/main.o
                0x00000000080002d4                ai_init
 .text.ai_run   0x0000000008000340       0x64 ./Core/Src/main.o
                0x0000000008000340                ai_run
 .text.main     0x00000000080003a4       0x34 ./Core/Src/main.o
                0x00000000080003a4                main
 .text.SystemClock_Config
                0x00000000080003d8       0x82 ./Core/Src/main.o
                0x00000000080003d8                SystemClock_Config
 *fill*         0x000000000800045a        0x2 
 .text.MX_CRC_Init
                0x000000000800045c       0x44 ./Core/Src/main.o
 .text.MX_USART2_UART_Init
                0x00000000080004a0       0x60 ./Core/Src/main.o
 .text.MX_GPIO_Init
                0x0000000008000500       0xcc ./Core/Src/main.o
 .text.Error_Handler
                0x00000000080005cc        0xa ./Core/Src/main.o
                0x00000000080005cc                Error_Handler
 *fill*         0x00000000080005d6        0x2 
 .text.HAL_MspInit
                0x00000000080005d8       0x48 ./Core/Src/stm32f3xx_hal_msp.o
                0x00000000080005d8                HAL_MspInit
 .text.HAL_CRC_MspInit
                0x0000000008000620       0x40 ./Core/Src/stm32f3xx_hal_msp.o
                0x0000000008000620                HAL_CRC_MspInit
 .text.HAL_UART_MspInit
                0x0000000008000660       0x84 ./Core/Src/stm32f3xx_hal_msp.o
                0x0000000008000660                HAL_UART_MspInit
 .text.NMI_Handler
                0x00000000080006e4        0x6 ./Core/Src/stm32f3xx_it.o
                0x00000000080006e4                NMI_Handler
 .text.HardFault_Handler
                0x00000000080006ea        0x6 ./Core/Src/stm32f3xx_it.o
                0x00000000080006ea                HardFault_Handler
 .text.MemManage_Handler
                0x00000000080006f0        0x6 ./Core/Src/stm32f3xx_it.o
                0x00000000080006f0                MemManage_Handler
 .text.BusFault_Handler
                0x00000000080006f6        0x6 ./Core/Src/stm32f3xx_it.o
                0x00000000080006f6                BusFault_Handler
 .text.UsageFault_Handler
                0x00000000080006fc        0x6 ./Core/Src/stm32f3xx_it.o
                0x00000000080006fc                UsageFault_Handler
 .text.SVC_Handler
                0x0000000008000702        0xe ./Core/Src/stm32f3xx_it.o
                0x0000000008000702                SVC_Handler
 .text.DebugMon_Handler
                0x0000000008000710        0xe ./Core/Src/stm32f3xx_it.o
                0x0000000008000710                DebugMon_Handler
 .text.PendSV_Handler
                0x000000000800071e        0xe ./Core/Src/stm32f3xx_it.o
                0x000000000800071e                PendSV_Handler
 .text.SysTick_Handler
                0x000000000800072c        0xc ./Core/Src/stm32f3xx_it.o
                0x000000000800072c                SysTick_Handler
 .text._sbrk    0x0000000008000738       0x6c ./Core/Src/sysmem.o
                0x0000000008000738                _sbrk
 .text.SystemInit
                0x00000000080007a4       0x24 ./Core/Src/system_stm32f3xx.o
                0x00000000080007a4                SystemInit
 .text.Reset_Handler
                0x00000000080007c8       0x50 ./Core/Startup/startup_stm32f334r8tx.o
                0x00000000080007c8                Reset_Handler
 .text.Default_Handler
                0x0000000008000818        0x2 ./Core/Startup/startup_stm32f334r8tx.o
                0x0000000008000818                RTC_Alarm_IRQHandler
                0x0000000008000818                HRTIM1_Master_IRQHandler
                0x0000000008000818                TIM1_CC_IRQHandler
                0x0000000008000818                HRTIM1_FLT_IRQHandler
                0x0000000008000818                PVD_IRQHandler
                0x0000000008000818                HRTIM1_TIMD_IRQHandler
                0x0000000008000818                TAMP_STAMP_IRQHandler
                0x0000000008000818                EXTI3_IRQHandler
                0x0000000008000818                EXTI0_IRQHandler
                0x0000000008000818                FPU_IRQHandler
                0x0000000008000818                CAN_TX_IRQHandler
                0x0000000008000818                TIM1_UP_TIM16_IRQHandler
                0x0000000008000818                ADC1_2_IRQHandler
                0x0000000008000818                HRTIM1_TIME_IRQHandler
                0x0000000008000818                SPI1_IRQHandler
                0x0000000008000818                CAN_SCE_IRQHandler
                0x0000000008000818                HRTIM1_TIMC_IRQHandler
                0x0000000008000818                DMA1_Channel4_IRQHandler
                0x0000000008000818                USART3_IRQHandler
                0x0000000008000818                DMA1_Channel7_IRQHandler
                0x0000000008000818                TIM7_DAC2_IRQHandler
                0x0000000008000818                CAN_RX1_IRQHandler
                0x0000000008000818                I2C1_EV_IRQHandler
                0x0000000008000818                DMA1_Channel6_IRQHandler
                0x0000000008000818                TIM3_IRQHandler
                0x0000000008000818                RCC_IRQHandler
                0x0000000008000818                DMA1_Channel1_IRQHandler
                0x0000000008000818                Default_Handler
                0x0000000008000818                EXTI15_10_IRQHandler
                0x0000000008000818                COMP2_IRQHandler
                0x0000000008000818                HRTIM1_TIMA_IRQHandler
                0x0000000008000818                TIM6_DAC1_IRQHandler
                0x0000000008000818                EXTI9_5_IRQHandler
                0x0000000008000818                RTC_WKUP_IRQHandler
                0x0000000008000818                DMA1_Channel5_IRQHandler
                0x0000000008000818                EXTI4_IRQHandler
                0x0000000008000818                HRTIM1_TIMB_IRQHandler
                0x0000000008000818                TIM1_TRG_COM_TIM17_IRQHandler
                0x0000000008000818                DMA1_Channel3_IRQHandler
                0x0000000008000818                WWDG_IRQHandler
                0x0000000008000818                TIM2_IRQHandler
                0x0000000008000818                EXTI1_IRQHandler
                0x0000000008000818                COMP4_6_IRQHandler
                0x0000000008000818                USART2_IRQHandler
                0x0000000008000818                DMA1_Channel2_IRQHandler
                0x0000000008000818                FLASH_IRQHandler
                0x0000000008000818                USART1_IRQHandler
                0x0000000008000818                CAN_RX0_IRQHandler
                0x0000000008000818                I2C1_ER_IRQHandler
                0x0000000008000818                EXTI2_TSC_IRQHandler
                0x0000000008000818                TIM1_BRK_TIM15_IRQHandler
 *fill*         0x000000000800081a        0x2 
 .text.HAL_Init
                0x000000000800081c       0x2c ./Drivers/STM32F3xx_HAL_Driver/Src/stm32f3xx_hal.o
                0x000000000800081c                HAL_Init
 .text.HAL_InitTick
                0x0000000008000848       0x60 ./Drivers/STM32F3xx_HAL_Driver/Src/stm32f3xx_hal.o
                0x0000000008000848                HAL_InitTick
 .text.HAL_IncTick
                0x00000000080008a8       0x28 ./Drivers/STM32F3xx_HAL_Driver/Src/stm32f3xx_hal.o
                0x00000000080008a8                HAL_IncTick
 .text.HAL_GetTick
                0x00000000080008d0       0x18 ./Drivers/STM32F3xx_HAL_Driver/Src/stm32f3xx_hal.o
                0x00000000080008d0                HAL_GetTick
 .text.__NVIC_SetPriorityGrouping
                0x00000000080008e8       0x48 ./Drivers/STM32F3xx_HAL_Driver/Src/stm32f3xx_hal_cortex.o
 .text.__NVIC_GetPriorityGrouping
                0x0000000008000930       0x1c ./Drivers/STM32F3xx_HAL_Driver/Src/stm32f3xx_hal_cortex.o
 .text.__NVIC_SetPriority
                0x000000000800094c       0x54 ./Drivers/STM32F3xx_HAL_Driver/Src/stm32f3xx_hal_cortex.o
 .text.NVIC_EncodePriority
                0x00000000080009a0       0x66 ./Drivers/STM32F3xx_HAL_Driver/Src/stm32f3xx_hal_cortex.o
 *fill*         0x0000000008000a06        0x2 
 .text.SysTick_Config
                0x0000000008000a08       0x44 ./Drivers/STM32F3xx_HAL_Driver/Src/stm32f3xx_hal_cortex.o
 .text.HAL_NVIC_SetPriorityGrouping
                0x0000000008000a4c       0x16 ./Drivers/STM32F3xx_HAL_Driver/Src/stm32f3xx_hal_cortex.o
                0x0000000008000a4c                HAL_NVIC_SetPriorityGrouping
 .text.HAL_NVIC_SetPriority
                0x0000000008000a62       0x38 ./Drivers/STM32F3xx_HAL_Driver/Src/stm32f3xx_hal_cortex.o
                0x0000000008000a62                HAL_NVIC_SetPriority
 .text.HAL_SYSTICK_Config
                0x0000000008000a9a       0x18 ./Drivers/STM32F3xx_HAL_Driver/Src/stm32f3xx_hal_cortex.o
                0x0000000008000a9a                HAL_SYSTICK_Config
 *fill*         0x0000000008000ab2        0x2 
 .text.HAL_CRC_Init
                0x0000000008000ab4       0xc8 ./Drivers/STM32F3xx_HAL_Driver/Src/stm32f3xx_hal_crc.o
                0x0000000008000ab4                HAL_CRC_Init
 .text.HAL_CRCEx_Polynomial_Set
                0x0000000008000b7c      0x11c ./Drivers/STM32F3xx_HAL_Driver/Src/stm32f3xx_hal_crc_ex.o
                0x0000000008000b7c                HAL_CRCEx_Polynomial_Set
 .text.HAL_GPIO_Init
                0x0000000008000c98      0x2e4 ./Drivers/STM32F3xx_HAL_Driver/Src/stm32f3xx_hal_gpio.o
                0x0000000008000c98                HAL_GPIO_Init
 .text.HAL_GPIO_WritePin
                0x0000000008000f7c       0x30 ./Drivers/STM32F3xx_HAL_Driver/Src/stm32f3xx_hal_gpio.o
                0x0000000008000f7c                HAL_GPIO_WritePin
 .text.HAL_RCC_OscConfig
                0x0000000008000fac     0x107c ./Drivers/STM32F3xx_HAL_Driver/Src/stm32f3xx_hal_rcc.o
                0x0000000008000fac                HAL_RCC_OscConfig
 .text.HAL_RCC_ClockConfig
                0x0000000008002028      0x2f8 ./Drivers/STM32F3xx_HAL_Driver/Src/stm32f3xx_hal_rcc.o
                0x0000000008002028                HAL_RCC_ClockConfig
 .text.HAL_RCC_GetSysClockFreq
                0x0000000008002320       0xd4 ./Drivers/STM32F3xx_HAL_Driver/Src/stm32f3xx_hal_rcc.o
                0x0000000008002320                HAL_RCC_GetSysClockFreq
 .text.HAL_RCC_GetHCLKFreq
                0x00000000080023f4       0x18 ./Drivers/STM32F3xx_HAL_Driver/Src/stm32f3xx_hal_rcc.o
                0x00000000080023f4                HAL_RCC_GetHCLKFreq
 .text.HAL_RCC_GetPCLK1Freq
                0x000000000800240c       0x44 ./Drivers/STM32F3xx_HAL_Driver/Src/stm32f3xx_hal_rcc.o
                0x000000000800240c                HAL_RCC_GetPCLK1Freq
 .text.HAL_RCC_GetPCLK2Freq
                0x0000000008002450       0x44 ./Drivers/STM32F3xx_HAL_Driver/Src/stm32f3xx_hal_rcc.o
                0x0000000008002450                HAL_RCC_GetPCLK2Freq
 .text.HAL_UART_Init
                0x0000000008002494       0x9c ./Drivers/STM32F3xx_HAL_Driver/Src/stm32f3xx_hal_uart.o
                0x0000000008002494                HAL_UART_Init
 .text.UART_SetConfig
                0x0000000008002530      0x26c ./Drivers/STM32F3xx_HAL_Driver/Src/stm32f3xx_hal_uart.o
                0x0000000008002530                UART_SetConfig
 .text.UART_AdvFeatureConfig
                0x000000000800279c      0x144 ./Drivers/STM32F3xx_HAL_Driver/Src/stm32f3xx_hal_uart.o
                0x000000000800279c                UART_AdvFeatureConfig
 .text.UART_CheckIdleState
                0x00000000080028e0      0x150 ./Drivers/STM32F3xx_HAL_Driver/Src/stm32f3xx_hal_uart.o
                0x00000000080028e0                UART_CheckIdleState
 .text.UART_WaitOnFlagUntilTimeout
                0x0000000008002a30       0xce ./Drivers/STM32F3xx_HAL_Driver/Src/stm32f3xx_hal_uart.o
                0x0000000008002a30                UART_WaitOnFlagUntilTimeout
 .text.UART_EndRxTransfer
                0x0000000008002afe       0xc8 ./Drivers/STM32F3xx_HAL_Driver/Src/stm32f3xx_hal_uart.o
 *fill*         0x0000000008002bc6        0x2 
 .text.network_configure_activations
                0x0000000008002bc8       0x94 ./X-CUBE-AI/App/network.o
 .text.network_configure_weights
                0x0000000008002c5c      0x150 ./X-CUBE-AI/App/network.o
 .text.ai_network_get_error
                0x0000000008002dac       0x18 ./X-CUBE-AI/App/network.o
                0x0000000008002dac                ai_network_get_error
 .text.ai_network_create
                0x0000000008002dc4       0x2c ./X-CUBE-AI/App/network.o
                0x0000000008002dc4                ai_network_create
 .text.ai_network_create_and_init
                0x0000000008002df0       0xe8 ./X-CUBE-AI/App/network.o
                0x0000000008002df0                ai_network_create_and_init
 .text.ai_network_inputs_get
                0x0000000008002ed8       0x34 ./X-CUBE-AI/App/network.o
                0x0000000008002ed8                ai_network_inputs_get
 .text.ai_network_outputs_get
                0x0000000008002f0c       0x34 ./X-CUBE-AI/App/network.o
                0x0000000008002f0c                ai_network_outputs_get
 .text.ai_network_init
                0x0000000008002f40       0x78 ./X-CUBE-AI/App/network.o
                0x0000000008002f40                ai_network_init
 .text.ai_network_run
                0x0000000008002fb8       0x20 ./X-CUBE-AI/App/network.o
                0x0000000008002fb8                ai_network_run
 .text.ai_network_data_params_get
                0x0000000008002fd8       0x50 ./X-CUBE-AI/App/network_data.o
                0x0000000008002fd8                ai_network_data_params_get
 .text.ai_buffer_get_size
                0x0000000008003028       0x68 ../Middlewares/ST/AI/Lib/NetworkRuntime810_CM4_GCC.a(ai_platform.o)
                0x0000000008003028                ai_buffer_get_size
 .text.ai_buffer_array_sane
                0x0000000008003090       0x14 ../Middlewares/ST/AI/Lib/NetworkRuntime810_CM4_GCC.a(ai_platform.o)
                0x0000000008003090                ai_buffer_array_sane
 .text.ai_buffer_array_item_set_address
                0x00000000080030a4       0x20 ../Middlewares/ST/AI/Lib/NetworkRuntime810_CM4_GCC.a(ai_platform.o)
                0x00000000080030a4                ai_buffer_array_item_set_address
 .text._ai_platform_acquire_crc
                0x00000000080030c4        0x4 ../Middlewares/ST/AI/Lib/NetworkRuntime810_CM4_GCC.a(ai_platform_interface.o)
                0x00000000080030c4                _ai_platform_acquire_crc
 .text._ai_platform_release_crc
                0x00000000080030c8        0x4 ../Middlewares/ST/AI/Lib/NetworkRuntime810_CM4_GCC.a(ai_platform_interface.o)
                0x00000000080030c8                _ai_platform_release_crc
 .text.ai_platform_get_weights_map
                0x00000000080030cc       0xa8 ../Middlewares/ST/AI/Lib/NetworkRuntime810_CM4_GCC.a(ai_platform_interface.o)
                0x00000000080030cc                ai_platform_get_weights_map
 .text.ai_platform_get_activations_map
                0x0000000008003174       0xa8 ../Middlewares/ST/AI/Lib/NetworkRuntime810_CM4_GCC.a(ai_platform_interface.o)
                0x0000000008003174                ai_platform_get_activations_map
 .text.ai_platform_bind_network_params
                0x000000000800321c       0x44 ../Middlewares/ST/AI/Lib/NetworkRuntime810_CM4_GCC.a(ai_platform_interface.o)
                0x000000000800321c                ai_platform_bind_network_params
 .text.ai_platform_network_get_error
                0x0000000008003260       0xdc ../Middlewares/ST/AI/Lib/NetworkRuntime810_CM4_GCC.a(ai_platform_interface.o)
                0x0000000008003260                ai_platform_network_get_error
 .text.ai_platform_network_set_error
                0x000000000800333c        0xc ../Middlewares/ST/AI/Lib/NetworkRuntime810_CM4_GCC.a(ai_platform_interface.o)
                0x000000000800333c                ai_platform_network_set_error
 .text.ai_platform_inputs_get
                0x0000000008003348      0x1ac ../Middlewares/ST/AI/Lib/NetworkRuntime810_CM4_GCC.a(ai_platform_interface.o)
                0x0000000008003348                ai_platform_inputs_get
 .text.ai_platform_outputs_get
                0x00000000080034f4      0x1a0 ../Middlewares/ST/AI/Lib/NetworkRuntime810_CM4_GCC.a(ai_platform_interface.o)
                0x00000000080034f4                ai_platform_outputs_get
 .text.ai_platform_network_create
                0x0000000008003694      0x1ac ../Middlewares/ST/AI/Lib/NetworkRuntime810_CM4_GCC.a(ai_platform_interface.o)
                0x0000000008003694                ai_platform_network_create
 .text.ai_platform_network_init
                0x0000000008003840      0x1dc ../Middlewares/ST/AI/Lib/NetworkRuntime810_CM4_GCC.a(ai_platform_interface.o)
                0x0000000008003840                ai_platform_network_init
 .text.ai_platform_network_post_init
                0x0000000008003a1c      0x110 ../Middlewares/ST/AI/Lib/NetworkRuntime810_CM4_GCC.a(ai_platform_interface.o)
                0x0000000008003a1c                ai_platform_network_post_init
 .text.ai_platform_network_process
                0x0000000008003b2c      0x508 ../Middlewares/ST/AI/Lib/NetworkRuntime810_CM4_GCC.a(ai_platform_interface.o)
                0x0000000008003b2c                ai_platform_network_process
 .text.core_init
                0x0000000008004034        0x4 ../Middlewares/ST/AI/Lib/NetworkRuntime810_CM4_GCC.a(core_common.o)
                0x0000000008004034                core_init
 .text.core_get_error
                0x0000000008004038        0xc ../Middlewares/ST/AI/Lib/NetworkRuntime810_CM4_GCC.a(core_common.o)
                0x0000000008004038                core_get_error
 .text.core_set_error
                0x0000000008004044       0x18 ../Middlewares/ST/AI/Lib/NetworkRuntime810_CM4_GCC.a(core_common.o)
                0x0000000008004044                core_set_error
 .text.ai_check_custom_types
                0x000000000800405c       0x54 ../Middlewares/ST/AI/Lib/NetworkRuntime810_CM4_GCC.a(layers.o)
                0x000000000800405c                ai_check_custom_types
 .text.ai_layers_init_all
                0x00000000080040b0       0x1c ../Middlewares/ST/AI/Lib/NetworkRuntime810_CM4_GCC.a(layers.o)
                0x00000000080040b0                ai_layers_init_all
 .text.ai_layers_post_init_all
                0x00000000080040cc       0x28 ../Middlewares/ST/AI/Lib/NetworkRuntime810_CM4_GCC.a(layers.o)
                0x00000000080040cc                ai_layers_post_init_all
 .text.ai_layers_forward_all
                0x00000000080040f4       0x94 ../Middlewares/ST/AI/Lib/NetworkRuntime810_CM4_GCC.a(layers.o)
                0x00000000080040f4                ai_layers_forward_all
 .text.forward_dense
                0x0000000008004188      0x54c ../Middlewares/ST/AI/Lib/NetworkRuntime810_CM4_GCC.a(layers_conv2d_generic_float.o)
                0x0000000008004188                forward_dense
 .text.forward_gather
                0x00000000080046d4      0x25c ../Middlewares/ST/AI/Lib/NetworkRuntime810_CM4_GCC.a(layers_generic_float.o)
                0x00000000080046d4                forward_gather
 .text.nl_func_sigmoid_array_f32
                0x0000000008004930       0x50 ../Middlewares/ST/AI/Lib/NetworkRuntime810_CM4_GCC.a(layers_nl_generic_float.o)
                0x0000000008004930                nl_func_sigmoid_array_f32
 .text.nl_func_tanh_array_f32
                0x0000000008004980       0x38 ../Middlewares/ST/AI/Lib/NetworkRuntime810_CM4_GCC.a(layers_nl_generic_float.o)
                0x0000000008004980                nl_func_tanh_array_f32
 .text.forward_sm
                0x00000000080049b8      0x11c ../Middlewares/ST/AI/Lib/NetworkRuntime810_CM4_GCC.a(layers_nl_generic_float.o)
                0x00000000080049b8                forward_sm
 .text.array_f32_identity
                0x0000000008004ad4       0x14 ../Middlewares/ST/AI/Lib/NetworkRuntime810_CM4_GCC.a(layers_rnn_generic_float.o)
 .text.forward_lstm
                0x0000000008004ae8     0x1874 ../Middlewares/ST/AI/Lib/NetworkRuntime810_CM4_GCC.a(layers_rnn_generic_float.o)
                0x0000000008004ae8                forward_lstm
 .text.forward_lite_dense_if32of32wf32
                0x000000000800635c      0x248 ../Middlewares/ST/AI/Lib/NetworkRuntime810_CM4_GCC.a(lite_dense_if32.o)
                0x000000000800635c                forward_lite_dense_if32of32wf32
 .text.st_int8_fill
                0x00000000080065a4       0xb8 ../Middlewares/ST/AI/Lib/NetworkRuntime810_CM4_GCC.a(st_int8_fill.o)
                0x00000000080065a4                st_int8_fill
 .text.st_int8_copy
                0x000000000800665c      0x10c ../Middlewares/ST/AI/Lib/NetworkRuntime810_CM4_GCC.a(st_int8_fill.o)
                0x000000000800665c                st_int8_copy
 .text.ai_array_to_buffer_fmt
                0x0000000008006768       0xd8 ../Middlewares/ST/AI/Lib/NetworkRuntime810_CM4_GCC.a(ai_datatypes_format.o)
                0x0000000008006768                ai_array_to_buffer_fmt
 .text.ai_array_get_byte_size
                0x0000000008006840       0x50 ../Middlewares/ST/AI/Lib/NetworkRuntime810_CM4_GCC.a(ai_datatypes_format.o)
                0x0000000008006840                ai_array_get_byte_size
 .text.ai_array_get_data_byte_size
                0x0000000008006890       0x24 ../Middlewares/ST/AI/Lib/NetworkRuntime810_CM4_GCC.a(ai_datatypes_format.o)
                0x0000000008006890                ai_array_get_data_byte_size
 .text.ai_version_get
                0x00000000080068b4        0xc ../Middlewares/ST/AI/Lib/NetworkRuntime810_CM4_GCC.a(ai_datatypes_internal.o)
                0x00000000080068b4                ai_version_get
 .text.get_tensor_byte_size
                0x00000000080068c0       0x30 ../Middlewares/ST/AI/Lib/NetworkRuntime810_CM4_GCC.a(ai_datatypes_internal.o)
                0x00000000080068c0                get_tensor_byte_size
 .text.sbrk_aligned
                0x00000000080068f0       0x40 /home/bernhard/st/stm32cubeide_1.14.0/plugins/com.st.stm32cube.ide.mcu.externaltools.gnu-tools-for-stm32.11.3.rel1.linux64_1.1.100.202309141235/tools/bin/../lib/gcc/arm-none-eabi/11.3.1/../../../../arm-none-eabi/lib/thumb/v7e-m+fp/hard/libc_nano.a(libc_a-mallocr.o)
 .text._malloc_r
                0x0000000008006930      0x100 /home/bernhard/st/stm32cubeide_1.14.0/plugins/com.st.stm32cube.ide.mcu.externaltools.gnu-tools-for-stm32.11.3.rel1.linux64_1.1.100.202309141235/tools/bin/../lib/gcc/arm-none-eabi/11.3.1/../../../../arm-none-eabi/lib/thumb/v7e-m+fp/hard/libc_nano.a(libc_a-mallocr.o)
                0x0000000008006930                _malloc_r
 .text.__malloc_lock
                0x0000000008006a30        0xc /home/bernhard/st/stm32cubeide_1.14.0/plugins/com.st.stm32cube.ide.mcu.externaltools.gnu-tools-for-stm32.11.3.rel1.linux64_1.1.100.202309141235/tools/bin/../lib/gcc/arm-none-eabi/11.3.1/../../../../arm-none-eabi/lib/thumb/v7e-m+fp/hard/libc_nano.a(libc_a-mlock.o)
                0x0000000008006a30                __malloc_lock
 .text.__malloc_unlock
                0x0000000008006a3c        0xc /home/bernhard/st/stm32cubeide_1.14.0/plugins/com.st.stm32cube.ide.mcu.externaltools.gnu-tools-for-stm32.11.3.rel1.linux64_1.1.100.202309141235/tools/bin/../lib/gcc/arm-none-eabi/11.3.1/../../../../arm-none-eabi/lib/thumb/v7e-m+fp/hard/libc_nano.a(libc_a-mlock.o)
                0x0000000008006a3c                __malloc_unlock
 .text.std      0x0000000008006a48       0x6c /home/bernhard/st/stm32cubeide_1.14.0/plugins/com.st.stm32cube.ide.mcu.externaltools.gnu-tools-for-stm32.11.3.rel1.linux64_1.1.100.202309141235/tools/bin/../lib/gcc/arm-none-eabi/11.3.1/../../../../arm-none-eabi/lib/thumb/v7e-m+fp/hard/libc_nano.a(libc_a-findfp.o)
 .text.stdio_exit_handler
                0x0000000008006ab4       0x18 /home/bernhard/st/stm32cubeide_1.14.0/plugins/com.st.stm32cube.ide.mcu.externaltools.gnu-tools-for-stm32.11.3.rel1.linux64_1.1.100.202309141235/tools/bin/../lib/gcc/arm-none-eabi/11.3.1/../../../../arm-none-eabi/lib/thumb/v7e-m+fp/hard/libc_nano.a(libc_a-findfp.o)
 .text.cleanup_stdio
                0x0000000008006acc       0x40 /home/bernhard/st/stm32cubeide_1.14.0/plugins/com.st.stm32cube.ide.mcu.externaltools.gnu-tools-for-stm32.11.3.rel1.linux64_1.1.100.202309141235/tools/bin/../lib/gcc/arm-none-eabi/11.3.1/../../../../arm-none-eabi/lib/thumb/v7e-m+fp/hard/libc_nano.a(libc_a-findfp.o)
 .text.global_stdio_init.part.0
                0x0000000008006b0c       0x3c /home/bernhard/st/stm32cubeide_1.14.0/plugins/com.st.stm32cube.ide.mcu.externaltools.gnu-tools-for-stm32.11.3.rel1.linux64_1.1.100.202309141235/tools/bin/../lib/gcc/arm-none-eabi/11.3.1/../../../../arm-none-eabi/lib/thumb/v7e-m+fp/hard/libc_nano.a(libc_a-findfp.o)
 .text.__sfp_lock_acquire
                0x0000000008006b48        0xc /home/bernhard/st/stm32cubeide_1.14.0/plugins/com.st.stm32cube.ide.mcu.externaltools.gnu-tools-for-stm32.11.3.rel1.linux64_1.1.100.202309141235/tools/bin/../lib/gcc/arm-none-eabi/11.3.1/../../../../arm-none-eabi/lib/thumb/v7e-m+fp/hard/libc_nano.a(libc_a-findfp.o)
                0x0000000008006b48                __sfp_lock_acquire
 .text.__sfp_lock_release
                0x0000000008006b54        0xc /home/bernhard/st/stm32cubeide_1.14.0/plugins/com.st.stm32cube.ide.mcu.externaltools.gnu-tools-for-stm32.11.3.rel1.linux64_1.1.100.202309141235/tools/bin/../lib/gcc/arm-none-eabi/11.3.1/../../../../arm-none-eabi/lib/thumb/v7e-m+fp/hard/libc_nano.a(libc_a-findfp.o)
                0x0000000008006b54                __sfp_lock_release
 .text.__sinit  0x0000000008006b60       0x30 /home/bernhard/st/stm32cubeide_1.14.0/plugins/com.st.stm32cube.ide.mcu.externaltools.gnu-tools-for-stm32.11.3.rel1.linux64_1.1.100.202309141235/tools/bin/../lib/gcc/arm-none-eabi/11.3.1/../../../../arm-none-eabi/lib/thumb/v7e-m+fp/hard/libc_nano.a(libc_a-findfp.o)
                0x0000000008006b60                __sinit
 .text._fwalk_sglue
                0x0000000008006b90       0x3c /home/bernhard/st/stm32cubeide_1.14.0/plugins/com.st.stm32cube.ide.mcu.externaltools.gnu-tools-for-stm32.11.3.rel1.linux64_1.1.100.202309141235/tools/bin/../lib/gcc/arm-none-eabi/11.3.1/../../../../arm-none-eabi/lib/thumb/v7e-m+fp/hard/libc_nano.a(libc_a-fwalk.o)
                0x0000000008006b90                _fwalk_sglue
 .text.printf   0x0000000008006bcc       0x24 /home/bernhard/st/stm32cubeide_1.14.0/plugins/com.st.stm32cube.ide.mcu.externaltools.gnu-tools-for-stm32.11.3.rel1.linux64_1.1.100.202309141235/tools/bin/../lib/gcc/arm-none-eabi/11.3.1/../../../../arm-none-eabi/lib/thumb/v7e-m+fp/hard/libc_nano.a(libc_a-printf.o)
                0x0000000008006bcc                printf
                0x0000000008006bcc                iprintf
 .text.__sread  0x0000000008006bf0       0x22 /home/bernhard/st/stm32cubeide_1.14.0/plugins/com.st.stm32cube.ide.mcu.externaltools.gnu-tools-for-stm32.11.3.rel1.linux64_1.1.100.202309141235/tools/bin/../lib/gcc/arm-none-eabi/11.3.1/../../../../arm-none-eabi/lib/thumb/v7e-m+fp/hard/libc_nano.a(libc_a-stdio.o)
                0x0000000008006bf0                __sread
 .text.__swrite
                0x0000000008006c12       0x38 /home/bernhard/st/stm32cubeide_1.14.0/plugins/com.st.stm32cube.ide.mcu.externaltools.gnu-tools-for-stm32.11.3.rel1.linux64_1.1.100.202309141235/tools/bin/../lib/gcc/arm-none-eabi/11.3.1/../../../../arm-none-eabi/lib/thumb/v7e-m+fp/hard/libc_nano.a(libc_a-stdio.o)
                0x0000000008006c12                __swrite
 .text.__sseek  0x0000000008006c4a       0x24 /home/bernhard/st/stm32cubeide_1.14.0/plugins/com.st.stm32cube.ide.mcu.externaltools.gnu-tools-for-stm32.11.3.rel1.linux64_1.1.100.202309141235/tools/bin/../lib/gcc/arm-none-eabi/11.3.1/../../../../arm-none-eabi/lib/thumb/v7e-m+fp/hard/libc_nano.a(libc_a-stdio.o)
                0x0000000008006c4a                __sseek
 .text.__sclose
                0x0000000008006c6e        0x8 /home/bernhard/st/stm32cubeide_1.14.0/plugins/com.st.stm32cube.ide.mcu.externaltools.gnu-tools-for-stm32.11.3.rel1.linux64_1.1.100.202309141235/tools/bin/../lib/gcc/arm-none-eabi/11.3.1/../../../../arm-none-eabi/lib/thumb/v7e-m+fp/hard/libc_nano.a(libc_a-stdio.o)
                0x0000000008006c6e                __sclose
 .text.memset   0x0000000008006c76       0x10 /home/bernhard/st/stm32cubeide_1.14.0/plugins/com.st.stm32cube.ide.mcu.externaltools.gnu-tools-for-stm32.11.3.rel1.linux64_1.1.100.202309141235/tools/bin/../lib/gcc/arm-none-eabi/11.3.1/../../../../arm-none-eabi/lib/thumb/v7e-m+fp/hard/libc_nano.a(libc_a-memset.o)
                0x0000000008006c76                memset
 *fill*         0x0000000008006c86        0x2 
 .text._close_r
                0x0000000008006c88       0x20 /home/bernhard/st/stm32cubeide_1.14.0/plugins/com.st.stm32cube.ide.mcu.externaltools.gnu-tools-for-stm32.11.3.rel1.linux64_1.1.100.202309141235/tools/bin/../lib/gcc/arm-none-eabi/11.3.1/../../../../arm-none-eabi/lib/thumb/v7e-m+fp/hard/libc_nano.a(libc_a-closer.o)
                0x0000000008006c88                _close_r
 .text._lseek_r
                0x0000000008006ca8       0x24 /home/bernhard/st/stm32cubeide_1.14.0/plugins/com.st.stm32cube.ide.mcu.externaltools.gnu-tools-for-stm32.11.3.rel1.linux64_1.1.100.202309141235/tools/bin/../lib/gcc/arm-none-eabi/11.3.1/../../../../arm-none-eabi/lib/thumb/v7e-m+fp/hard/libc_nano.a(libc_a-lseekr.o)
                0x0000000008006ca8                _lseek_r
 .text._read_r  0x0000000008006ccc       0x24 /home/bernhard/st/stm32cubeide_1.14.0/plugins/com.st.stm32cube.ide.mcu.externaltools.gnu-tools-for-stm32.11.3.rel1.linux64_1.1.100.202309141235/tools/bin/../lib/gcc/arm-none-eabi/11.3.1/../../../../arm-none-eabi/lib/thumb/v7e-m+fp/hard/libc_nano.a(libc_a-readr.o)
                0x0000000008006ccc                _read_r
 .text._sbrk_r  0x0000000008006cf0       0x20 /home/bernhard/st/stm32cubeide_1.14.0/plugins/com.st.stm32cube.ide.mcu.externaltools.gnu-tools-for-stm32.11.3.rel1.linux64_1.1.100.202309141235/tools/bin/../lib/gcc/arm-none-eabi/11.3.1/../../../../arm-none-eabi/lib/thumb/v7e-m+fp/hard/libc_nano.a(libc_a-sbrkr.o)
                0x0000000008006cf0                _sbrk_r
 .text._write_r
                0x0000000008006d10       0x24 /home/bernhard/st/stm32cubeide_1.14.0/plugins/com.st.stm32cube.ide.mcu.externaltools.gnu-tools-for-stm32.11.3.rel1.linux64_1.1.100.202309141235/tools/bin/../lib/gcc/arm-none-eabi/11.3.1/../../../../arm-none-eabi/lib/thumb/v7e-m+fp/hard/libc_nano.a(libc_a-writer.o)
                0x0000000008006d10                _write_r
 .text.__errno  0x0000000008006d34        0xc /home/bernhard/st/stm32cubeide_1.14.0/plugins/com.st.stm32cube.ide.mcu.externaltools.gnu-tools-for-stm32.11.3.rel1.linux64_1.1.100.202309141235/tools/bin/../lib/gcc/arm-none-eabi/11.3.1/../../../../arm-none-eabi/lib/thumb/v7e-m+fp/hard/libc_nano.a(libc_a-errno.o)
                0x0000000008006d34                __errno
 .text.__libc_init_array
                0x0000000008006d40       0x48 /home/bernhard/st/stm32cubeide_1.14.0/plugins/com.st.stm32cube.ide.mcu.externaltools.gnu-tools-for-stm32.11.3.rel1.linux64_1.1.100.202309141235/tools/bin/../lib/gcc/arm-none-eabi/11.3.1/../../../../arm-none-eabi/lib/thumb/v7e-m+fp/hard/libc_nano.a(libc_a-init.o)
                0x0000000008006d40                __libc_init_array
 .text.__retarget_lock_init_recursive
                0x0000000008006d88        0x2 /home/bernhard/st/stm32cubeide_1.14.0/plugins/com.st.stm32cube.ide.mcu.externaltools.gnu-tools-for-stm32.11.3.rel1.linux64_1.1.100.202309141235/tools/bin/../lib/gcc/arm-none-eabi/11.3.1/../../../../arm-none-eabi/lib/thumb/v7e-m+fp/hard/libc_nano.a(libc_a-lock.o)
                0x0000000008006d88                __retarget_lock_init_recursive
 .text.__retarget_lock_acquire_recursive
                0x0000000008006d8a        0x2 /home/bernhard/st/stm32cubeide_1.14.0/plugins/com.st.stm32cube.ide.mcu.externaltools.gnu-tools-for-stm32.11.3.rel1.linux64_1.1.100.202309141235/tools/bin/../lib/gcc/arm-none-eabi/11.3.1/../../../../arm-none-eabi/lib/thumb/v7e-m+fp/hard/libc_nano.a(libc_a-lock.o)
                0x0000000008006d8a                __retarget_lock_acquire_recursive
 .text.__retarget_lock_release_recursive
                0x0000000008006d8c        0x2 /home/bernhard/st/stm32cubeide_1.14.0/plugins/com.st.stm32cube.ide.mcu.externaltools.gnu-tools-for-stm32.11.3.rel1.linux64_1.1.100.202309141235/tools/bin/../lib/gcc/arm-none-eabi/11.3.1/../../../../arm-none-eabi/lib/thumb/v7e-m+fp/hard/libc_nano.a(libc_a-lock.o)
                0x0000000008006d8c                __retarget_lock_release_recursive
 *fill*         0x0000000008006d8e        0x2 
 .text._free_r  0x0000000008006d90       0x98 /home/bernhard/st/stm32cubeide_1.14.0/plugins/com.st.stm32cube.ide.mcu.externaltools.gnu-tools-for-stm32.11.3.rel1.linux64_1.1.100.202309141235/tools/bin/../lib/gcc/arm-none-eabi/11.3.1/../../../../arm-none-eabi/lib/thumb/v7e-m+fp/hard/libc_nano.a(libc_a-freer.o)
                0x0000000008006d90                _free_r
 .text.__sfputc_r
                0x0000000008006e28       0x2e /home/bernhard/st/stm32cubeide_1.14.0/plugins/com.st.stm32cube.ide.mcu.externaltools.gnu-tools-for-stm32.11.3.rel1.linux64_1.1.100.202309141235/tools/bin/../lib/gcc/arm-none-eabi/11.3.1/../../../../arm-none-eabi/lib/thumb/v7e-m+fp/hard/libc_nano.a(libc_a-nano-vfprintf.o)
 .text.__sfputs_r
                0x0000000008006e56       0x24 /home/bernhard/st/stm32cubeide_1.14.0/plugins/com.st.stm32cube.ide.mcu.externaltools.gnu-tools-for-stm32.11.3.rel1.linux64_1.1.100.202309141235/tools/bin/../lib/gcc/arm-none-eabi/11.3.1/../../../../arm-none-eabi/lib/thumb/v7e-m+fp/hard/libc_nano.a(libc_a-nano-vfprintf.o)
                0x0000000008006e56                __sfputs_r
 *fill*         0x0000000008006e7a        0x2 
 .text._vfprintf_r
                0x0000000008006e7c      0x234 /home/bernhard/st/stm32cubeide_1.14.0/plugins/com.st.stm32cube.ide.mcu.externaltools.gnu-tools-for-stm32.11.3.rel1.linux64_1.1.100.202309141235/tools/bin/../lib/gcc/arm-none-eabi/11.3.1/../../../../arm-none-eabi/lib/thumb/v7e-m+fp/hard/libc_nano.a(libc_a-nano-vfprintf.o)
                0x0000000008006e7c                _vfiprintf_r
                0x0000000008006e7c                _vfprintf_r
 .text._printf_common
                0x00000000080070b0       0xda /home/bernhard/st/stm32cubeide_1.14.0/plugins/com.st.stm32cube.ide.mcu.externaltools.gnu-tools-for-stm32.11.3.rel1.linux64_1.1.100.202309141235/tools/bin/../lib/gcc/arm-none-eabi/11.3.1/../../../../arm-none-eabi/lib/thumb/v7e-m+fp/hard/libc_nano.a(libc_a-nano-vfprintf_i.o)
                0x00000000080070b0                _printf_common
 *fill*         0x000000000800718a        0x2 
 .text._printf_i
                0x000000000800718c      0x244 /home/bernhard/st/stm32cubeide_1.14.0/plugins/com.st.stm32cube.ide.mcu.externaltools.gnu-tools-for-stm32.11.3.rel1.linux64_1.1.100.202309141235/tools/bin/../lib/gcc/arm-none-eabi/11.3.1/../../../../arm-none-eabi/lib/thumb/v7e-m+fp/hard/libc_nano.a(libc_a-nano-vfprintf_i.o)
                0x000000000800718c                _printf_i
 .text.__sflush_r
                0x00000000080073d0      0x10c /home/bernhard/st/stm32cubeide_1.14.0/plugins/com.st.stm32cube.ide.mcu.externaltools.gnu-tools-for-stm32.11.3.rel1.linux64_1.1.100.202309141235/tools/bin/../lib/gcc/arm-none-eabi/11.3.1/../../../../arm-none-eabi/lib/thumb/v7e-m+fp/hard/libc_nano.a(libc_a-fflush.o)
                0x00000000080073d0                __sflush_r
 .text._fflush_r
                0x00000000080074dc       0x50 /home/bernhard/st/stm32cubeide_1.14.0/plugins/com.st.stm32cube.ide.mcu.externaltools.gnu-tools-for-stm32.11.3.rel1.linux64_1.1.100.202309141235/tools/bin/../lib/gcc/arm-none-eabi/11.3.1/../../../../arm-none-eabi/lib/thumb/v7e-m+fp/hard/libc_nano.a(libc_a-fflush.o)
                0x00000000080074dc                _fflush_r
 .text.__swbuf_r
                0x000000000800752c       0x7a /home/bernhard/st/stm32cubeide_1.14.0/plugins/com.st.stm32cube.ide.mcu.externaltools.gnu-tools-for-stm32.11.3.rel1.linux64_1.1.100.202309141235/tools/bin/../lib/gcc/arm-none-eabi/11.3.1/../../../../arm-none-eabi/lib/thumb/v7e-m+fp/hard/libc_nano.a(libc_a-wbuf.o)
                0x000000000800752c                __swbuf_r
 *fill*         0x00000000080075a6        0x2 
 .text.__swsetup_r
                0x00000000080075a8       0xb0 /home/bernhard/st/stm32cubeide_1.14.0/plugins/com.st.stm32cube.ide.mcu.externaltools.gnu-tools-for-stm32.11.3.rel1.linux64_1.1.100.202309141235/tools/bin/../lib/gcc/arm-none-eabi/11.3.1/../../../../arm-none-eabi/lib/thumb/v7e-m+fp/hard/libc_nano.a(libc_a-wsetup.o)
                0x00000000080075a8                __swsetup_r
 .text.__swhatbuf_r
                0x0000000008007658       0x4c /home/bernhard/st/stm32cubeide_1.14.0/plugins/com.st.stm32cube.ide.mcu.externaltools.gnu-tools-for-stm32.11.3.rel1.linux64_1.1.100.202309141235/tools/bin/../lib/gcc/arm-none-eabi/11.3.1/../../../../arm-none-eabi/lib/thumb/v7e-m+fp/hard/libc_nano.a(libc_a-makebuf.o)
                0x0000000008007658                __swhatbuf_r
 .text.__smakebuf_r
                0x00000000080076a4       0x78 /home/bernhard/st/stm32cubeide_1.14.0/plugins/com.st.stm32cube.ide.mcu.externaltools.gnu-tools-for-stm32.11.3.rel1.linux64_1.1.100.202309141235/tools/bin/../lib/gcc/arm-none-eabi/11.3.1/../../../../arm-none-eabi/lib/thumb/v7e-m+fp/hard/libc_nano.a(libc_a-makebuf.o)
                0x00000000080076a4                __smakebuf_r
 .text._fstat_r
                0x000000000800771c       0x24 /home/bernhard/st/stm32cubeide_1.14.0/plugins/com.st.stm32cube.ide.mcu.externaltools.gnu-tools-for-stm32.11.3.rel1.linux64_1.1.100.202309141235/tools/bin/../lib/gcc/arm-none-eabi/11.3.1/../../../../arm-none-eabi/lib/thumb/v7e-m+fp/hard/libc_nano.a(libc_a-fstatr.o)
                0x000000000800771c                _fstat_r
 .text._isatty_r
                0x0000000008007740       0x20 /home/bernhard/st/stm32cubeide_1.14.0/plugins/com.st.stm32cube.ide.mcu.externaltools.gnu-tools-for-stm32.11.3.rel1.linux64_1.1.100.202309141235/tools/bin/../lib/gcc/arm-none-eabi/11.3.1/../../../../arm-none-eabi/lib/thumb/v7e-m+fp/hard/libc_nano.a(libc_a-isattyr.o)
                0x0000000008007740                _isatty_r
 .text.expf     0x0000000008007760       0x6c /home/bernhard/st/stm32cubeide_1.14.0/plugins/com.st.stm32cube.ide.mcu.externaltools.gnu-tools-for-stm32.11.3.rel1.linux64_1.1.100.202309141235/tools/bin/../lib/gcc/arm-none-eabi/11.3.1/../../../../arm-none-eabi/lib/thumb/v7e-m+fp/hard/libm.a(libm_a-wf_exp.o)
                0x0000000008007760                expf
 .text.fabsf    0x00000000080077cc        0xe /home/bernhard/st/stm32cubeide_1.14.0/plugins/com.st.stm32cube.ide.mcu.externaltools.gnu-tools-for-stm32.11.3.rel1.linux64_1.1.100.202309141235/tools/bin/../lib/gcc/arm-none-eabi/11.3.1/../../../../arm-none-eabi/lib/thumb/v7e-m+fp/hard/libm.a(libm_a-sf_fabs.o)
                0x00000000080077cc                fabsf
 *fill*         0x00000000080077da        0x2 
 .text.tanhf    0x00000000080077dc       0xd0 /home/bernhard/st/stm32cubeide_1.14.0/plugins/com.st.stm32cube.ide.mcu.externaltools.gnu-tools-for-stm32.11.3.rel1.linux64_1.1.100.202309141235/tools/bin/../lib/gcc/arm-none-eabi/11.3.1/../../../../arm-none-eabi/lib/thumb/v7e-m+fp/hard/libm.a(libm_a-sf_tanh.o)
                0x00000000080077dc                tanhf
 .text.finitef  0x00000000080078ac       0x1a /home/bernhard/st/stm32cubeide_1.14.0/plugins/com.st.stm32cube.ide.mcu.externaltools.gnu-tools-for-stm32.11.3.rel1.linux64_1.1.100.202309141235/tools/bin/../lib/gcc/arm-none-eabi/11.3.1/../../../../arm-none-eabi/lib/thumb/v7e-m+fp/hard/libm.a(libm_a-sf_finite.o)
                0x00000000080078ac                finitef
 *fill*         0x00000000080078c6        0x2 
 .text.expm1f   0x00000000080078c8      0x23c /home/bernhard/st/stm32cubeide_1.14.0/plugins/com.st.stm32cube.ide.mcu.externaltools.gnu-tools-for-stm32.11.3.rel1.linux64_1.1.100.202309141235/tools/bin/../lib/gcc/arm-none-eabi/11.3.1/../../../../arm-none-eabi/lib/thumb/v7e-m+fp/hard/libm.a(libm_a-sf_expm1.o)
                0x00000000080078c8                expm1f
 .text.with_errnof
                0x0000000008007b04       0x16 /home/bernhard/st/stm32cubeide_1.14.0/plugins/com.st.stm32cube.ide.mcu.externaltools.gnu-tools-for-stm32.11.3.rel1.linux64_1.1.100.202309141235/tools/bin/../lib/gcc/arm-none-eabi/11.3.1/../../../../arm-none-eabi/lib/thumb/v7e-m+fp/hard/libm.a(libm_a-math_errf.o)
 .text.xflowf   0x0000000008007b1a       0x16 /home/bernhard/st/stm32cubeide_1.14.0/plugins/com.st.stm32cube.ide.mcu.externaltools.gnu-tools-for-stm32.11.3.rel1.linux64_1.1.100.202309141235/tools/bin/../lib/gcc/arm-none-eabi/11.3.1/../../../../arm-none-eabi/lib/thumb/v7e-m+fp/hard/libm.a(libm_a-math_errf.o)
 .text.__math_uflowf
                0x0000000008007b30        0xc /home/bernhard/st/stm32cubeide_1.14.0/plugins/com.st.stm32cube.ide.mcu.externaltools.gnu-tools-for-stm32.11.3.rel1.linux64_1.1.100.202309141235/tools/bin/../lib/gcc/arm-none-eabi/11.3.1/../../../../arm-none-eabi/lib/thumb/v7e-m+fp/hard/libm.a(libm_a-math_errf.o)
                0x0000000008007b30                __math_uflowf
 .text.__math_oflowf
                0x0000000008007b3c        0xc /home/bernhard/st/stm32cubeide_1.14.0/plugins/com.st.stm32cube.ide.mcu.externaltools.gnu-tools-for-stm32.11.3.rel1.linux64_1.1.100.202309141235/tools/bin/../lib/gcc/arm-none-eabi/11.3.1/../../../../arm-none-eabi/lib/thumb/v7e-m+fp/hard/libm.a(libm_a-math_errf.o)
                0x0000000008007b3c                __math_oflowf
 .text.__ieee754_expf
                0x0000000008007b48      0x19c /home/bernhard/st/stm32cubeide_1.14.0/plugins/com.st.stm32cube.ide.mcu.externaltools.gnu-tools-for-stm32.11.3.rel1.linux64_1.1.100.202309141235/tools/bin/../lib/gcc/arm-none-eabi/11.3.1/../../../../arm-none-eabi/lib/thumb/v7e-m+fp/hard/libm.a(libm_a-ef_exp.o)
                0x0000000008007b48                __ieee754_expf
 .text._close   0x0000000008007ce4       0x10 /home/bernhard/st/stm32cubeide_1.14.0/plugins/com.st.stm32cube.ide.mcu.externaltools.gnu-tools-for-stm32.11.3.rel1.linux64_1.1.100.202309141235/tools/bin/../lib/gcc/arm-none-eabi/11.3.1/../../../../arm-none-eabi/lib/thumb/v7e-m+fp/hard/libnosys.a(close.o)
                0x0000000008007ce4                _close
 .text._fstat   0x0000000008007cf4       0x10 /home/bernhard/st/stm32cubeide_1.14.0/plugins/com.st.stm32cube.ide.mcu.externaltools.gnu-tools-for-stm32.11.3.rel1.linux64_1.1.100.202309141235/tools/bin/../lib/gcc/arm-none-eabi/11.3.1/../../../../arm-none-eabi/lib/thumb/v7e-m+fp/hard/libnosys.a(fstat.o)
                0x0000000008007cf4                _fstat
 .text._isatty  0x0000000008007d04       0x10 /home/bernhard/st/stm32cubeide_1.14.0/plugins/com.st.stm32cube.ide.mcu.externaltools.gnu-tools-for-stm32.11.3.rel1.linux64_1.1.100.202309141235/tools/bin/../lib/gcc/arm-none-eabi/11.3.1/../../../../arm-none-eabi/lib/thumb/v7e-m+fp/hard/libnosys.a(isatty.o)
                0x0000000008007d04                _isatty
 .text._lseek   0x0000000008007d14       0x10 /home/bernhard/st/stm32cubeide_1.14.0/plugins/com.st.stm32cube.ide.mcu.externaltools.gnu-tools-for-stm32.11.3.rel1.linux64_1.1.100.202309141235/tools/bin/../lib/gcc/arm-none-eabi/11.3.1/../../../../arm-none-eabi/lib/thumb/v7e-m+fp/hard/libnosys.a(lseek.o)
                0x0000000008007d14                _lseek
 .text._read    0x0000000008007d24       0x10 /home/bernhard/st/stm32cubeide_1.14.0/plugins/com.st.stm32cube.ide.mcu.externaltools.gnu-tools-for-stm32.11.3.rel1.linux64_1.1.100.202309141235/tools/bin/../lib/gcc/arm-none-eabi/11.3.1/../../../../arm-none-eabi/lib/thumb/v7e-m+fp/hard/libnosys.a(read.o)
                0x0000000008007d24                _read
 .text._write   0x0000000008007d34       0x10 /home/bernhard/st/stm32cubeide_1.14.0/plugins/com.st.stm32cube.ide.mcu.externaltools.gnu-tools-for-stm32.11.3.rel1.linux64_1.1.100.202309141235/tools/bin/../lib/gcc/arm-none-eabi/11.3.1/../../../../arm-none-eabi/lib/thumb/v7e-m+fp/hard/libnosys.a(write.o)
                0x0000000008007d34                _write
 *(.glue_7)
 .glue_7        0x0000000008007d44        0x0 linker stubs
 *(.glue_7t)
 .glue_7t       0x0000000008007d44        0x0 linker stubs
 *(.eh_frame)
 .eh_frame      0x0000000008007d44        0x0 /home/bernhard/st/stm32cubeide_1.14.0/plugins/com.st.stm32cube.ide.mcu.externaltools.gnu-tools-for-stm32.11.3.rel1.linux64_1.1.100.202309141235/tools/bin/../lib/gcc/arm-none-eabi/11.3.1/thumb/v7e-m+fp/hard/crtbegin.o
 *(.init)
 .init          0x0000000008007d44        0x4 /home/bernhard/st/stm32cubeide_1.14.0/plugins/com.st.stm32cube.ide.mcu.externaltools.gnu-tools-for-stm32.11.3.rel1.linux64_1.1.100.202309141235/tools/bin/../lib/gcc/arm-none-eabi/11.3.1/thumb/v7e-m+fp/hard/crti.o
                0x0000000008007d44                _init
 .init          0x0000000008007d48        0x8 /home/bernhard/st/stm32cubeide_1.14.0/plugins/com.st.stm32cube.ide.mcu.externaltools.gnu-tools-for-stm32.11.3.rel1.linux64_1.1.100.202309141235/tools/bin/../lib/gcc/arm-none-eabi/11.3.1/thumb/v7e-m+fp/hard/crtn.o
 *(.fini)
 .fini          0x0000000008007d50        0x4 /home/bernhard/st/stm32cubeide_1.14.0/plugins/com.st.stm32cube.ide.mcu.externaltools.gnu-tools-for-stm32.11.3.rel1.linux64_1.1.100.202309141235/tools/bin/../lib/gcc/arm-none-eabi/11.3.1/thumb/v7e-m+fp/hard/crti.o
                0x0000000008007d50                _fini
 .fini          0x0000000008007d54        0x8 /home/bernhard/st/stm32cubeide_1.14.0/plugins/com.st.stm32cube.ide.mcu.externaltools.gnu-tools-for-stm32.11.3.rel1.linux64_1.1.100.202309141235/tools/bin/../lib/gcc/arm-none-eabi/11.3.1/thumb/v7e-m+fp/hard/crtn.o
                0x0000000008007d5c                . = ALIGN (0x4)
                0x0000000008007d5c                _etext = .

.vfp11_veneer   0x0000000008007d5c        0x0
 .vfp11_veneer  0x0000000008007d5c        0x0 linker stubs

.v4_bx          0x0000000008007d5c        0x0
 .v4_bx         0x0000000008007d5c        0x0 linker stubs

.iplt           0x0000000008007d5c        0x0
 .iplt          0x0000000008007d5c        0x0 /home/bernhard/st/stm32cubeide_1.14.0/plugins/com.st.stm32cube.ide.mcu.externaltools.gnu-tools-for-stm32.11.3.rel1.linux64_1.1.100.202309141235/tools/bin/../lib/gcc/arm-none-eabi/11.3.1/thumb/v7e-m+fp/hard/crtbegin.o

.rodata         0x0000000008007d60     0x479c
                0x0000000008007d60                . = ALIGN (0x4)
 *(.rodata)
 .rodata        0x0000000008007d60       0x20 ./Core/Src/main.o
 .rodata        0x0000000008007d80       0x30 ./X-CUBE-AI/App/network_data.o
 *(.rodata*)
 .rodata.AHBPrescTable
                0x0000000008007db0       0x10 ./Core/Src/system_stm32f3xx.o
                0x0000000008007db0                AHBPrescTable
 .rodata.APBPrescTable
                0x0000000008007dc0        0x8 ./Core/Src/system_stm32f3xx.o
                0x0000000008007dc0                APBPrescTable
 .rodata.aPLLMULFactorTable
                0x0000000008007dc8       0x10 ./Drivers/STM32F3xx_HAL_Driver/Src/stm32f3xx_hal_rcc.o
 .rodata.aPredivFactorTable
                0x0000000008007dd8       0x10 ./Drivers/STM32F3xx_HAL_Driver/Src/stm32f3xx_hal_rcc.o
 .rodata.output_chain
                0x0000000008007de8        0x8 ./X-CUBE-AI/App/network.o
 .rodata._dense_Gemm_output_0_chain
                0x0000000008007df0        0x8 ./X-CUBE-AI/App/network.o
 .rodata._Gather_output_0_chain
                0x0000000008007df8        0x8 ./X-CUBE-AI/App/network.o
 .rodata._lstm_LSTM_output_0_forward_chain
                0x0000000008007e00        0x8 ./X-CUBE-AI/App/network.o
 *fill*         0x0000000008007e08       0x18 
 .rodata.s_network_weights_array_u64
                0x0000000008007e20     0x4690 ./X-CUBE-AI/App/network_data_params.o
                0x0000000008007e20                s_network_weights_array_u64
 .rodata._vfprintf_r.str1.1
                0x000000000800c4b0       0x11 /home/bernhard/st/stm32cubeide_1.14.0/plugins/com.st.stm32cube.ide.mcu.externaltools.gnu-tools-for-stm32.11.3.rel1.linux64_1.1.100.202309141235/tools/bin/../lib/gcc/arm-none-eabi/11.3.1/../../../../arm-none-eabi/lib/thumb/v7e-m+fp/hard/libc_nano.a(libc_a-nano-vfprintf.o)
 .rodata._printf_i.str1.1
                0x000000000800c4c1       0x22 /home/bernhard/st/stm32cubeide_1.14.0/plugins/com.st.stm32cube.ide.mcu.externaltools.gnu-tools-for-stm32.11.3.rel1.linux64_1.1.100.202309141235/tools/bin/../lib/gcc/arm-none-eabi/11.3.1/../../../../arm-none-eabi/lib/thumb/v7e-m+fp/hard/libc_nano.a(libc_a-nano-vfprintf_i.o)
 *fill*         0x000000000800c4e3        0x1 
 .rodata.halF   0x000000000800c4e4        0x8 /home/bernhard/st/stm32cubeide_1.14.0/plugins/com.st.stm32cube.ide.mcu.externaltools.gnu-tools-for-stm32.11.3.rel1.linux64_1.1.100.202309141235/tools/bin/../lib/gcc/arm-none-eabi/11.3.1/../../../../arm-none-eabi/lib/thumb/v7e-m+fp/hard/libm.a(libm_a-ef_exp.o)
 .rodata.ln2HI  0x000000000800c4ec        0x8 /home/bernhard/st/stm32cubeide_1.14.0/plugins/com.st.stm32cube.ide.mcu.externaltools.gnu-tools-for-stm32.11.3.rel1.linux64_1.1.100.202309141235/tools/bin/../lib/gcc/arm-none-eabi/11.3.1/../../../../arm-none-eabi/lib/thumb/v7e-m+fp/hard/libm.a(libm_a-ef_exp.o)
 .rodata.ln2LO  0x000000000800c4f4        0x8 /home/bernhard/st/stm32cubeide_1.14.0/plugins/com.st.stm32cube.ide.mcu.externaltools.gnu-tools-for-stm32.11.3.rel1.linux64_1.1.100.202309141235/tools/bin/../lib/gcc/arm-none-eabi/11.3.1/../../../../arm-none-eabi/lib/thumb/v7e-m+fp/hard/libm.a(libm_a-ef_exp.o)
                0x000000000800c4fc                . = ALIGN (0x4)

.rel.dyn        0x000000000800c4fc        0x0
 .rel.iplt      0x000000000800c4fc        0x0 /home/bernhard/st/stm32cubeide_1.14.0/plugins/com.st.stm32cube.ide.mcu.externaltools.gnu-tools-for-stm32.11.3.rel1.linux64_1.1.100.202309141235/tools/bin/../lib/gcc/arm-none-eabi/11.3.1/thumb/v7e-m+fp/hard/crtbegin.o

.ARM.extab      0x000000000800c4fc        0x0
                0x000000000800c4fc                . = ALIGN (0x4)
 *(.ARM.extab* .gnu.linkonce.armextab.*)
                0x000000000800c4fc                . = ALIGN (0x4)

.ARM            0x000000000800c4fc        0x0
                0x000000000800c4fc                . = ALIGN (0x4)
                0x000000000800c4fc                __exidx_start = .
 *(.ARM.exidx*)
                0x000000000800c4fc                __exidx_end = .
                0x000000000800c4fc                . = ALIGN (0x4)

.preinit_array  0x000000000800c4fc        0x0
                0x000000000800c4fc                . = ALIGN (0x4)
                0x000000000800c4fc                PROVIDE (__preinit_array_start = .)
 *(.preinit_array*)
                0x000000000800c4fc                PROVIDE (__preinit_array_end = .)
                0x000000000800c4fc                . = ALIGN (0x4)

.init_array     0x000000000800c4fc        0x4
                0x000000000800c4fc                . = ALIGN (0x4)
                0x000000000800c4fc                PROVIDE (__init_array_start = .)
 *(SORT_BY_NAME(.init_array.*))
 *(.init_array*)
 .init_array    0x000000000800c4fc        0x4 /home/bernhard/st/stm32cubeide_1.14.0/plugins/com.st.stm32cube.ide.mcu.externaltools.gnu-tools-for-stm32.11.3.rel1.linux64_1.1.100.202309141235/tools/bin/../lib/gcc/arm-none-eabi/11.3.1/thumb/v7e-m+fp/hard/crtbegin.o
                0x000000000800c500                PROVIDE (__init_array_end = .)
                0x000000000800c500                . = ALIGN (0x4)

.fini_array     0x000000000800c500        0x4
                0x000000000800c500                . = ALIGN (0x4)
                [!provide]                        PROVIDE (__fini_array_start = .)
 *(SORT_BY_NAME(.fini_array.*))
 *(.fini_array*)
 .fini_array    0x000000000800c500        0x4 /home/bernhard/st/stm32cubeide_1.14.0/plugins/com.st.stm32cube.ide.mcu.externaltools.gnu-tools-for-stm32.11.3.rel1.linux64_1.1.100.202309141235/tools/bin/../lib/gcc/arm-none-eabi/11.3.1/thumb/v7e-m+fp/hard/crtbegin.o
                [!provide]                        PROVIDE (__fini_array_end = .)
                0x000000000800c504                . = ALIGN (0x4)
                0x000000000800c504                _sidata = LOADADDR (.data)

.data           0x0000000020000000      0x73c load address 0x000000000800c504
                0x0000000020000000                . = ALIGN (0x4)
                0x0000000020000000                _sdata = .
 *(.data)
 *(.data*)
 .data.SystemCoreClock
                0x0000000020000000        0x4 ./Core/Src/system_stm32f3xx.o
                0x0000000020000000                SystemCoreClock
 .data.uwTickPrio
                0x0000000020000004        0x4 ./Drivers/STM32F3xx_HAL_Driver/Src/stm32f3xx_hal.o
                0x0000000020000004                uwTickPrio
 .data.uwTickFreq
                0x0000000020000008        0x1 ./Drivers/STM32F3xx_HAL_Driver/Src/stm32f3xx_hal.o
                0x0000000020000008                uwTickFreq
 *fill*         0x0000000020000009        0x3 
 .data.input_output_array
                0x000000002000000c       0x10 ./X-CUBE-AI/App/network.o
 .data._lstm_LSTM_output_0_forward_output0_array
                0x000000002000001c       0x10 ./X-CUBE-AI/App/network.o
 .data._lstm_LSTM_output_0_forward_scratch0_array
                0x000000002000002c       0x10 ./X-CUBE-AI/App/network.o
 .data._Gather_output_0_output_array
                0x000000002000003c       0x10 ./X-CUBE-AI/App/network.o
 .data._dense_Gemm_output_0_output_array
                0x000000002000004c       0x10 ./X-CUBE-AI/App/network.o
 .data.output_output_array
                0x000000002000005c       0x10 ./X-CUBE-AI/App/network.o
 .data._lstm_LSTM_output_0_forward_kernel_array
                0x000000002000006c       0x10 ./X-CUBE-AI/App/network.o
 .data._lstm_LSTM_output_0_forward_recurrent_array
                0x000000002000007c       0x10 ./X-CUBE-AI/App/network.o
 .data._lstm_LSTM_output_0_forward_peephole_array
                0x000000002000008c       0x10 ./X-CUBE-AI/App/network.o
 .data._lstm_LSTM_output_0_forward_bias_array
                0x000000002000009c       0x10 ./X-CUBE-AI/App/network.o
 .data._Constant_1_output_0_array
                0x00000000200000ac       0x10 ./X-CUBE-AI/App/network.o
 .data._dense_Gemm_output_0_weights_array
                0x00000000200000bc       0x10 ./X-CUBE-AI/App/network.o
 .data._dense_Gemm_output_0_bias_array
                0x00000000200000cc       0x10 ./X-CUBE-AI/App/network.o
 .data.__compound_literal.0
                0x00000000200000dc       0x10 ./X-CUBE-AI/App/network.o
 .data.__compound_literal.1
                0x00000000200000ec       0x10 ./X-CUBE-AI/App/network.o
 .data.input_output
                0x00000000200000fc       0x1c ./X-CUBE-AI/App/network.o
 .data.__compound_literal.2
                0x0000000020000118       0x10 ./X-CUBE-AI/App/network.o
 .data.__compound_literal.3
                0x0000000020000128       0x10 ./X-CUBE-AI/App/network.o
 .data._lstm_LSTM_output_0_forward_output0
                0x0000000020000138       0x1c ./X-CUBE-AI/App/network.o
 .data.__compound_literal.4
                0x0000000020000154       0x10 ./X-CUBE-AI/App/network.o
 .data.__compound_literal.5
                0x0000000020000164       0x10 ./X-CUBE-AI/App/network.o
 .data._lstm_LSTM_output_0_forward_scratch0
                0x0000000020000174       0x1c ./X-CUBE-AI/App/network.o
 .data.__compound_literal.6
                0x0000000020000190       0x10 ./X-CUBE-AI/App/network.o
 .data.__compound_literal.7
                0x00000000200001a0       0x10 ./X-CUBE-AI/App/network.o
 .data._Gather_output_0_output
                0x00000000200001b0       0x1c ./X-CUBE-AI/App/network.o
 .data.__compound_literal.8
                0x00000000200001cc       0x10 ./X-CUBE-AI/App/network.o
 .data.__compound_literal.9
                0x00000000200001dc       0x10 ./X-CUBE-AI/App/network.o
 .data._dense_Gemm_output_0_output
                0x00000000200001ec       0x1c ./X-CUBE-AI/App/network.o
 .data.__compound_literal.10
                0x0000000020000208       0x10 ./X-CUBE-AI/App/network.o
 .data.__compound_literal.11
                0x0000000020000218       0x10 ./X-CUBE-AI/App/network.o
 .data.output_output
                0x0000000020000228       0x1c ./X-CUBE-AI/App/network.o
 .data.__compound_literal.12
                0x0000000020000244       0x10 ./X-CUBE-AI/App/network.o
 .data.__compound_literal.13
                0x0000000020000254       0x10 ./X-CUBE-AI/App/network.o
 .data._lstm_LSTM_output_0_forward_kernel
                0x0000000020000264       0x1c ./X-CUBE-AI/App/network.o
 .data.__compound_literal.14
                0x0000000020000280       0x10 ./X-CUBE-AI/App/network.o
 .data.__compound_literal.15
                0x0000000020000290       0x10 ./X-CUBE-AI/App/network.o
 .data._lstm_LSTM_output_0_forward_recurrent
                0x00000000200002a0       0x1c ./X-CUBE-AI/App/network.o
 .data.__compound_literal.16
                0x00000000200002bc       0x10 ./X-CUBE-AI/App/network.o
 .data.__compound_literal.17
                0x00000000200002cc       0x10 ./X-CUBE-AI/App/network.o
 .data._lstm_LSTM_output_0_forward_peephole
                0x00000000200002dc       0x1c ./X-CUBE-AI/App/network.o
 .data.__compound_literal.18
                0x00000000200002f8       0x10 ./X-CUBE-AI/App/network.o
 .data.__compound_literal.19
                0x0000000020000308       0x10 ./X-CUBE-AI/App/network.o
 .data._lstm_LSTM_output_0_forward_bias
                0x0000000020000318       0x1c ./X-CUBE-AI/App/network.o
 .data.__compound_literal.20
                0x0000000020000334       0x10 ./X-CUBE-AI/App/network.o
 .data.__compound_literal.21
                0x0000000020000344       0x10 ./X-CUBE-AI/App/network.o
 .data._Constant_1_output_0
                0x0000000020000354       0x1c ./X-CUBE-AI/App/network.o
 .data.__compound_literal.22
                0x0000000020000370       0x10 ./X-CUBE-AI/App/network.o
 .data.__compound_literal.23
                0x0000000020000380       0x10 ./X-CUBE-AI/App/network.o
 .data._dense_Gemm_output_0_weights
                0x0000000020000390       0x1c ./X-CUBE-AI/App/network.o
 .data.__compound_literal.24
                0x00000000200003ac       0x10 ./X-CUBE-AI/App/network.o
 .data.__compound_literal.25
                0x00000000200003bc       0x10 ./X-CUBE-AI/App/network.o
 .data._dense_Gemm_output_0_bias
                0x00000000200003cc       0x1c ./X-CUBE-AI/App/network.o
 .data.__compound_literal.26
                0x00000000200003e8        0x4 ./X-CUBE-AI/App/network.o
 .data.__compound_literal.27
                0x00000000200003ec        0x4 ./X-CUBE-AI/App/network.o
 .data.__compound_literal.30
                0x00000000200003f0       0x30 ./X-CUBE-AI/App/network.o
 .data.output_layer
                0x0000000020000420       0x20 ./X-CUBE-AI/App/network.o
 .data.__compound_literal.31
                0x0000000020000440        0x4 ./X-CUBE-AI/App/network.o
 .data.__compound_literal.32
                0x0000000020000444        0x4 ./X-CUBE-AI/App/network.o
 .data.__compound_literal.33
                0x0000000020000448        0x8 ./X-CUBE-AI/App/network.o
 .data.__compound_literal.35
                0x0000000020000450       0x30 ./X-CUBE-AI/App/network.o
 .data._dense_Gemm_output_0_layer
                0x0000000020000480       0x1c ./X-CUBE-AI/App/network.o
 .data.__compound_literal.36
                0x000000002000049c        0x8 ./X-CUBE-AI/App/network.o
 .data.__compound_literal.37
                0x00000000200004a4        0x4 ./X-CUBE-AI/App/network.o
 .data.__compound_literal.40
                0x00000000200004a8       0x30 ./X-CUBE-AI/App/network.o
 .data._Gather_output_0_layer
                0x00000000200004d8       0x24 ./X-CUBE-AI/App/network.o
 .data.__compound_literal.41
                0x00000000200004fc        0x4 ./X-CUBE-AI/App/network.o
 .data.__compound_literal.42
                0x0000000020000500        0x4 ./X-CUBE-AI/App/network.o
 .data.__compound_literal.43
                0x0000000020000504       0x24 ./X-CUBE-AI/App/network.o
 .data.__compound_literal.44
                0x0000000020000528        0x4 ./X-CUBE-AI/App/network.o
 .data.__compound_literal.45
                0x000000002000052c       0x30 ./X-CUBE-AI/App/network.o
 .data._lstm_LSTM_output_0_forward_layer
                0x000000002000055c       0x44 ./X-CUBE-AI/App/network.o
 .data.__compound_literal.46
                0x00000000200005a0       0x10 ./X-CUBE-AI/App/network.o
 .data.__compound_literal.47
                0x00000000200005b0       0x1c ./X-CUBE-AI/App/network.o
 .data.__compound_literal.48
                0x00000000200005cc       0x10 ./X-CUBE-AI/App/network.o
 .data.__compound_literal.49
                0x00000000200005dc       0x1c ./X-CUBE-AI/App/network.o
 .data.__compound_literal.50
                0x00000000200005f8        0x4 ./X-CUBE-AI/App/network.o
 .data.__compound_literal.54
                0x00000000200005fc        0xc ./X-CUBE-AI/App/network.o
 .data.__compound_literal.55
                0x0000000020000608        0x4 ./X-CUBE-AI/App/network.o
 .data.__compound_literal.59
                0x000000002000060c        0xc ./X-CUBE-AI/App/network.o
 .data.__compound_literal.60
                0x0000000020000618       0x18 ./X-CUBE-AI/App/network.o
 .data.g_network
                0x0000000020000630       0x4c ./X-CUBE-AI/App/network.o
 .data.__compound_literal.0
                0x000000002000067c       0x10 ./X-CUBE-AI/App/network_data.o
 .data.g_network_data_map_activations
                0x000000002000068c       0x1c ./X-CUBE-AI/App/network_data.o
                0x000000002000068c                g_network_data_map_activations
 .data.__compound_literal.1
                0x00000000200006a8       0x10 ./X-CUBE-AI/App/network_data.o
 .data.g_network_data_map_weights
                0x00000000200006b8       0x1c ./X-CUBE-AI/App/network_data.o
                0x00000000200006b8                g_network_data_map_weights
 .data.__sglue  0x00000000200006d4        0xc /home/bernhard/st/stm32cubeide_1.14.0/plugins/com.st.stm32cube.ide.mcu.externaltools.gnu-tools-for-stm32.11.3.rel1.linux64_1.1.100.202309141235/tools/bin/../lib/gcc/arm-none-eabi/11.3.1/../../../../arm-none-eabi/lib/thumb/v7e-m+fp/hard/libc_nano.a(libc_a-findfp.o)
                0x00000000200006d4                __sglue
 .data._impure_data
                0x00000000200006e0       0x4c /home/bernhard/st/stm32cubeide_1.14.0/plugins/com.st.stm32cube.ide.mcu.externaltools.gnu-tools-for-stm32.11.3.rel1.linux64_1.1.100.202309141235/tools/bin/../lib/gcc/arm-none-eabi/11.3.1/../../../../arm-none-eabi/lib/thumb/v7e-m+fp/hard/libc_nano.a(libc_a-impure.o)
                0x00000000200006e0                _impure_data
 .data._impure_ptr
                0x000000002000072c        0x4 /home/bernhard/st/stm32cubeide_1.14.0/plugins/com.st.stm32cube.ide.mcu.externaltools.gnu-tools-for-stm32.11.3.rel1.linux64_1.1.100.202309141235/tools/bin/../lib/gcc/arm-none-eabi/11.3.1/../../../../arm-none-eabi/lib/thumb/v7e-m+fp/hard/libc_nano.a(libc_a-impure.o)
                0x000000002000072c                _impure_ptr
 .data.one      0x0000000020000730        0x4 /home/bernhard/st/stm32cubeide_1.14.0/plugins/com.st.stm32cube.ide.mcu.externaltools.gnu-tools-for-stm32.11.3.rel1.linux64_1.1.100.202309141235/tools/bin/../lib/gcc/arm-none-eabi/11.3.1/../../../../arm-none-eabi/lib/thumb/v7e-m+fp/hard/libm.a(libm_a-sf_tanh.o)
 .data.tiny     0x0000000020000734        0x4 /home/bernhard/st/stm32cubeide_1.14.0/plugins/com.st.stm32cube.ide.mcu.externaltools.gnu-tools-for-stm32.11.3.rel1.linux64_1.1.100.202309141235/tools/bin/../lib/gcc/arm-none-eabi/11.3.1/../../../../arm-none-eabi/lib/thumb/v7e-m+fp/hard/libm.a(libm_a-sf_tanh.o)
 .data.two      0x0000000020000738        0x4 /home/bernhard/st/stm32cubeide_1.14.0/plugins/com.st.stm32cube.ide.mcu.externaltools.gnu-tools-for-stm32.11.3.rel1.linux64_1.1.100.202309141235/tools/bin/../lib/gcc/arm-none-eabi/11.3.1/../../../../arm-none-eabi/lib/thumb/v7e-m+fp/hard/libm.a(libm_a-sf_tanh.o)
 *(.RamFunc)
 *(.RamFunc*)
                0x000000002000073c                . = ALIGN (0x4)
                0x000000002000073c                _edata = .
                0x000000000800cc40                _siccmram = LOADADDR (.ccmram)

.igot.plt       0x000000002000073c        0x0 load address 0x000000000800cc40
 .igot.plt      0x000000002000073c        0x0 /home/bernhard/st/stm32cubeide_1.14.0/plugins/com.st.stm32cube.ide.mcu.externaltools.gnu-tools-for-stm32.11.3.rel1.linux64_1.1.100.202309141235/tools/bin/../lib/gcc/arm-none-eabi/11.3.1/thumb/v7e-m+fp/hard/crtbegin.o

.ccmram         0x0000000010000000        0x0 load address 0x000000000800cc40
                0x0000000010000000                . = ALIGN (0x4)
                0x0000000010000000                _sccmram = .
 *(.ccmram)
 *(.ccmram*)
                0x0000000010000000                . = ALIGN (0x4)
                0x0000000010000000                _eccmram = .
                0x0000000010000000                . = ALIGN (0x4)

.bss            0x000000002000073c      0xb2c
                0x000000002000073c                _sbss = .
                0x000000002000073c                __bss_start__ = _sbss
 *(.bss)
 .bss           0x000000002000073c       0x1c /home/bernhard/st/stm32cubeide_1.14.0/plugins/com.st.stm32cube.ide.mcu.externaltools.gnu-tools-for-stm32.11.3.rel1.linux64_1.1.100.202309141235/tools/bin/../lib/gcc/arm-none-eabi/11.3.1/thumb/v7e-m+fp/hard/crtbegin.o
 *(.bss*)
 .bss.hcrc      0x0000000020000758       0x24 ./Core/Src/main.o
                0x0000000020000758                hcrc
 .bss.huart2    0x000000002000077c       0x88 ./Core/Src/main.o
                0x000000002000077c                huart2
 .bss.network   0x0000000020000804        0x4 ./Core/Src/main.o
 .bss.activations
                0x0000000020000808      0x400 ./Core/Src/main.o
 .bss.in_data   0x0000000020000c08      0x478 ./Core/Src/main.o
 .bss.out_data  0x0000000020001080        0x8 ./Core/Src/main.o
 .bss.ai_input  0x0000000020001088        0x4 ./Core/Src/main.o
 .bss.ai_output
                0x000000002000108c        0x4 ./Core/Src/main.o
 .bss.__sbrk_heap_end
                0x0000000020001090        0x4 ./Core/Src/sysmem.o
 .bss.uwTick    0x0000000020001094        0x4 ./Drivers/STM32F3xx_HAL_Driver/Src/stm32f3xx_hal.o
                0x0000000020001094                uwTick
 .bss.g_network_activations_map
                0x0000000020001098        0x4 ./X-CUBE-AI/App/network.o
 .bss.g_network_weights_map
                0x000000002000109c        0x4 ./X-CUBE-AI/App/network.o
 .bss.__compound_literal.28
                0x00000000200010a0        0x4 ./X-CUBE-AI/App/network.o
 .bss.__compound_literal.29
                0x00000000200010a4        0x4 ./X-CUBE-AI/App/network.o
 .bss.__compound_literal.34
                0x00000000200010a8        0x4 ./X-CUBE-AI/App/network.o
 .bss.__compound_literal.38
                0x00000000200010ac        0x4 ./X-CUBE-AI/App/network.o
 .bss.__compound_literal.39
                0x00000000200010b0        0x4 ./X-CUBE-AI/App/network.o
 .bss.__compound_literal.51
                0x00000000200010b4       0x1c ./X-CUBE-AI/App/network.o
 .bss.__compound_literal.52
                0x00000000200010d0       0x10 ./X-CUBE-AI/App/network.o
 .bss.__compound_literal.53
                0x00000000200010e0        0x8 ./X-CUBE-AI/App/network.o
 .bss.__compound_literal.56
                0x00000000200010e8       0x1c ./X-CUBE-AI/App/network.o
 .bss.__compound_literal.57
                0x0000000020001104       0x10 ./X-CUBE-AI/App/network.o
 .bss.__compound_literal.58
                0x0000000020001114        0x8 ./X-CUBE-AI/App/network.o
 .bss.__malloc_free_list
                0x000000002000111c        0x4 /home/bernhard/st/stm32cubeide_1.14.0/plugins/com.st.stm32cube.ide.mcu.externaltools.gnu-tools-for-stm32.11.3.rel1.linux64_1.1.100.202309141235/tools/bin/../lib/gcc/arm-none-eabi/11.3.1/../../../../arm-none-eabi/lib/thumb/v7e-m+fp/hard/libc_nano.a(libc_a-mallocr.o)
                0x000000002000111c                __malloc_free_list
 .bss.__malloc_sbrk_start
                0x0000000020001120        0x4 /home/bernhard/st/stm32cubeide_1.14.0/plugins/com.st.stm32cube.ide.mcu.externaltools.gnu-tools-for-stm32.11.3.rel1.linux64_1.1.100.202309141235/tools/bin/../lib/gcc/arm-none-eabi/11.3.1/../../../../arm-none-eabi/lib/thumb/v7e-m+fp/hard/libc_nano.a(libc_a-mallocr.o)
                0x0000000020001120                __malloc_sbrk_start
 .bss.__sf      0x0000000020001124      0x138 /home/bernhard/st/stm32cubeide_1.14.0/plugins/com.st.stm32cube.ide.mcu.externaltools.gnu-tools-for-stm32.11.3.rel1.linux64_1.1.100.202309141235/tools/bin/../lib/gcc/arm-none-eabi/11.3.1/../../../../arm-none-eabi/lib/thumb/v7e-m+fp/hard/libc_nano.a(libc_a-findfp.o)
                0x0000000020001124                __sf
 .bss.__stdio_exit_handler
                0x000000002000125c        0x4 /home/bernhard/st/stm32cubeide_1.14.0/plugins/com.st.stm32cube.ide.mcu.externaltools.gnu-tools-for-stm32.11.3.rel1.linux64_1.1.100.202309141235/tools/bin/../lib/gcc/arm-none-eabi/11.3.1/../../../../arm-none-eabi/lib/thumb/v7e-m+fp/hard/libc_nano.a(libc_a-findfp.o)
                0x000000002000125c                __stdio_exit_handler
 .bss.errno     0x0000000020001260        0x4 /home/bernhard/st/stm32cubeide_1.14.0/plugins/com.st.stm32cube.ide.mcu.externaltools.gnu-tools-for-stm32.11.3.rel1.linux64_1.1.100.202309141235/tools/bin/../lib/gcc/arm-none-eabi/11.3.1/../../../../arm-none-eabi/lib/thumb/v7e-m+fp/hard/libc_nano.a(libc_a-reent.o)
                0x0000000020001260                errno
 .bss.__lock___malloc_recursive_mutex
                0x0000000020001264        0x1 /home/bernhard/st/stm32cubeide_1.14.0/plugins/com.st.stm32cube.ide.mcu.externaltools.gnu-tools-for-stm32.11.3.rel1.linux64_1.1.100.202309141235/tools/bin/../lib/gcc/arm-none-eabi/11.3.1/../../../../arm-none-eabi/lib/thumb/v7e-m+fp/hard/libc_nano.a(libc_a-lock.o)
                0x0000000020001264                __lock___malloc_recursive_mutex
 .bss.__lock___sfp_recursive_mutex
                0x0000000020001265        0x1 /home/bernhard/st/stm32cubeide_1.14.0/plugins/com.st.stm32cube.ide.mcu.externaltools.gnu-tools-for-stm32.11.3.rel1.linux64_1.1.100.202309141235/tools/bin/../lib/gcc/arm-none-eabi/11.3.1/../../../../arm-none-eabi/lib/thumb/v7e-m+fp/hard/libc_nano.a(libc_a-lock.o)
                0x0000000020001265                __lock___sfp_recursive_mutex
 *(COMMON)
                0x0000000020001268                . = ALIGN (0x4)
 *fill*         0x0000000020001266        0x2 
                0x0000000020001268                _ebss = .
                0x0000000020001268                __bss_end__ = _ebss

._user_heap_stack
                0x0000000020001268     0x1000
                0x0000000020001268                . = ALIGN (0x8)
                [!provide]                        PROVIDE (end = .)
                0x0000000020001268                PROVIDE (_end = .)
                0x0000000020001a68                . = (. + _Min_Heap_Size)
 *fill*         0x0000000020001268      0x800 
                0x0000000020002268                . = (. + _Min_Stack_Size)
 *fill*         0x0000000020001a68      0x800 
                0x0000000020002268                . = ALIGN (0x8)

/DISCARD/
 libc.a(*)
 libm.a(*)
 libgcc.a(*)

.ARM.attributes
                0x0000000000000000       0x30
 *(.ARM.attributes)
 .ARM.attributes
                0x0000000000000000       0x1e /home/bernhard/st/stm32cubeide_1.14.0/plugins/com.st.stm32cube.ide.mcu.externaltools.gnu-tools-for-stm32.11.3.rel1.linux64_1.1.100.202309141235/tools/bin/../lib/gcc/arm-none-eabi/11.3.1/thumb/v7e-m+fp/hard/crti.o
 .ARM.attributes
                0x000000000000001e       0x34 /home/bernhard/st/stm32cubeide_1.14.0/plugins/com.st.stm32cube.ide.mcu.externaltools.gnu-tools-for-stm32.11.3.rel1.linux64_1.1.100.202309141235/tools/bin/../lib/gcc/arm-none-eabi/11.3.1/thumb/v7e-m+fp/hard/crtbegin.o
 .ARM.attributes
                0x0000000000000052       0x34 ./Core/Src/main.o
 .ARM.attributes
                0x0000000000000086       0x34 ./Core/Src/stm32f3xx_hal_msp.o
 .ARM.attributes
                0x00000000000000ba       0x34 ./Core/Src/stm32f3xx_it.o
 .ARM.attributes
                0x00000000000000ee       0x34 ./Core/Src/sysmem.o
 .ARM.attributes
                0x0000000000000122       0x34 ./Core/Src/system_stm32f3xx.o
 .ARM.attributes
                0x0000000000000156       0x21 ./Core/Startup/startup_stm32f334r8tx.o
 .ARM.attributes
                0x0000000000000177       0x34 ./Drivers/STM32F3xx_HAL_Driver/Src/stm32f3xx_hal.o
 .ARM.attributes
                0x00000000000001ab       0x34 ./Drivers/STM32F3xx_HAL_Driver/Src/stm32f3xx_hal_cortex.o
 .ARM.attributes
                0x00000000000001df       0x34 ./Drivers/STM32F3xx_HAL_Driver/Src/stm32f3xx_hal_crc.o
 .ARM.attributes
                0x0000000000000213       0x34 ./Drivers/STM32F3xx_HAL_Driver/Src/stm32f3xx_hal_crc_ex.o
 .ARM.attributes
                0x0000000000000247       0x34 ./Drivers/STM32F3xx_HAL_Driver/Src/stm32f3xx_hal_gpio.o
 .ARM.attributes
                0x000000000000027b       0x34 ./Drivers/STM32F3xx_HAL_Driver/Src/stm32f3xx_hal_rcc.o
 .ARM.attributes
                0x00000000000002af       0x34 ./Drivers/STM32F3xx_HAL_Driver/Src/stm32f3xx_hal_uart.o
 .ARM.attributes
                0x00000000000002e3       0x34 ./X-CUBE-AI/App/network.o
 .ARM.attributes
                0x0000000000000317       0x34 ./X-CUBE-AI/App/network_data.o
 .ARM.attributes
                0x000000000000034b       0x34 ./X-CUBE-AI/App/network_data_params.o
 .ARM.attributes
                0x000000000000037f       0x30 ../Middlewares/ST/AI/Lib/NetworkRuntime810_CM4_GCC.a(ai_platform.o)
 .ARM.attributes
                0x00000000000003af       0x30 ../Middlewares/ST/AI/Lib/NetworkRuntime810_CM4_GCC.a(ai_platform_interface.o)
 .ARM.attributes
                0x00000000000003df       0x30 ../Middlewares/ST/AI/Lib/NetworkRuntime810_CM4_GCC.a(core_common.o)
 .ARM.attributes
                0x000000000000040f       0x30 ../Middlewares/ST/AI/Lib/NetworkRuntime810_CM4_GCC.a(layers.o)
 .ARM.attributes
                0x000000000000043f       0x30 ../Middlewares/ST/AI/Lib/NetworkRuntime810_CM4_GCC.a(layers_conv2d_generic_float.o)
 .ARM.attributes
                0x000000000000046f       0x30 ../Middlewares/ST/AI/Lib/NetworkRuntime810_CM4_GCC.a(layers_generic_float.o)
 .ARM.attributes
                0x000000000000049f       0x30 ../Middlewares/ST/AI/Lib/NetworkRuntime810_CM4_GCC.a(layers_nl_generic_float.o)
 .ARM.attributes
                0x00000000000004cf       0x30 ../Middlewares/ST/AI/Lib/NetworkRuntime810_CM4_GCC.a(layers_rnn_generic_float.o)
 .ARM.attributes
                0x00000000000004ff       0x30 ../Middlewares/ST/AI/Lib/NetworkRuntime810_CM4_GCC.a(lite_dense_if32.o)
 .ARM.attributes
                0x000000000000052f       0x30 ../Middlewares/ST/AI/Lib/NetworkRuntime810_CM4_GCC.a(st_int8_fill.o)
 .ARM.attributes
                0x000000000000055f       0x30 ../Middlewares/ST/AI/Lib/NetworkRuntime810_CM4_GCC.a(ai_datatypes_format.o)
 .ARM.attributes
                0x000000000000058f       0x30 ../Middlewares/ST/AI/Lib/NetworkRuntime810_CM4_GCC.a(ai_datatypes_internal.o)
 .ARM.attributes
                0x00000000000005bf       0x34 /home/bernhard/st/stm32cubeide_1.14.0/plugins/com.st.stm32cube.ide.mcu.externaltools.gnu-tools-for-stm32.11.3.rel1.linux64_1.1.100.202309141235/tools/bin/../lib/gcc/arm-none-eabi/11.3.1/../../../../arm-none-eabi/lib/thumb/v7e-m+fp/hard/libc_nano.a(libc_a-mallocr.o)
 .ARM.attributes
                0x00000000000005f3       0x34 /home/bernhard/st/stm32cubeide_1.14.0/plugins/com.st.stm32cube.ide.mcu.externaltools.gnu-tools-for-stm32.11.3.rel1.linux64_1.1.100.202309141235/tools/bin/../lib/gcc/arm-none-eabi/11.3.1/../../../../arm-none-eabi/lib/thumb/v7e-m+fp/hard/libc_nano.a(libc_a-mlock.o)
 .ARM.attributes
                0x0000000000000627       0x34 /home/bernhard/st/stm32cubeide_1.14.0/plugins/com.st.stm32cube.ide.mcu.externaltools.gnu-tools-for-stm32.11.3.rel1.linux64_1.1.100.202309141235/tools/bin/../lib/gcc/arm-none-eabi/11.3.1/../../../../arm-none-eabi/lib/thumb/v7e-m+fp/hard/libc_nano.a(libc_a-findfp.o)
 .ARM.attributes
                0x000000000000065b       0x34 /home/bernhard/st/stm32cubeide_1.14.0/plugins/com.st.stm32cube.ide.mcu.externaltools.gnu-tools-for-stm32.11.3.rel1.linux64_1.1.100.202309141235/tools/bin/../lib/gcc/arm-none-eabi/11.3.1/../../../../arm-none-eabi/lib/thumb/v7e-m+fp/hard/libc_nano.a(libc_a-fwalk.o)
 .ARM.attributes
                0x000000000000068f       0x34 /home/bernhard/st/stm32cubeide_1.14.0/plugins/com.st.stm32cube.ide.mcu.externaltools.gnu-tools-for-stm32.11.3.rel1.linux64_1.1.100.202309141235/tools/bin/../lib/gcc/arm-none-eabi/11.3.1/../../../../arm-none-eabi/lib/thumb/v7e-m+fp/hard/libc_nano.a(libc_a-printf.o)
 .ARM.attributes
                0x00000000000006c3       0x34 /home/bernhard/st/stm32cubeide_1.14.0/plugins/com.st.stm32cube.ide.mcu.externaltools.gnu-tools-for-stm32.11.3.rel1.linux64_1.1.100.202309141235/tools/bin/../lib/gcc/arm-none-eabi/11.3.1/../../../../arm-none-eabi/lib/thumb/v7e-m+fp/hard/libc_nano.a(libc_a-stdio.o)
 .ARM.attributes
                0x00000000000006f7       0x34 /home/bernhard/st/stm32cubeide_1.14.0/plugins/com.st.stm32cube.ide.mcu.externaltools.gnu-tools-for-stm32.11.3.rel1.linux64_1.1.100.202309141235/tools/bin/../lib/gcc/arm-none-eabi/11.3.1/../../../../arm-none-eabi/lib/thumb/v7e-m+fp/hard/libc_nano.a(libc_a-memset.o)
 .ARM.attributes
                0x000000000000072b       0x34 /home/bernhard/st/stm32cubeide_1.14.0/plugins/com.st.stm32cube.ide.mcu.externaltools.gnu-tools-for-stm32.11.3.rel1.linux64_1.1.100.202309141235/tools/bin/../lib/gcc/arm-none-eabi/11.3.1/../../../../arm-none-eabi/lib/thumb/v7e-m+fp/hard/libc_nano.a(libc_a-closer.o)
 .ARM.attributes
                0x000000000000075f       0x34 /home/bernhard/st/stm32cubeide_1.14.0/plugins/com.st.stm32cube.ide.mcu.externaltools.gnu-tools-for-stm32.11.3.rel1.linux64_1.1.100.202309141235/tools/bin/../lib/gcc/arm-none-eabi/11.3.1/../../../../arm-none-eabi/lib/thumb/v7e-m+fp/hard/libc_nano.a(libc_a-reent.o)
 .ARM.attributes
                0x0000000000000793       0x34 /home/bernhard/st/stm32cubeide_1.14.0/plugins/com.st.stm32cube.ide.mcu.externaltools.gnu-tools-for-stm32.11.3.rel1.linux64_1.1.100.202309141235/tools/bin/../lib/gcc/arm-none-eabi/11.3.1/../../../../arm-none-eabi/lib/thumb/v7e-m+fp/hard/libc_nano.a(libc_a-impure.o)
 .ARM.attributes
                0x00000000000007c7       0x34 /home/bernhard/st/stm32cubeide_1.14.0/plugins/com.st.stm32cube.ide.mcu.externaltools.gnu-tools-for-stm32.11.3.rel1.linux64_1.1.100.202309141235/tools/bin/../lib/gcc/arm-none-eabi/11.3.1/../../../../arm-none-eabi/lib/thumb/v7e-m+fp/hard/libc_nano.a(libc_a-lseekr.o)
 .ARM.attributes
                0x00000000000007fb       0x34 /home/bernhard/st/stm32cubeide_1.14.0/plugins/com.st.stm32cube.ide.mcu.externaltools.gnu-tools-for-stm32.11.3.rel1.linux64_1.1.100.202309141235/tools/bin/../lib/gcc/arm-none-eabi/11.3.1/../../../../arm-none-eabi/lib/thumb/v7e-m+fp/hard/libc_nano.a(libc_a-readr.o)
 .ARM.attributes
                0x000000000000082f       0x34 /home/bernhard/st/stm32cubeide_1.14.0/plugins/com.st.stm32cube.ide.mcu.externaltools.gnu-tools-for-stm32.11.3.rel1.linux64_1.1.100.202309141235/tools/bin/../lib/gcc/arm-none-eabi/11.3.1/../../../../arm-none-eabi/lib/thumb/v7e-m+fp/hard/libc_nano.a(libc_a-sbrkr.o)
 .ARM.attributes
                0x0000000000000863       0x34 /home/bernhard/st/stm32cubeide_1.14.0/plugins/com.st.stm32cube.ide.mcu.externaltools.gnu-tools-for-stm32.11.3.rel1.linux64_1.1.100.202309141235/tools/bin/../lib/gcc/arm-none-eabi/11.3.1/../../../../arm-none-eabi/lib/thumb/v7e-m+fp/hard/libc_nano.a(libc_a-writer.o)
 .ARM.attributes
                0x0000000000000897       0x34 /home/bernhard/st/stm32cubeide_1.14.0/plugins/com.st.stm32cube.ide.mcu.externaltools.gnu-tools-for-stm32.11.3.rel1.linux64_1.1.100.202309141235/tools/bin/../lib/gcc/arm-none-eabi/11.3.1/../../../../arm-none-eabi/lib/thumb/v7e-m+fp/hard/libc_nano.a(libc_a-errno.o)
 .ARM.attributes
                0x00000000000008cb       0x34 /home/bernhard/st/stm32cubeide_1.14.0/plugins/com.st.stm32cube.ide.mcu.externaltools.gnu-tools-for-stm32.11.3.rel1.linux64_1.1.100.202309141235/tools/bin/../lib/gcc/arm-none-eabi/11.3.1/../../../../arm-none-eabi/lib/thumb/v7e-m+fp/hard/libc_nano.a(libc_a-init.o)
 .ARM.attributes
                0x00000000000008ff       0x34 /home/bernhard/st/stm32cubeide_1.14.0/plugins/com.st.stm32cube.ide.mcu.externaltools.gnu-tools-for-stm32.11.3.rel1.linux64_1.1.100.202309141235/tools/bin/../lib/gcc/arm-none-eabi/11.3.1/../../../../arm-none-eabi/lib/thumb/v7e-m+fp/hard/libc_nano.a(libc_a-lock.o)
 .ARM.attributes
                0x0000000000000933       0x34 /home/bernhard/st/stm32cubeide_1.14.0/plugins/com.st.stm32cube.ide.mcu.externaltools.gnu-tools-for-stm32.11.3.rel1.linux64_1.1.100.202309141235/tools/bin/../lib/gcc/arm-none-eabi/11.3.1/../../../../arm-none-eabi/lib/thumb/v7e-m+fp/hard/libc_nano.a(libc_a-freer.o)
 .ARM.attributes
                0x0000000000000967       0x34 /home/bernhard/st/stm32cubeide_1.14.0/plugins/com.st.stm32cube.ide.mcu.externaltools.gnu-tools-for-stm32.11.3.rel1.linux64_1.1.100.202309141235/tools/bin/../lib/gcc/arm-none-eabi/11.3.1/../../../../arm-none-eabi/lib/thumb/v7e-m+fp/hard/libc_nano.a(libc_a-nano-vfprintf.o)
 .ARM.attributes
                0x000000000000099b       0x34 /home/bernhard/st/stm32cubeide_1.14.0/plugins/com.st.stm32cube.ide.mcu.externaltools.gnu-tools-for-stm32.11.3.rel1.linux64_1.1.100.202309141235/tools/bin/../lib/gcc/arm-none-eabi/11.3.1/../../../../arm-none-eabi/lib/thumb/v7e-m+fp/hard/libc_nano.a(libc_a-nano-vfprintf_i.o)
 .ARM.attributes
                0x00000000000009cf       0x34 /home/bernhard/st/stm32cubeide_1.14.0/plugins/com.st.stm32cube.ide.mcu.externaltools.gnu-tools-for-stm32.11.3.rel1.linux64_1.1.100.202309141235/tools/bin/../lib/gcc/arm-none-eabi/11.3.1/../../../../arm-none-eabi/lib/thumb/v7e-m+fp/hard/libc_nano.a(libc_a-fflush.o)
 .ARM.attributes
                0x0000000000000a03       0x34 /home/bernhard/st/stm32cubeide_1.14.0/plugins/com.st.stm32cube.ide.mcu.externaltools.gnu-tools-for-stm32.11.3.rel1.linux64_1.1.100.202309141235/tools/bin/../lib/gcc/arm-none-eabi/11.3.1/../../../../arm-none-eabi/lib/thumb/v7e-m+fp/hard/libc_nano.a(libc_a-wbuf.o)
 .ARM.attributes
                0x0000000000000a37       0x34 /home/bernhard/st/stm32cubeide_1.14.0/plugins/com.st.stm32cube.ide.mcu.externaltools.gnu-tools-for-stm32.11.3.rel1.linux64_1.1.100.202309141235/tools/bin/../lib/gcc/arm-none-eabi/11.3.1/../../../../arm-none-eabi/lib/thumb/v7e-m+fp/hard/libc_nano.a(libc_a-wsetup.o)
 .ARM.attributes
                0x0000000000000a6b       0x1c /home/bernhard/st/stm32cubeide_1.14.0/plugins/com.st.stm32cube.ide.mcu.externaltools.gnu-tools-for-stm32.11.3.rel1.linux64_1.1.100.202309141235/tools/bin/../lib/gcc/arm-none-eabi/11.3.1/../../../../arm-none-eabi/lib/thumb/v7e-m+fp/hard/libc_nano.a(libc_a-memchr.o)
 .ARM.attributes
                0x0000000000000a87       0x34 /home/bernhard/st/stm32cubeide_1.14.0/plugins/com.st.stm32cube.ide.mcu.externaltools.gnu-tools-for-stm32.11.3.rel1.linux64_1.1.100.202309141235/tools/bin/../lib/gcc/arm-none-eabi/11.3.1/../../../../arm-none-eabi/lib/thumb/v7e-m+fp/hard/libc_nano.a(libc_a-makebuf.o)
 .ARM.attributes
                0x0000000000000abb       0x34 /home/bernhard/st/stm32cubeide_1.14.0/plugins/com.st.stm32cube.ide.mcu.externaltools.gnu-tools-for-stm32.11.3.rel1.linux64_1.1.100.202309141235/tools/bin/../lib/gcc/arm-none-eabi/11.3.1/../../../../arm-none-eabi/lib/thumb/v7e-m+fp/hard/libc_nano.a(libc_a-fstatr.o)
 .ARM.attributes
                0x0000000000000aef       0x34 /home/bernhard/st/stm32cubeide_1.14.0/plugins/com.st.stm32cube.ide.mcu.externaltools.gnu-tools-for-stm32.11.3.rel1.linux64_1.1.100.202309141235/tools/bin/../lib/gcc/arm-none-eabi/11.3.1/../../../../arm-none-eabi/lib/thumb/v7e-m+fp/hard/libc_nano.a(libc_a-isattyr.o)
 .ARM.attributes
                0x0000000000000b23       0x34 /home/bernhard/st/stm32cubeide_1.14.0/plugins/com.st.stm32cube.ide.mcu.externaltools.gnu-tools-for-stm32.11.3.rel1.linux64_1.1.100.202309141235/tools/bin/../lib/gcc/arm-none-eabi/11.3.1/../../../../arm-none-eabi/lib/thumb/v7e-m+fp/hard/libm.a(libm_a-wf_exp.o)
 .ARM.attributes
                0x0000000000000b57       0x34 /home/bernhard/st/stm32cubeide_1.14.0/plugins/com.st.stm32cube.ide.mcu.externaltools.gnu-tools-for-stm32.11.3.rel1.linux64_1.1.100.202309141235/tools/bin/../lib/gcc/arm-none-eabi/11.3.1/../../../../arm-none-eabi/lib/thumb/v7e-m+fp/hard/libm.a(libm_a-sf_fabs.o)
 .ARM.attributes
                0x0000000000000b8b       0x34 /home/bernhard/st/stm32cubeide_1.14.0/plugins/com.st.stm32cube.ide.mcu.externaltools.gnu-tools-for-stm32.11.3.rel1.linux64_1.1.100.202309141235/tools/bin/../lib/gcc/arm-none-eabi/11.3.1/../../../../arm-none-eabi/lib/thumb/v7e-m+fp/hard/libm.a(libm_a-sf_tanh.o)
 .ARM.attributes
                0x0000000000000bbf       0x34 /home/bernhard/st/stm32cubeide_1.14.0/plugins/com.st.stm32cube.ide.mcu.externaltools.gnu-tools-for-stm32.11.3.rel1.linux64_1.1.100.202309141235/tools/bin/../lib/gcc/arm-none-eabi/11.3.1/../../../../arm-none-eabi/lib/thumb/v7e-m+fp/hard/libm.a(libm_a-sf_finite.o)
 .ARM.attributes
                0x0000000000000bf3       0x34 /home/bernhard/st/stm32cubeide_1.14.0/plugins/com.st.stm32cube.ide.mcu.externaltools.gnu-tools-for-stm32.11.3.rel1.linux64_1.1.100.202309141235/tools/bin/../lib/gcc/arm-none-eabi/11.3.1/../../../../arm-none-eabi/lib/thumb/v7e-m+fp/hard/libm.a(libm_a-sf_expm1.o)
 .ARM.attributes
                0x0000000000000c27       0x34 /home/bernhard/st/stm32cubeide_1.14.0/plugins/com.st.stm32cube.ide.mcu.externaltools.gnu-tools-for-stm32.11.3.rel1.linux64_1.1.100.202309141235/tools/bin/../lib/gcc/arm-none-eabi/11.3.1/../../../../arm-none-eabi/lib/thumb/v7e-m+fp/hard/libm.a(libm_a-math_errf.o)
 .ARM.attributes
                0x0000000000000c5b       0x34 /home/bernhard/st/stm32cubeide_1.14.0/plugins/com.st.stm32cube.ide.mcu.externaltools.gnu-tools-for-stm32.11.3.rel1.linux64_1.1.100.202309141235/tools/bin/../lib/gcc/arm-none-eabi/11.3.1/../../../../arm-none-eabi/lib/thumb/v7e-m+fp/hard/libm.a(libm_a-ef_exp.o)
 .ARM.attributes
                0x0000000000000c8f       0x34 /home/bernhard/st/stm32cubeide_1.14.0/plugins/com.st.stm32cube.ide.mcu.externaltools.gnu-tools-for-stm32.11.3.rel1.linux64_1.1.100.202309141235/tools/bin/../lib/gcc/arm-none-eabi/11.3.1/../../../../arm-none-eabi/lib/thumb/v7e-m+fp/hard/libnosys.a(close.o)
 .ARM.attributes
                0x0000000000000cc3       0x34 /home/bernhard/st/stm32cubeide_1.14.0/plugins/com.st.stm32cube.ide.mcu.externaltools.gnu-tools-for-stm32.11.3.rel1.linux64_1.1.100.202309141235/tools/bin/../lib/gcc/arm-none-eabi/11.3.1/../../../../arm-none-eabi/lib/thumb/v7e-m+fp/hard/libnosys.a(fstat.o)
 .ARM.attributes